Archive member included to satisfy reference by file (symbol)

/opt/gcc-arm-none-eabi-9-2020-q2-update/bin/../lib/gcc/arm-none-eabi/9.3.1/../../../../arm-none-eabi/lib/thumb/v7e-m+fp/hard/libc.a(lib_a-abs.o)
                              _build/kobukiActuator.o (abs)
/opt/gcc-arm-none-eabi-9-2020-q2-update/bin/../lib/gcc/arm-none-eabi/9.3.1/../../../../arm-none-eabi/lib/thumb/v7e-m+fp/hard/libc.a(lib_a-ctype_.o)
                              _build/nrf_log_str_formatter.o (_ctype_)
/opt/gcc-arm-none-eabi-9-2020-q2-update/bin/../lib/gcc/arm-none-eabi/9.3.1/../../../../arm-none-eabi/lib/thumb/v7e-m+fp/hard/libc.a(lib_a-exit.o)
                              /opt/gcc-arm-none-eabi-9-2020-q2-update/bin/../lib/gcc/arm-none-eabi/9.3.1/../../../../arm-none-eabi/lib/thumb/v7e-m+fp/hard/crt0.o (exit)
/opt/gcc-arm-none-eabi-9-2020-q2-update/bin/../lib/gcc/arm-none-eabi/9.3.1/../../../../arm-none-eabi/lib/thumb/v7e-m+fp/hard/libc.a(lib_a-impure.o)
                              /opt/gcc-arm-none-eabi-9-2020-q2-update/bin/../lib/gcc/arm-none-eabi/9.3.1/../../../../arm-none-eabi/lib/thumb/v7e-m+fp/hard/libc.a(lib_a-exit.o) (_global_impure_ptr)
/opt/gcc-arm-none-eabi-9-2020-q2-update/bin/../lib/gcc/arm-none-eabi/9.3.1/../../../../arm-none-eabi/lib/thumb/v7e-m+fp/hard/libc.a(lib_a-init.o)
                              /opt/gcc-arm-none-eabi-9-2020-q2-update/bin/../lib/gcc/arm-none-eabi/9.3.1/../../../../arm-none-eabi/lib/thumb/v7e-m+fp/hard/crt0.o (__libc_init_array)
/opt/gcc-arm-none-eabi-9-2020-q2-update/bin/../lib/gcc/arm-none-eabi/9.3.1/../../../../arm-none-eabi/lib/thumb/v7e-m+fp/hard/libc.a(lib_a-memcmp.o)
                              _build/id_manager.o (memcmp)
/opt/gcc-arm-none-eabi-9-2020-q2-update/bin/../lib/gcc/arm-none-eabi/9.3.1/../../../../arm-none-eabi/lib/thumb/v7e-m+fp/hard/libc.a(lib_a-memcpy.o)
                              _build/ble_lesc.o (memcpy)
/opt/gcc-arm-none-eabi-9-2020-q2-update/bin/../lib/gcc/arm-none-eabi/9.3.1/../../../../arm-none-eabi/lib/thumb/v7e-m+fp/hard/libc.a(lib_a-memset.o)
                              /opt/gcc-arm-none-eabi-9-2020-q2-update/bin/../lib/gcc/arm-none-eabi/9.3.1/../../../../arm-none-eabi/lib/thumb/v7e-m+fp/hard/crt0.o (memset)
/opt/gcc-arm-none-eabi-9-2020-q2-update/bin/../lib/gcc/arm-none-eabi/9.3.1/../../../../arm-none-eabi/lib/thumb/v7e-m+fp/hard/libc.a(lib_a-printf.o)
                              _build/main.o (printf)
/opt/gcc-arm-none-eabi-9-2020-q2-update/bin/../lib/gcc/arm-none-eabi/9.3.1/../../../../arm-none-eabi/lib/thumb/v7e-m+fp/hard/libc.a(lib_a-setbuf.o)
                              _build/before_startup.o (setbuf)
/opt/gcc-arm-none-eabi-9-2020-q2-update/bin/../lib/gcc/arm-none-eabi/9.3.1/../../../../arm-none-eabi/lib/thumb/v7e-m+fp/hard/libc.a(lib_a-setvbuf.o)
                              /opt/gcc-arm-none-eabi-9-2020-q2-update/bin/../lib/gcc/arm-none-eabi/9.3.1/../../../../arm-none-eabi/lib/thumb/v7e-m+fp/hard/libc.a(lib_a-setbuf.o) (setvbuf)
/opt/gcc-arm-none-eabi-9-2020-q2-update/bin/../lib/gcc/arm-none-eabi/9.3.1/../../../../arm-none-eabi/lib/thumb/v7e-m+fp/hard/libc.a(lib_a-strcpy.o)
                              _build/SEGGER_RTT.o (strcpy)
/opt/gcc-arm-none-eabi-9-2020-q2-update/bin/../lib/gcc/arm-none-eabi/9.3.1/../../../../arm-none-eabi/lib/thumb/v7e-m+fp/hard/libc.a(lib_a-strlen.o)
                              _build/display.o (strlen)
/opt/gcc-arm-none-eabi-9-2020-q2-update/bin/../lib/gcc/arm-none-eabi/9.3.1/../../../../arm-none-eabi/lib/thumb/v7e-m+fp/hard/libc.a(lib_a-vfprintf.o)
                              /opt/gcc-arm-none-eabi-9-2020-q2-update/bin/../lib/gcc/arm-none-eabi/9.3.1/../../../../arm-none-eabi/lib/thumb/v7e-m+fp/hard/libc.a(lib_a-printf.o) (_vfprintf_r)
/opt/gcc-arm-none-eabi-9-2020-q2-update/bin/../lib/gcc/arm-none-eabi/9.3.1/../../../../arm-none-eabi/lib/thumb/v7e-m+fp/hard/libc.a(lib_a-vsnprintf.o)
                              _build/simple_logger.o (vsnprintf)
/opt/gcc-arm-none-eabi-9-2020-q2-update/bin/../lib/gcc/arm-none-eabi/9.3.1/../../../../arm-none-eabi/lib/thumb/v7e-m+fp/hard/libc.a(lib_a-wsetup.o)
                              /opt/gcc-arm-none-eabi-9-2020-q2-update/bin/../lib/gcc/arm-none-eabi/9.3.1/../../../../arm-none-eabi/lib/thumb/v7e-m+fp/hard/libc.a(lib_a-vfprintf.o) (__swsetup_r)
/opt/gcc-arm-none-eabi-9-2020-q2-update/bin/../lib/gcc/arm-none-eabi/9.3.1/../../../../arm-none-eabi/lib/thumb/v7e-m+fp/hard/libc.a(lib_a-__call_atexit.o)
                              /opt/gcc-arm-none-eabi-9-2020-q2-update/bin/../lib/gcc/arm-none-eabi/9.3.1/../../../../arm-none-eabi/lib/thumb/v7e-m+fp/hard/libc.a(lib_a-exit.o) (__call_exitprocs)
/opt/gcc-arm-none-eabi-9-2020-q2-update/bin/../lib/gcc/arm-none-eabi/9.3.1/../../../../arm-none-eabi/lib/thumb/v7e-m+fp/hard/libc.a(lib_a-atexit.o)
                              /opt/gcc-arm-none-eabi-9-2020-q2-update/bin/../lib/gcc/arm-none-eabi/9.3.1/../../../../arm-none-eabi/lib/thumb/v7e-m+fp/hard/libc.a(lib_a-__call_atexit.o) (atexit)
[...]
Memory Configuration

Name             Origin             Length             Attributes
FLASH            0x0000000000026000 0x0000000000059000 xr
RAM              0x00000000200098a8 0x0000000000006758 xrw
bootloader_settings_page 0x000000000007f000 0x0000000000001000 r
uicr_bootloader_start_address 0x0000000010001014 0x0000000000000004 r
*default*        0x0000000000000000 0xffffffffffffffff

Linker script and memory map


.text           0x0000000000026000    0x11328
 *(.isr_vector)
 .isr_vector    0x0000000000026000      0x200 _build/gcc_startup_nrf52.os
                0x0000000000026000                __isr_vector
 *(.text*)
 .text          0x0000000000026200       0x40 /opt/gcc-arm-none-eabi-9-2020-q2-update/bin/../lib/gcc/arm-none-eabi/9.3.1/thumb/v7e-m+fp/hard/crtbegin.o
 .text          0x0000000000026240       0x7c /opt/gcc-arm-none-eabi-9-2020-q2-update/bin/../lib/gcc/arm-none-eabi/9.3.1/../../../../arm-none-eabi/lib/thumb/v7e-m+fp/hard/crt0.o
                0x0000000000026240                _stack_init
                0x0000000000026248                _mainCRTStartup
                0x0000000000026248                _start
 .text.ble_evt_write
                0x00000000000262bc       0x4c _build/main.o
                0x00000000000262bc                ble_evt_write
 .text.startup.main
                0x0000000000026308       0x60 _build/main.o
                0x0000000000026308                main
 .text.ble_evt_handler
                0x0000000000026368       0xc4 _build/ble_lesc.o
 .text.nrf_delay_ms.part.0
                0x000000000002642c       0x1c _build/better_error_handling.o
 .text.app_error_fault_handler
                0x0000000000026448      0x12c _build/better_error_handling.o
                0x0000000000026448                app_error_fault_handler
 .text.HardFault_process
                0x0000000000026574       0x9a _build/better_error_handling.o
                0x0000000000026574                HardFault_process
 .text.sd_ble_gap_addr_set
                0x000000000002660e        0x4 _build/galaxy_ble.o
 .text.sd_ble_gap_adv_set_configure
                0x0000000000026612        0x4 _build/galaxy_ble.o
 .text.sd_ble_gap_adv_stop
                0x0000000000026616        0x4 _build/galaxy_ble.o
 .text.sd_ble_gap_disconnect
                0x000000000002661a        0x4 _build/galaxy_ble.o
 .text.sd_ble_gap_appearance_set
                0x000000000002661e        0x4 _build/galaxy_ble.o
 .text.sd_ble_gap_ppcp_set
                0x0000000000026622        0x4 _build/galaxy_ble.o
 .text.sd_ble_gap_device_name_set
                0x0000000000026626        0x4 _build/galaxy_ble.o
 .text.sd_ble_gap_sec_params_reply
                0x000000000002662a        0x4 _build/galaxy_ble.o
 .text.sd_ble_gap_sec_info_reply
                0x000000000002662e        0x4 _build/galaxy_ble.o
 .text.sd_ble_gap_scan_start
                0x0000000000026632        0x4 _build/galaxy_ble.o
 .text.sd_ble_gap_phy_update
                0x0000000000026636        0x4 _build/galaxy_ble.o
 .text.sd_ble_gatts_service_add
                0x000000000002663a        0x4 _build/galaxy_ble.o
 .text.sd_ble_gatts_characteristic_add
                0x000000000002663e        0x4 _build/galaxy_ble.o
 .text.sd_ble_gatts_sys_attr_set
                0x0000000000026642        0x4 _build/galaxy_ble.o
 .text.sd_ble_uuid_vs_add
                0x0000000000026646        0x4 _build/galaxy_ble.o
 .text.sd_power_system_off
                0x000000000002664a        0x4 _build/galaxy_ble.o
 .text.sd_app_evt_wait
                0x000000000002664e        0x4 _build/galaxy_ble.o
 .text.on_adv_evt
                0x0000000000026652        0x2 _build/galaxy_ble.o
 .text.on_ble_evt
                0x0000000000026654      0x234 _build/galaxy_ble.o
 .text.conn_params_error_handler
                0x0000000000026888       0x10 _build/galaxy_ble.o
 .text.on_conn_params_evt
                0x0000000000026898       0x24 _build/galaxy_ble.o
 .text.qwr_error_handler
                0x00000000000268bc       0x10 _build/galaxy_ble.o
 .text.assert_nrf_callback
                0x00000000000268cc       0x24 _build/galaxy_ble.o
                0x00000000000268cc                assert_nrf_callback
 .text.ble_address_set
                0x00000000000268f0       0x6c _build/galaxy_ble.o
                0x00000000000268f0                ble_address_set
 .text.ble_stack_init
                0x000000000002695c       0x4c _build/galaxy_ble.o
                0x000000000002695c                ble_stack_init
 .text.gap_params_init
                0x00000000000269a8       0x80 _build/galaxy_ble.o
                0x00000000000269a8                gap_params_init
 .text.advertising_init
                0x0000000000026a28       0x6c _build/galaxy_ble.o
                0x0000000000026a28                advertising_init
 .text.conn_params_init
                0x0000000000026a94       0x58 _build/galaxy_ble.o
                0x0000000000026a94                conn_params_init
 .text.services_init
                0x0000000000026aec       0x2c _build/galaxy_ble.o
                0x0000000000026aec                services_init
 .text.initialize_app_timer
                0x0000000000026b18       0x18 _build/galaxy_ble.o
                0x0000000000026b18                initialize_app_timer
 .text.advertising_start
                0x0000000000026b30       0x24 _build/galaxy_ble.o
                0x0000000000026b30                advertising_start
 .text.advertising_stop
                0x0000000000026b54       0x28 _build/galaxy_ble.o
                0x0000000000026b54                advertising_stop
 .text.power_manage
                0x0000000000026b7c       0x18 _build/galaxy_ble.o
                0x0000000000026b7c                power_manage
 .text.galaxy_ble_init
                0x0000000000026b94       0x90 _build/galaxy_ble.o
                0x0000000000026b94                galaxy_ble_init
 .text.galaxy_ble_add_service
                0x0000000000026c24       0x48 _build/galaxy_ble.o
                0x0000000000026c24                galaxy_ble_add_service
 .text.galaxy_ble_add_characteristic
                0x0000000000026c6c      0x118 _build/galaxy_ble.o
                0x0000000000026c6c                galaxy_ble_add_characteristic
 .text.galaxy_ble_is_char_event
                0x0000000000026d84        0xc _build/galaxy_ble.o
                0x0000000000026d84                galaxy_ble_is_char_event
 .text.galaxy_ble_set_adv
                0x0000000000026d90       0x90 _build/galaxy_ble.o
                0x0000000000026d90                galaxy_ble_set_adv
 .text.galaxy_ble_adv_certificate
                0x0000000000026e20       0x44 _build/galaxy_ble.o
                0x0000000000026e20                galaxy_ble_adv_certificate
 .text.nrf_crypto_internal_ecc_key_output_prepare
                0x0000000000026e64       0x1a _build/nrf_crypto_ecc.o
                0x0000000000026e64                nrf_crypto_internal_ecc_key_output_prepare
 *fill*         0x0000000000026e7e        0x2 
 .text.nrf_crypto_ecc_public_key_from_raw
                0x0000000000026e80       0x48 _build/nrf_crypto_ecc.o
                0x0000000000026e80                nrf_crypto_ecc_public_key_from_raw
 .text.nrf_crypto_ecc_byte_order_invert
                0x0000000000026ec8       0x46 _build/nrf_crypto_ecc.o
                0x0000000000026ec8                nrf_crypto_ecc_byte_order_invert
 *fill*         0x0000000000026f0e        0x2 
 .text.nrf_crypto_is_initializing
                0x0000000000026f10       0x1c _build/nrf_crypto_init.o
                0x0000000000026f10                nrf_crypto_is_initializing
 .text.nrf_atflags_set
                0x0000000000026f2c       0x12 _build/nrf_atflags.o
                0x0000000000026f2c                nrf_atflags_set
 .text.nrf_atflags_fetch_set
                0x0000000000026f3e       0x1c _build/nrf_atflags.o
                0x0000000000026f3e                nrf_atflags_fetch_set
 .text.nrf_atflags_clear
                0x0000000000026f5a       0x14 _build/nrf_atflags.o
                0x0000000000026f5a                nrf_atflags_clear
 .text.nrf_atflags_get
                0x0000000000026f6e       0x12 _build/nrf_atflags.o
                0x0000000000026f6e                nrf_atflags_get
 .text.nrf_atflags_find_and_set_flag
                0x0000000000026f80       0x5a _build/nrf_atflags.o
                0x0000000000026f80                nrf_atflags_find_and_set_flag
 .text.sd_ble_gap_authenticate
                0x0000000000026fda        0x4 _build/security_dispatcher.o
 .text.sd_ble_gap_sec_params_reply
                0x0000000000026fde        0x4 _build/security_dispatcher.o
 .text.sd_ble_gap_encrypt
                0x0000000000026fe2        0x4 _build/security_dispatcher.o
 .text.sd_ble_gap_sec_info_reply
                0x0000000000026fe6        0x4 _build/security_dispatcher.o
 .text.evt_send
                0x0000000000026fea       0x16 _build/security_dispatcher.o
 .text.send_config_req
                0x0000000000027000       0x24 _build/security_dispatcher.o
 .text.send_unexpected_error
                0x0000000000027024       0x28 _build/security_dispatcher.o
 .text.conn_sec_failure
                0x000000000002704c       0x48 _build/security_dispatcher.o
 .text.pairing_success_evt_send
                0x0000000000027094       0x2e _build/security_dispatcher.o
 *fill*         0x00000000000270c2        0x2 
 .text.sec_proc_start
                0x00000000000270c4       0x64 _build/security_dispatcher.o
 .text.link_secure_failure.part.0
                0x0000000000027128       0x64 _build/security_dispatcher.o
 .text.smd_params_reply
                0x000000000002718c      0x104 _build/security_dispatcher.o
                0x000000000002718c                smd_params_reply
 .text.smd_link_secure
                0x0000000000027290       0xd8 _build/security_dispatcher.o
                0x0000000000027290                smd_link_secure
 .text.smd_ble_evt_handler
                0x0000000000027368      0x2fc _build/security_dispatcher.o
                0x0000000000027368                smd_ble_evt_handler
 .text.write_buffer_record_find_next
                0x0000000000027664       0x28 _build/peer_database.o
 .text.write_buffer_record_find
                0x000000000002768c       0x32 _build/peer_database.o
 .text.pdb_evt_send
                0x00000000000276be       0x1e _build/peer_database.o
 .text.write_buffer_record_release
                0x00000000000276dc       0x40 _build/peer_database.o
 .text.write_buf_store
                0x000000000002771c       0xb4 _build/peer_database.o
                0x000000000002771c                write_buf_store
 .text.pdb_pds_evt_handler
                0x00000000000277d0      0x100 _build/peer_database.o
                0x00000000000277d0                pdb_pds_evt_handler
 .text.pdb_peer_data_ptr_get
                0x00000000000278d0        0x6 _build/peer_database.o
                0x00000000000278d0                pdb_peer_data_ptr_get
 *fill*         0x00000000000278d6        0x2 
 .text.pdb_write_buf_get
                0x00000000000278d8       0xc0 _build/peer_database.o
                0x00000000000278d8                pdb_write_buf_get
 .text.pdb_write_buf_release
                0x0000000000027998       0x14 _build/peer_database.o
                0x0000000000027998                pdb_write_buf_release
 .text.pdb_peer_free
                0x00000000000279ac       0x3e _build/peer_database.o
                0x00000000000279ac                pdb_peer_free
 .text.pdb_write_buf_store
                0x00000000000279ea       0x36 _build/peer_database.o
                0x00000000000279ea                pdb_write_buf_store
 .text.sd_ble_gattc_char_value_by_uuid_read
                0x0000000000027a20        0x4 _build/gatt_cache_manager.o
 .text.sd_ble_gattc_read
                0x0000000000027a24        0x4 _build/gatt_cache_manager.o
 .text.sd_ble_gatts_value_get
                0x0000000000027a28        0x4 _build/gatt_cache_manager.o
 .text.sd_ble_gatts_initial_user_handle_get
                0x0000000000027a2c        0x4 _build/gatt_cache_manager.o
 .text.evt_send
                0x0000000000027a30       0x16 _build/gatt_cache_manager.o
 .text.send_unexpected_error
                0x0000000000027a46       0x28 _build/gatt_cache_manager.o
 *fill*         0x0000000000027a6e        0x2 
 .text.local_db_apply_in_evt
                0x0000000000027a70       0x6c _build/gatt_cache_manager.o
 .text.apply_pending_handle
                0x0000000000027adc        0x4 _build/gatt_cache_manager.o
 .text.service_changed_pending_flags_check
                0x0000000000027ae0       0x14 _build/gatt_cache_manager.o
 .text.sc_send_pending_handle
                0x0000000000027af4      0x11c _build/gatt_cache_manager.o
 .text.car_update_needed
                0x0000000000027c10       0x2c _build/gatt_cache_manager.o
 .text.update_pending_flags_check
                0x0000000000027c3c       0x34 _build/gatt_cache_manager.o
 .text.car_update_pending_handle
                0x0000000000027c70       0x48 _build/gatt_cache_manager.o
 .text.db_update_pending_handle
                0x0000000000027cb8       0x98 _build/gatt_cache_manager.o
 .text.gcm_im_evt_handler
                0x0000000000027d50       0x38 _build/gatt_cache_manager.o
                0x0000000000027d50                gcm_im_evt_handler
 .text.gcm_pdb_evt_handler
                0x0000000000027d88       0xa4 _build/gatt_cache_manager.o
                0x0000000000027d88                gcm_pdb_evt_handler
 .text.store_car_value
                0x0000000000027e2c       0x50 _build/gatt_cache_manager.o
                0x0000000000027e2c                store_car_value
 .text.gcm_ble_evt_handler
                0x0000000000027e7c      0x130 _build/gatt_cache_manager.o
                0x0000000000027e7c                gcm_ble_evt_handler
 .text.peer_data_id_is_valid
                0x0000000000027fac       0x10 _build/peer_data_storage.o
 .text.pds_evt_send
                0x0000000000027fbc        0xa _build/peer_data_storage.o
 .text.peer_data_find
                0x0000000000027fc6       0x30 _build/peer_data_storage.o
 *fill*         0x0000000000027ff6        0x2 
 .text.peer_data_delete_process
                0x0000000000027ff8       0x8c _build/peer_data_storage.o
 .text.pds_peer_data_read
                0x0000000000028084       0x6c _build/peer_data_storage.o
                0x0000000000028084                pds_peer_data_read
 .text.pds_peer_data_iterate_prepare
                0x00000000000280f0       0x10 _build/peer_data_storage.o
                0x00000000000280f0                pds_peer_data_iterate_prepare
 .text.pds_peer_data_iterate
                0x0000000000028100       0x5c _build/peer_data_storage.o
                0x0000000000028100                pds_peer_data_iterate
 .text.pds_peer_data_store
                0x000000000002815c       0x84 _build/peer_data_storage.o
                0x000000000002815c                pds_peer_data_store
 .text.pds_peer_id_allocate
                0x00000000000281e0        0x8 _build/peer_data_storage.o
                0x00000000000281e0                pds_peer_id_allocate
 .text.pds_peer_id_free
                0x00000000000281e8       0x16 _build/peer_data_storage.o
                0x00000000000281e8                pds_peer_id_free
 .text.pds_peer_id_is_allocated
                0x00000000000281fe        0x4 _build/peer_data_storage.o
                0x00000000000281fe                pds_peer_id_is_allocated
 .text.pds_next_peer_id_get
                0x0000000000028202        0x4 _build/peer_data_storage.o
                0x0000000000028202                pds_next_peer_id_get
 .text.pds_next_deleted_peer_id_get
                0x0000000000028206        0x4 _build/peer_data_storage.o
                0x0000000000028206                pds_next_deleted_peer_id_get
 .text.events_send_from_err_code.part.0
                0x000000000002820a       0x6a _build/security_manager.o
 .text.params_req_send
                0x0000000000028274       0x28 _build/security_manager.o
 .text.link_secure
                0x000000000002829c      0x110 _build/security_manager.o
 .text.link_secure_pending_handle
                0x00000000000283ac       0x34 _build/security_manager.o
 .text.smd_params_reply_perform
                0x00000000000283e0       0x80 _build/security_manager.o
 .text.params_reply_pending_handle
                0x0000000000028460        0x6 _build/security_manager.o
 *fill*         0x0000000000028466        0x2 
 .text.sm_smd_evt_handler
                0x0000000000028468       0x60 _build/security_manager.o
                0x0000000000028468                sm_smd_evt_handler
 .text.sm_pdb_evt_handler
                0x00000000000284c8       0x40 _build/security_manager.o
                0x00000000000284c8                sm_pdb_evt_handler
 .text.sm_ble_evt_handler
                0x0000000000028508       0x34 _build/security_manager.o
                0x0000000000028508                sm_ble_evt_handler
 .text.evt_send
                0x000000000002853c       0x28 _build/peer_manager.o
 .text.ble_evt_handler
                0x0000000000028564       0x24 _build/peer_manager.o
 .text.pm_sm_evt_handler
                0x0000000000028588        0x8 _build/peer_manager.o
                0x0000000000028588                pm_sm_evt_handler
 .text.pm_gcm_evt_handler
                0x0000000000028590        0x4 _build/peer_manager.o
                0x0000000000028590                pm_gcm_evt_handler
 .text.pm_gscm_evt_handler
                0x0000000000028594        0x4 _build/peer_manager.o
                0x0000000000028594                pm_gscm_evt_handler
 .text.pm_im_evt_handler
                0x0000000000028598        0x4 _build/peer_manager.o
                0x0000000000028598                pm_im_evt_handler
 .text.pm_peer_ranks_get
                0x000000000002859c       0xc8 _build/peer_manager.o
                0x000000000002859c                pm_peer_ranks_get
 .text.rank_vars_update
                0x0000000000028664       0x2c _build/peer_manager.o
 .text.pm_pdb_evt_handler
                0x0000000000028690      0x138 _build/peer_manager.o
                0x0000000000028690                pm_pdb_evt_handler
 .text.pm_buffer_ptr_get
                0x00000000000287c8       0x32 _build/pm_buffer.o
                0x00000000000287c8                pm_buffer_ptr_get
 .text.pm_buffer_release
                0x00000000000287fa       0x30 _build/pm_buffer.o
                0x00000000000287fa                pm_buffer_release
 .text.pm_buffer_block_acquire
                0x000000000002882a       0x64 _build/pm_buffer.o
                0x000000000002882a                pm_buffer_block_acquire
 .text.claim    0x000000000002888e       0x36 _build/peer_id.o
 .text.peer_id_allocate
                0x00000000000288c4        0xc _build/peer_id.o
                0x00000000000288c4                peer_id_allocate
 .text.peer_id_delete
                0x00000000000288d0       0x24 _build/peer_id.o
                0x00000000000288d0                peer_id_delete
 .text.peer_id_free
                0x00000000000288f4       0x2c _build/peer_id.o
                0x00000000000288f4                peer_id_free
 .text.peer_id_is_allocated
                0x0000000000028920       0x14 _build/peer_id.o
                0x0000000000028920                peer_id_is_allocated
 .text.peer_id_is_deleted
                0x0000000000028934       0x14 _build/peer_id.o
                0x0000000000028934                peer_id_is_deleted
 .text.next_id_get
                0x0000000000028948       0x32 _build/peer_id.o
                0x0000000000028948                next_id_get
 *fill*         0x000000000002897a        0x2 
 .text.peer_id_get_next_used
                0x000000000002897c       0x34 _build/peer_id.o
                0x000000000002897c                peer_id_get_next_used
 .text.peer_id_get_next_deleted
                0x00000000000289b0        0xc _build/peer_id.o
                0x00000000000289b0                peer_id_get_next_deleted
 .text.sd_ecb_block_encrypt
                0x00000000000289bc        0x4 _build/id_manager.o
 .text.is_valid_irk
                0x00000000000289c0       0x16 _build/id_manager.o
                0x00000000000289c0                is_valid_irk
 .text.addr_compare
                0x00000000000289d6       0x28 _build/id_manager.o
                0x00000000000289d6                addr_compare
 .text.im_is_duplicate_bonding_data
                0x00000000000289fe       0x5e _build/id_manager.o
                0x00000000000289fe                im_is_duplicate_bonding_data
 .text.im_find_duplicate_bonding_data
                0x0000000000028a5c       0x3c _build/id_manager.o
                0x0000000000028a5c                im_find_duplicate_bonding_data
 .text.im_peer_id_get_by_conn_handle
                0x0000000000028a98       0x24 _build/id_manager.o
                0x0000000000028a98                im_peer_id_get_by_conn_handle
 .text.im_ble_addr_get
                0x0000000000028abc       0x38 _build/id_manager.o
                0x0000000000028abc                im_ble_addr_get
 .text.im_conn_handle_get
                0x0000000000028af4       0x44 _build/id_manager.o
                0x0000000000028af4                im_conn_handle_get
 .text.im_master_id_is_valid
                0x0000000000028b38       0x1a _build/id_manager.o
                0x0000000000028b38                im_master_id_is_valid
 .text.im_master_ids_compare
                0x0000000000028b52       0x28 _build/id_manager.o
                0x0000000000028b52                im_master_ids_compare
 .text.im_peer_id_get_by_master_id
                0x0000000000028b7a       0x40 _build/id_manager.o
                0x0000000000028b7a                im_peer_id_get_by_master_id
 *fill*         0x0000000000028bba        0x2 
 .text.im_new_peer_id
                0x0000000000028bbc       0x14 _build/id_manager.o
                0x0000000000028bbc                im_new_peer_id
 .text.im_peer_free
                0x0000000000028bd0       0x28 _build/id_manager.o
                0x0000000000028bd0                im_peer_free
 .text.ah       0x0000000000028bf8       0x54 _build/id_manager.o
                0x0000000000028bf8                ah
 .text.im_address_resolve
                0x0000000000028c4c       0x48 _build/id_manager.o
                0x0000000000028c4c                im_address_resolve
 .text.im_ble_evt_handler
                0x0000000000028c94       0xd0 _build/id_manager.o
                0x0000000000028c94                im_ble_evt_handler
 .text.sd_ble_gatts_service_changed
                0x0000000000028d64        0x4 _build/gatts_cache_manager.o
 .text.sd_ble_gatts_sys_attr_set
                0x0000000000028d68        0x4 _build/gatts_cache_manager.o
 .text.sd_ble_gatts_sys_attr_get
                0x0000000000028d6c        0x4 _build/gatts_cache_manager.o
 .text.sd_ble_gatts_initial_user_handle_get
                0x0000000000028d70        0x4 _build/gatts_cache_manager.o
 .text.evt_send
                0x0000000000028d74       0x16 _build/gatts_cache_manager.o
 *fill*         0x0000000000028d8a        0x2 
 .text.service_changed_pending_set
                0x0000000000028d8c       0x6c _build/gatts_cache_manager.o
 .text.gscm_pdb_evt_handler
                0x0000000000028df8       0x18 _build/gatts_cache_manager.o
                0x0000000000028df8                gscm_pdb_evt_handler
 .text.gscm_local_db_cache_update
                0x0000000000028e10       0x8a _build/gatts_cache_manager.o
                0x0000000000028e10                gscm_local_db_cache_update
 .text.gscm_local_db_cache_apply
                0x0000000000028e9a       0x80 _build/gatts_cache_manager.o
                0x0000000000028e9a                gscm_local_db_cache_apply
 .text.gscm_service_changed_ind_needed
                0x0000000000028f1a       0x24 _build/gatts_cache_manager.o
                0x0000000000028f1a                gscm_service_changed_ind_needed
 *fill*         0x0000000000028f3e        0x2 
 .text.gscm_service_changed_ind_send
                0x0000000000028f40       0x34 _build/gatts_cache_manager.o
                0x0000000000028f40                gscm_service_changed_ind_send
 .text.gscm_db_change_notification_done
                0x0000000000028f74       0x24 _build/gatts_cache_manager.o
                0x0000000000028f74                gscm_db_change_notification_done
 .text.event_send
                0x0000000000028f98       0x20 _build/fds.o
 .text.write_space_reserve
                0x0000000000028fb8       0x54 _build/fds.o
 .text.gc_page_erase
                0x000000000002900c       0x40 _build/fds.o
 .text.page_tag_write_swap
                0x000000000002904c       0x28 _build/fds.o
 .text.page_tag_write_data
                0x0000000000029074       0x20 _build/fds.o
 .text.record_header_flag_dirty
                0x0000000000029094       0x38 _build/fds.o
 .text.gc_record_copy
                0x00000000000290cc       0x38 _build/fds.o
 .text.queue_buf_get
                0x0000000000029104       0x1c _build/fds.o
 .text.header_check
                0x0000000000029120       0x28 _build/fds.o
 .text.record_find_next
                0x0000000000029148       0x58 _build/fds.o
 .text.record_find_by_desc
                0x00000000000291a0       0xa0 _build/fds.o
 .text.record_find
                0x0000000000029240       0x88 _build/fds.o
 .text.gc_record_find_next
                0x00000000000292c8       0x24 _build/fds.o
 .text.queue_process
                0x00000000000292ec      0x4f0 _build/fds.o
 .text.fs_event_handler
                0x00000000000297dc        0x6 _build/fds.o
 *fill*         0x00000000000297e2        0x2 
 .text.queue_start
                0x00000000000297e4       0x1c _build/fds.o
 .text.write_enqueue
                0x0000000000029800       0xec _build/fds.o
 .text.fds_record_open
                0x00000000000298ec       0x48 _build/fds.o
                0x00000000000298ec                fds_record_open
 .text.fds_record_close
                0x0000000000029934       0x44 _build/fds.o
                0x0000000000029934                fds_record_close
 .text.fds_record_write
                0x0000000000029978        0x8 _build/fds.o
                0x0000000000029978                fds_record_write
 .text.fds_record_update
                0x0000000000029980        0xe _build/fds.o
                0x0000000000029980                fds_record_update
 *fill*         0x000000000002998e        0x2 
 .text.fds_file_delete
                0x0000000000029990       0x4c _build/fds.o
                0x0000000000029990                fds_file_delete
 .text.fds_record_find
                0x00000000000299dc       0x1a _build/fds.o
                0x00000000000299dc                fds_record_find
 .text.fds_record_find_by_key
                0x00000000000299f6       0x1a _build/fds.o
                0x00000000000299f6                fds_record_find_by_key
 .text.fds_record_find_in_file
                0x0000000000029a10       0x1a _build/fds.o
                0x0000000000029a10                fds_record_find_in_file
 .text.fds_record_id_from_desc
                0x0000000000029a2a       0x10 _build/fds.o
                0x0000000000029a2a                fds_record_id_from_desc
 .text._GetAvailWriteSpace
                0x0000000000029a3a       0x1c _build/SEGGER_RTT.o
 .text._WriteNoCheck
                0x0000000000029a56       0x38 _build/SEGGER_RTT.o
 .text._WriteBlocking
                0x0000000000029a8e       0x52 _build/SEGGER_RTT.o
 .text._DoInit  0x0000000000029ae0       0x60 _build/SEGGER_RTT.o
 .text.SEGGER_RTT_WriteNoLock
                0x0000000000029b40       0x68 _build/SEGGER_RTT.o
                0x0000000000029b40                SEGGER_RTT_WriteNoLock
 .text.SEGGER_RTT_Write
                0x0000000000029ba8       0x40 _build/SEGGER_RTT.o
                0x0000000000029ba8                SEGGER_RTT_Write
 .text._write_r
                0x0000000000029be8       0x12 _build/SEGGER_RTT_Syscalls_GCC.o
                0x0000000000029be8                _write_r
 .text.app_error_handler
                0x0000000000029bfa       0x1a _build/app_error_handler_gcc.o
                0x0000000000029bfa                app_error_handler
 .text.user_op_alloc
                0x0000000000029c14       0x2c _build/app_timer.o
 .text.timer_stop_op_schedule
                0x0000000000029c40       0x50 _build/app_timer.o
 .text.nrfx_coredep_delay_us.part.0.constprop.0
                0x0000000000029c90       0x10 _build/app_timer.o
 .text.RTC1_IRQHandler
                0x0000000000029ca0       0x9c _build/app_timer.o
                0x0000000000029ca0                RTC1_IRQHandler
 .text.SWI0_EGU0_IRQHandler
                0x0000000000029d3c      0x2b8 _build/app_timer.o
                0x0000000000029d3c                SWI0_EGU0_IRQHandler
 .text.app_timer_init
                0x0000000000029ff4       0x88 _build/app_timer.o
                0x0000000000029ff4                app_timer_init
 .text.app_timer_create
                0x000000000002a07c       0x24 _build/app_timer.o
                0x000000000002a07c                app_timer_create
 .text.app_timer_start
                0x000000000002a0a0       0x90 _build/app_timer.o
                0x000000000002a0a0                app_timer_start
 .text.app_timer_stop
                0x000000000002a130       0x20 _build/app_timer.o
                0x000000000002a130                app_timer_stop
 .text.privilege_level_get
                0x000000000002a150       0x1a _build/app_util_platform.o
                0x000000000002a150                privilege_level_get
 *fill*         0x000000000002a16a        0x2 
 .text.app_util_critical_region_enter
                0x000000000002a16c       0x60 _build/app_util_platform.o
                0x000000000002a16c                app_util_critical_region_enter
 .text.app_util_critical_region_exit
                0x000000000002a1cc       0x40 _build/app_util_platform.o
                0x000000000002a1cc                app_util_critical_region_exit
 .text.startup.called_first
                0x000000000002a20c       0x10 _build/before_startup.o
                0x000000000002a20c                called_first
 .text.HardFault_Handler
                0x000000000002a21c       0x34 _build/hardfault_handler_gcc.o
                0x000000000002a21c                HardFault_Handler
 .text.HardFault_c_handler
                0x000000000002a250      0x104 _build/hardfault_implementation.o
                0x000000000002a250                HardFault_c_handler
 .text.nrf_atomic_u32_fetch_store
                0x000000000002a354       0x16 _build/nrf_atomic.o
                0x000000000002a354                nrf_atomic_u32_fetch_store
 .text.nrf_atomic_u32_fetch_or
                0x000000000002a36a       0x18 _build/nrf_atomic.o
                0x000000000002a36a                nrf_atomic_u32_fetch_or
 .text.nrf_atomic_u32_or
                0x000000000002a382       0x18 _build/nrf_atomic.o
                0x000000000002a382                nrf_atomic_u32_or
 .text.nrf_atomic_u32_fetch_and
                0x000000000002a39a       0x18 _build/nrf_atomic.o
                0x000000000002a39a                nrf_atomic_u32_fetch_and
 .text.nrf_atomic_u32_and
                0x000000000002a3b2       0x18 _build/nrf_atomic.o
                0x000000000002a3b2                nrf_atomic_u32_and
 .text.nrf_atomic_u32_fetch_add
                0x000000000002a3ca       0x18 _build/nrf_atomic.o
                0x000000000002a3ca                nrf_atomic_u32_fetch_add
 .text.nrf_atomic_u32_add
                0x000000000002a3e2       0x18 _build/nrf_atomic.o
                0x000000000002a3e2                nrf_atomic_u32_add
 .text.nrf_atomic_u32_sub
                0x000000000002a3fa       0x18 _build/nrf_atomic.o
                0x000000000002a3fa                nrf_atomic_u32_sub
 .text.nrf_atomic_flag_set
                0x000000000002a412        0x6 _build/nrf_atomic.o
                0x000000000002a412                nrf_atomic_flag_set
 .text.nrf_atomic_flag_clear_fetch
                0x000000000002a418        0x6 _build/nrf_atomic.o
                0x000000000002a418                nrf_atomic_flag_clear_fetch
 *fill*         0x000000000002a41e        0x2 
 .text.nrf_balloc_alloc
                0x000000000002a420       0x5c _build/nrf_balloc.o
                0x000000000002a420                nrf_balloc_alloc
 .text.nrf_balloc_free
                0x000000000002a47c       0x50 _build/nrf_balloc.o
                0x000000000002a47c                nrf_balloc_free
 .text.nrf_crypto_rng_init
                0x000000000002a4cc       0x98 _build/nrf_crypto_rng.o
                0x000000000002a4cc                nrf_crypto_rng_init
 .text.nrf_crypto_rng_uninit
                0x000000000002a564       0x38 _build/nrf_crypto_rng.o
                0x000000000002a564                nrf_crypto_rng_uninit
 .text.clock_clk_started_notify
                0x000000000002a59c       0x24 _build/nrf_drv_clock.o
 .text.clock_irq_handler
                0x000000000002a5c0       0x1c _build/nrf_drv_clock.o
 .text.soc_evt_handler
                0x000000000002a5dc       0x14 _build/nrf_drv_clock.o
 .text.nrf_drv_clock_init
                0x000000000002a5f0       0x38 _build/nrf_drv_clock.o
                0x000000000002a5f0                nrf_drv_clock_init
 .text.nrf_drv_clock_lfclk_release
                0x000000000002a628       0x64 _build/nrf_drv_clock.o
                0x000000000002a628                nrf_drv_clock_lfclk_release
 .text.sd_state_evt_handler
                0x000000000002a68c       0x6c _build/nrf_drv_clock.o
 .text.nrf_fstorage_write
                0x000000000002a6f8      0x12c _build/nrf_fstorage.o
                0x000000000002a6f8                nrf_fstorage_write
 .text.nrf_fstorage_erase
                0x000000000002a824       0xd4 _build/nrf_fstorage.o
                0x000000000002a824                nrf_fstorage_erase
 .text.invalid_packets_omit
                0x000000000002a8f8       0x3a _build/nrf_log_frontend.o
 *fill*         0x000000000002a932        0x2 
 .text.buf_prealloc
                0x000000000002a934      0x14c _build/nrf_log_frontend.o
 .text.buffer_is_empty
                0x000000000002aa80       0x14 _build/nrf_log_frontend.o
                0x000000000002aa80                buffer_is_empty
 .text.nrf_log_frontend_dequeue
                0x000000000002aa94      0x220 _build/nrf_log_frontend.o
                0x000000000002aa94                nrf_log_frontend_dequeue
 .text.std_n    0x000000000002acb4       0xb8 _build/nrf_log_frontend.o
 .text.nrf_log_frontend_std_0
                0x000000000002ad6c        0x8 _build/nrf_log_frontend.o
                0x000000000002ad6c                nrf_log_frontend_std_0
 .text.nrf_log_frontend_std_1
                0x000000000002ad74       0x12 _build/nrf_log_frontend.o
                0x000000000002ad74                nrf_log_frontend_std_1
 .text.nrf_log_frontend_std_2
                0x000000000002ad86       0x14 _build/nrf_log_frontend.o
                0x000000000002ad86                nrf_log_frontend_std_2
 .text.nrf_log_frontend_std_3
                0x000000000002ad9a       0x18 _build/nrf_log_frontend.o
                0x000000000002ad9a                nrf_log_frontend_std_3
 .text.nrf_log_frontend_std_4
                0x000000000002adb2       0x1c _build/nrf_log_frontend.o
                0x000000000002adb2                nrf_log_frontend_std_4
 *fill*         0x000000000002adce        0x2 
 .text.nrf_log_panic
                0x000000000002add0       0x2c _build/nrf_log_frontend.o
                0x000000000002add0                nrf_log_panic
 .text.memobj_op
                0x000000000002adfc       0xa8 _build/nrf_memobj.o
 .text.nrf_memobj_free
                0x000000000002aea4       0x2c _build/nrf_memobj.o
                0x000000000002aea4                nrf_memobj_free
 .text.nrf_memobj_alloc
                0x000000000002aed0       0x5e _build/nrf_memobj.o
                0x000000000002aed0                nrf_memobj_alloc
 .text.nrf_memobj_get
                0x000000000002af2e        0x8 _build/nrf_memobj.o
                0x000000000002af2e                nrf_memobj_get
 .text.nrf_memobj_put
                0x000000000002af36       0x1e _build/nrf_memobj.o
                0x000000000002af36                nrf_memobj_put
 .text.nrf_memobj_write
                0x000000000002af54       0x28 _build/nrf_memobj.o
                0x000000000002af54                nrf_memobj_write
 .text.nrf_pwr_mgmt_init
                0x000000000002af7c       0x2c _build/nrf_pwr_mgmt.o
                0x000000000002af7c                nrf_pwr_mgmt_init
 .text.queue_utilization_get
                0x000000000002afa8       0x18 _build/nrf_queue.o
 .text.nrf_queue_next_idx
                0x000000000002afc0       0x20 _build/nrf_queue.o
 .text.nrf_queue_is_full
                0x000000000002afe0       0x28 _build/nrf_queue.o
                0x000000000002afe0                nrf_queue_is_full
 .text.nrf_queue_push
                0x000000000002b008       0xcc _build/nrf_queue.o
                0x000000000002b008                nrf_queue_push
 .text.nrf_queue_reset
                0x000000000002b0d4       0x38 _build/nrf_queue.o
                0x000000000002b0d4                nrf_queue_reset
 .text.nrf_section_iter_init
                0x000000000002b10c       0x30 _build/nrf_section_iter.o
                0x000000000002b10c                nrf_section_iter_init
 .text.nrf_section_iter_next
                0x000000000002b13c       0x38 _build/nrf_section_iter.o
                0x000000000002b13c                nrf_section_iter_next
 .text.nrf_strerror_find
                0x000000000002b174       0x3c _build/nrf_strerror.o
                0x000000000002b174                nrf_strerror_find
 .text.nrf_strerror_get
                0x000000000002b1b0       0x14 _build/nrf_strerror.o
                0x000000000002b1b0                nrf_strerror_get
 .text.nrfx_clock_init
                0x000000000002b1c4       0x28 _build/nrfx_clock.o
                0x000000000002b1c4                nrfx_clock_init
 .text.nrfx_clock_enable
                0x000000000002b1ec       0x3c _build/nrfx_clock.o
                0x000000000002b1ec                nrfx_clock_enable
 .text.nrfx_clock_lfclk_stop
                0x000000000002b228       0x30 _build/nrfx_clock.o
                0x000000000002b228                nrfx_clock_lfclk_stop
 .text.POWER_CLOCK_IRQHandler
                0x000000000002b258       0x64 _build/nrfx_clock.o
                0x000000000002b258                POWER_CLOCK_IRQHandler
 .text.nrf_gpiote_event_clear
                0x000000000002b2bc       0x18 _build/nrfx_gpiote.o
 .text.channel_free
                0x000000000002b2d4       0x1c _build/nrfx_gpiote.o
 .text.nrf_gpio_pin_port_decode.isra.0.part.0
                0x000000000002b2f0       0x10 _build/nrfx_gpiote.o
 .text.nrf_gpio_cfg_sense_set
                0x000000000002b300       0x2e _build/nrfx_gpiote.o
 *fill*         0x000000000002b32e        0x2 
 .text.nrfx_gpiote_init
                0x000000000002b330       0x70 _build/nrfx_gpiote.o
                0x000000000002b330                nrfx_gpiote_init
 .text.nrfx_gpiote_is_init
                0x000000000002b3a0       0x14 _build/nrfx_gpiote.o
                0x000000000002b3a0                nrfx_gpiote_is_init
 .text.nrfx_gpiote_out_init
                0x000000000002b3b4      0x11c _build/nrfx_gpiote.o
                0x000000000002b3b4                nrfx_gpiote_out_init
 .text.nrfx_gpiote_out_set
                0x000000000002b4d0       0x5c _build/nrfx_gpiote.o
                0x000000000002b4d0                nrfx_gpiote_out_set
 .text.nrfx_gpiote_out_clear
                0x000000000002b52c       0x5c _build/nrfx_gpiote.o
                0x000000000002b52c                nrfx_gpiote_out_clear
 .text.GPIOTE_IRQHandler
                0x000000000002b588      0x198 _build/nrfx_gpiote.o
                0x000000000002b588                GPIOTE_IRQHandler
 .text.UARTE0_UART0_IRQHandler
                0x000000000002b720       0x20 _build/nrfx_prs.o
                0x000000000002b720                UARTE0_UART0_IRQHandler
 .text.nrf_pwm_event_clear
                0x000000000002b740       0x10 _build/nrfx_pwm.o
 .text.irq_handler
                0x000000000002b750       0x80 _build/nrfx_pwm.o
 .text.PWM0_IRQHandler
                0x000000000002b7d0       0x10 _build/nrfx_pwm.o
                0x000000000002b7d0                PWM0_IRQHandler
 .text.PWM1_IRQHandler
                0x000000000002b7e0       0x10 _build/nrfx_pwm.o
                0x000000000002b7e0                PWM1_IRQHandler
 .text.PWM2_IRQHandler
                0x000000000002b7f0       0x10 _build/nrfx_pwm.o
                0x000000000002b7f0                PWM2_IRQHandler
 .text.nrf_saadc_event_clear
                0x000000000002b800       0x18 _build/nrfx_saadc.o
 .text.SAADC_IRQHandler
                0x000000000002b818      0x160 _build/nrfx_saadc.o
                0x000000000002b818                SAADC_IRQHandler
 .text.nrf_gpio_pin_port_decode.isra.0.part.0
                0x000000000002b978       0x10 _build/nrfx_spim.o
 .text.nrf_gpio_pin_clear
                0x000000000002b988       0x1c _build/nrfx_spim.o
 .text.nrf_gpio_pin_set
                0x000000000002b9a4       0x1c _build/nrfx_spim.o
 .text.SPIM1_SPIS1_TWIM1_TWIS1_SPI1_TWI1_IRQHandler
                0x000000000002b9c0       0x64 _build/nrfx_spim.o
                0x000000000002b9c0                SPIM1_SPIS1_TWIM1_TWIS1_SPI1_TWI1_IRQHandler
 .text.irq_handler.constprop.0
                0x000000000002ba24       0x4c _build/nrfx_timer.o
 .text.TIMER0_IRQHandler
                0x000000000002ba70       0x10 _build/nrfx_timer.o
                0x000000000002ba70                TIMER0_IRQHandler
 .text.TIMER1_IRQHandler
                0x000000000002ba80       0x10 _build/nrfx_timer.o
                0x000000000002ba80                TIMER1_IRQHandler
 .text.nrf_twim_event_clear
                0x000000000002ba90       0x10 _build/nrfx_twim.o
 .text.SPIM0_SPIS0_TWIM0_TWIS0_SPI0_TWI0_IRQHandler
                0x000000000002baa0      0x154 _build/nrfx_twim.o
                0x000000000002baa0                SPIM0_SPIS0_TWIM0_TWIS0_SPI0_TWI0_IRQHandler
 .text.for_each_set_flag
                0x000000000002bbf4       0x34 _build/ble_conn_state.o
 .text.conn_handle_list_get
                0x000000000002bc28       0x2e _build/ble_conn_state.o
                0x000000000002bc28                conn_handle_list_get
 *fill*         0x000000000002bc56        0x2 
 .text.ble_evt_handler
                0x000000000002bc58       0xdc _build/ble_conn_state.o
 .text.ble_conn_state_valid
                0x000000000002bd34       0x14 _build/ble_conn_state.o
                0x000000000002bd34                ble_conn_state_valid
 .text.ble_conn_state_role
                0x000000000002bd48       0x24 _build/ble_conn_state.o
                0x000000000002bd48                ble_conn_state_role
 .text.ble_conn_state_encrypted
                0x000000000002bd6c       0x24 _build/ble_conn_state.o
                0x000000000002bd6c                ble_conn_state_encrypted
 .text.ble_conn_state_user_flag_get
                0x000000000002bd90       0x30 _build/ble_conn_state.o
                0x000000000002bd90                ble_conn_state_user_flag_get
 .text.ble_conn_state_user_flag_set
                0x000000000002bdc0       0x3c _build/ble_conn_state.o
                0x000000000002bdc0                ble_conn_state_user_flag_set
 .text.ble_conn_state_for_each_set_user_flag
                0x000000000002bdfc       0x34 _build/ble_conn_state.o
                0x000000000002bdfc                ble_conn_state_for_each_set_user_flag
 .text.nrf_atfifo_item_alloc
                0x000000000002be30       0x54 _build/nrf_atfifo.o
                0x000000000002be30                nrf_atfifo_item_alloc
 .text.nrf_atfifo_item_put
                0x000000000002be84       0x20 _build/nrf_atfifo.o
                0x000000000002be84                nrf_atfifo_item_put
 .text.nrf_atfifo_item_get
                0x000000000002bea4       0x56 _build/nrf_atfifo.o
                0x000000000002bea4                nrf_atfifo_item_get
 .text.nrf_atfifo_item_free
                0x000000000002befa       0x20 _build/nrf_atfifo.o
                0x000000000002befa                nrf_atfifo_item_free
 .text.sd_flash_write
                0x000000000002bf1a        0x4 _build/nrf_fstorage_sd.o
 .text.sd_flash_page_erase
                0x000000000002bf1e        0x4 _build/nrf_fstorage_sd.o
 .text.event_send
                0x000000000002bf22       0x52 _build/nrf_fstorage_sd.o
 .text.nrf_fstorage_sdh_req_handler
                0x000000000002bf74       0x14 _build/nrf_fstorage_sd.o
                0x000000000002bf74                nrf_fstorage_sdh_req_handler
 .text.queue_process
                0x000000000002bf88       0xa4 _build/nrf_fstorage_sd.o
 .text.nrf_fstorage_sys_evt_handler
                0x000000000002c02c       0xa8 _build/nrf_fstorage_sd.o
                0x000000000002c02c                nrf_fstorage_sys_evt_handler
 .text.nrf_fstorage_sdh_state_handler
                0x000000000002c0d4       0x20 _build/nrf_fstorage_sd.o
                0x000000000002c0d4                nrf_fstorage_sdh_state_handler
 .text.nrf_crypto_rng_backend_init
                0x000000000002c0f4        0x6 _build/nrf_hw_backend_rng.o
                0x000000000002c0f4                nrf_crypto_rng_backend_init
 .text.nrf_crypto_rng_backend_uninit
                0x000000000002c0fa        0xa _build/nrf_hw_backend_rng.o
                0x000000000002c0fa                nrf_crypto_rng_backend_uninit
 .text.nrf_hw_backend_uninit
                0x000000000002c104        0x4 _build/nrf_hw_backend_init.o
 .text.nrf_hw_backend_init
                0x000000000002c108        0x8 _build/nrf_hw_backend_init.o
 .text.nrf_crypto_backend_micro_ecc_public_key_from_raw
                0x000000000002c110       0x10 _build/micro_ecc_backend_ecc.o
                0x000000000002c110                nrf_crypto_backend_micro_ecc_public_key_from_raw
 .text.uECC_vli_add
                0x000000000002c120       0x58 _build/uECC.o
 *fill*         0x000000000002c178        0x8 
 .text.uECC_vli_sub
                0x000000000002c180       0x60 _build/uECC.o
 .text.uECC_vli_mult
                0x000000000002c1e0       0x5c _build/uECC.o
 .text.uECC_vli_isZero
                0x000000000002c23c       0x1e _build/uECC.o
 .text.uECC_vli_testBit
                0x000000000002c25a       0x14 _build/uECC.o
 .text.uECC_vli_numBits
                0x000000000002c26e       0x40 _build/uECC.o
 .text.uECC_vli_set
                0x000000000002c2ae       0x18 _build/uECC.o
 .text.uECC_vli_cmp_unsafe
                0x000000000002c2c6       0x2a _build/uECC.o
 .text.uECC_vli_rshift1
                0x000000000002c2f0       0x1a _build/uECC.o
 .text.uECC_vli_modAdd
                0x000000000002c30a       0x38 _build/uECC.o
 .text.uECC_vli_modSub
                0x000000000002c342       0x28 _build/uECC.o
 .text.uECC_vli_modMult_fast
                0x000000000002c36a       0x20 _build/uECC.o
 .text.uECC_vli_modSquare_fast
                0x000000000002c38a        0x8 _build/uECC.o
 .text.double_jacobian_default
                0x000000000002c392      0x152 _build/uECC.o
 .text.x_side_default
                0x000000000002c4e4       0x5e _build/uECC.o
 .text.mod_sqrt_default
                0x000000000002c542       0x74 _build/uECC.o
 *fill*         0x000000000002c5b6        0x2 
 .text.vli_mmod_fast_secp256r1
                0x000000000002c5b8      0x1b0 _build/uECC.o
 .text.uECC_secp256r1
                0x000000000002c768        0x8 _build/uECC.o
                0x000000000002c768                uECC_secp256r1
 .text.nrfx_rng_handler
                0x000000000002c770       0x44 _build/nrf_drv_rng.o
 .text.sd_state_evt_handler
                0x000000000002c7b4       0x64 _build/nrf_drv_rng.o
 .text.nrf_drv_rng_init
                0x000000000002c818       0x58 _build/nrf_drv_rng.o
                0x000000000002c818                nrf_drv_rng_init
 .text.nrf_drv_rng_uninit
                0x000000000002c870       0x50 _build/nrf_drv_rng.o
                0x000000000002c870                nrf_drv_rng_uninit
 .text.nrfx_rng_init
                0x000000000002c8c0       0x90 _build/nrfx_rng.o
                0x000000000002c8c0                nrfx_rng_init
 .text.nrfx_rng_start
                0x000000000002c950       0x40 _build/nrfx_rng.o
                0x000000000002c950                nrfx_rng_start
 .text.nrfx_rng_stop
                0x000000000002c990       0x2c _build/nrfx_rng.o
                0x000000000002c990                nrfx_rng_stop
 .text.nrfx_rng_uninit
                0x000000000002c9bc       0x3c _build/nrfx_rng.o
                0x000000000002c9bc                nrfx_rng_uninit
 .text.RNG_IRQHandler
                0x000000000002c9f8       0x2c _build/nrfx_rng.o
                0x000000000002c9f8                RNG_IRQHandler
 .text.sd_ble_gap_addr_get
                0x000000000002ca24        0x4 _build/ble_advdata.o
 .text.sd_ble_gap_appearance_get
                0x000000000002ca28        0x4 _build/ble_advdata.o
 .text.sd_ble_gap_device_name_get
                0x000000000002ca2c        0x4 _build/ble_advdata.o
 .text.sd_ble_uuid_encode
                0x000000000002ca30        0x4 _build/ble_advdata.o
 .text.uuid_list_sized_encode
                0x000000000002ca34       0xac _build/ble_advdata.o
 .text.uuid_list_encode
                0x000000000002cae0       0x38 _build/ble_advdata.o
 .text.ble_advdata_encode
                0x000000000002cb18      0x394 _build/ble_advdata.o
                0x000000000002cb18                ble_advdata_encode
 .text.ble_advdata_search
                0x000000000002ceac       0x38 _build/ble_advdata.o
                0x000000000002ceac                ble_advdata_search
 .text.ble_advdata_parse
                0x000000000002cee4       0x20 _build/ble_advdata.o
                0x000000000002cee4                ble_advdata_parse
 .text.sd_ble_gap_adv_set_configure
                0x000000000002cf04        0x4 _build/ble_advertising.o
 .text.sd_ble_gap_adv_start
                0x000000000002cf08        0x4 _build/ble_advertising.o
 .text.flags_set
                0x000000000002cf0c       0x2c _build/ble_advertising.o
 .text.ble_advertising_conn_cfg_tag_set
                0x000000000002cf38        0x6 _build/ble_advertising.o
                0x000000000002cf38                ble_advertising_conn_cfg_tag_set
 .text.ble_advertising_init
                0x000000000002cf3e       0xfe _build/ble_advertising.o
                0x000000000002cf3e                ble_advertising_init
 .text.ble_advertising_start
                0x000000000002d03c      0x21a _build/ble_advertising.o
                0x000000000002d03c                ble_advertising_start
 .text.ble_advertising_on_ble_evt
                0x000000000002d256       0x6a _build/ble_advertising.o
                0x000000000002d256                ble_advertising_on_ble_evt
 .text.ble_advertising_on_sys_evt
                0x000000000002d2c0        0x2 _build/ble_advertising.o
                0x000000000002d2c0                ble_advertising_on_sys_evt
 .text.sd_ble_gap_conn_param_update
                0x000000000002d2c2        0x4 _build/ble_conn_params.o
 .text.sd_ble_gap_disconnect
                0x000000000002d2c6        0x4 _build/ble_conn_params.o
 .text.sd_ble_gap_ppcp_set
                0x000000000002d2ca        0x4 _build/ble_conn_params.o
 .text.sd_ble_gap_ppcp_get
                0x000000000002d2ce        0x4 _build/ble_conn_params.o
 *fill*         0x000000000002d2d2        0x2 
 .text.instance_get
                0x000000000002d2d4       0x14 _build/ble_conn_params.o
 .text.send_error_evt
                0x000000000002d2e8       0x10 _build/ble_conn_params.o
 .text.update_timeout_handler
                0x000000000002d2f8       0x6c _build/ble_conn_params.o
 .text.conn_params_negotiation
                0x000000000002d364       0x48 _build/ble_conn_params.o
 .text.is_conn_params_ok.constprop.0
                0x000000000002d3ac       0x34 _build/ble_conn_params.o
 .text.ble_evt_handler
                0x000000000002d3e0       0xe0 _build/ble_conn_params.o
 .text.ble_conn_params_init
                0x000000000002d4c0       0x74 _build/ble_conn_params.o
                0x000000000002d4c0                ble_conn_params_init
 .text.ble_srv_is_notification_enabled
                0x000000000002d534        0x8 _build/ble_srv_common.o
                0x000000000002d534                ble_srv_is_notification_enabled
 .text.sd_ble_gap_data_length_update
                0x000000000002d53c        0x4 _build/nrf_ble_gatt.o
 .text.sd_ble_gattc_exchange_mtu_request
                0x000000000002d540        0x4 _build/nrf_ble_gatt.o
 .text.sd_ble_gatts_exchange_mtu_reply
                0x000000000002d544        0x4 _build/nrf_ble_gatt.o
 .text.data_length_update
                0x000000000002d548       0x80 _build/nrf_ble_gatt.o
 .text.nrf_ble_gatt_init
                0x000000000002d5c8       0x28 _build/nrf_ble_gatt.o
                0x000000000002d5c8                nrf_ble_gatt_init
 .text.nrf_ble_gatt_on_ble_evt
                0x000000000002d5f0      0x198 _build/nrf_ble_gatt.o
                0x000000000002d5f0                nrf_ble_gatt_on_ble_evt
 .text.sd_ble_gatts_rw_authorize_reply
                0x000000000002d788        0x4 _build/nrf_ble_qwr.o
 .text.sd_ble_user_mem_reply
                0x000000000002d78c        0x4 _build/nrf_ble_qwr.o
 .text.user_mem_reply.part.0
                0x000000000002d790       0x24 _build/nrf_ble_qwr.o
 .text.nrf_ble_qwr_init
                0x000000000002d7b4       0x24 _build/nrf_ble_qwr.o
                0x000000000002d7b4                nrf_ble_qwr_init
 .text.nrf_ble_qwr_conn_handle_assign
                0x000000000002d7d8       0x16 _build/nrf_ble_qwr.o
                0x000000000002d7d8                nrf_ble_qwr_conn_handle_assign
 .text.nrf_ble_qwr_on_ble_evt
                0x000000000002d7ee       0xa0 _build/nrf_ble_qwr.o
                0x000000000002d7ee                nrf_ble_qwr_on_ble_evt
 .text.sd_softdevice_enable
                0x000000000002d88e        0x4 _build/nrf_sdh.o
 .text.sd_softdevice_disable
                0x000000000002d892        0x4 _build/nrf_sdh.o
 *fill*         0x000000000002d896        0x2 
 .text.sdh_request_observer_notify
                0x000000000002d898       0x30 _build/nrf_sdh.o
 .text.sdh_state_observer_notify
                0x000000000002d8c8       0x28 _build/nrf_sdh.o
 .text.softdevice_evt_irq_disable
                0x000000000002d8f0       0x24 _build/nrf_sdh.o
 .text.softdevices_evt_irq_enable
                0x000000000002d914       0x40 _build/nrf_sdh.o
 .text.nrf_sdh_enable_request
                0x000000000002d954       0x7c _build/nrf_sdh.o
                0x000000000002d954                nrf_sdh_enable_request
 .text.nrf_sdh_disable_request
                0x000000000002d9d0       0x60 _build/nrf_sdh.o
                0x000000000002d9d0                nrf_sdh_disable_request
 .text.nrf_sdh_request_continue
                0x000000000002da30       0x20 _build/nrf_sdh.o
                0x000000000002da30                nrf_sdh_request_continue
 .text.nrf_sdh_is_enabled
                0x000000000002da50        0xc _build/nrf_sdh.o
                0x000000000002da50                nrf_sdh_is_enabled
 .text.nrf_sdh_evts_poll
                0x000000000002da5c       0x28 _build/nrf_sdh.o
                0x000000000002da5c                nrf_sdh_evts_poll
 .text.SWI2_EGU2_IRQHandler
                0x000000000002da84        0x4 _build/nrf_sdh.o
                0x000000000002da84                SWI2_EGU2_IRQHandler
 .text.sd_ble_enable
                0x000000000002da88        0x4 _build/nrf_sdh_ble.o
 .text.sd_ble_cfg_set
                0x000000000002da8c        0x4 _build/nrf_sdh_ble.o
 .text.sd_ble_evt_get
                0x000000000002da90        0x4 _build/nrf_sdh_ble.o
 .text.nrf_sdh_ble_evts_poll.part.0
                0x000000000002da94       0x58 _build/nrf_sdh_ble.o
 .text.nrf_sdh_ble_evts_poll
                0x000000000002daec       0x10 _build/nrf_sdh_ble.o
 .text.nrf_sdh_ble_default_cfg_set
                0x000000000002dafc      0x1a4 _build/nrf_sdh_ble.o
                0x000000000002dafc                nrf_sdh_ble_default_cfg_set
 .text.nrf_sdh_ble_enable
                0x000000000002dca0       0x98 _build/nrf_sdh_ble.o
                0x000000000002dca0                nrf_sdh_ble_enable
 .text.errata_12
                0x000000000002dd38       0x40 _build/system_nrf52.o
 .text.errata_16
                0x000000000002dd78       0x34 _build/system_nrf52.o
 .text.SystemInit
                0x000000000002ddac      0x25c _build/system_nrf52.o
                0x000000000002ddac                SystemInit
 .text          0x000000000002e008       0x3c _build/gcc_startup_nrf52.os
                0x000000000002e008                Reset_Handler
                0x000000000002e030                NMI_Handler
                0x000000000002e034                MemoryManagement_Handler
                0x000000000002e036                BusFault_Handler
                0x000000000002e038                UsageFault_Handler
                0x000000000002e03a                SVC_Handler
                0x000000000002e03c                DebugMon_Handler
                0x000000000002e03e                PendSV_Handler
                0x000000000002e040                SysTick_Handler
                0x000000000002e042                TIMER2_IRQHandler
                0x000000000002e042                RTC0_IRQHandler
                0x000000000002e042                RADIO_IRQHandler
                0x000000000002e042                PDM_IRQHandler
                0x000000000002e042                TEMP_IRQHandler
                0x000000000002e042                QDEC_IRQHandler
                0x000000000002e042                TIMER3_IRQHandler
                0x000000000002e042                FPU_IRQHandler
                0x000000000002e042                TIMER4_IRQHandler
                0x000000000002e042                I2S_IRQHandler
                0x000000000002e042                SWI4_EGU4_IRQHandler
                0x000000000002e042                ECB_IRQHandler
                0x000000000002e042                Default_Handler
                0x000000000002e042                CCM_AAR_IRQHandler
                0x000000000002e042                WDT_IRQHandler
                0x000000000002e042                SWI5_EGU5_IRQHandler
                0x000000000002e042                RTC2_IRQHandler
                0x000000000002e042                SWI3_EGU3_IRQHandler
                0x000000000002e042                SWI1_EGU1_IRQHandler
                0x000000000002e042                SPIM2_SPIS2_SPI2_IRQHandler
                0x000000000002e042                NFCT_IRQHandler
                0x000000000002e042                MWU_IRQHandler
                0x000000000002e042                COMP_LPCOMP_IRQHandler
 .text.exit     0x000000000002e044       0x20 /opt/gcc-arm-none-eabi-9-2020-q2-update/bin/../lib/gcc/arm-none-eabi/9.3.1/../../../../arm-none-eabi/lib/thumb/v7e-m+fp/hard/libc.a(lib_a-exit.o)
                0x000000000002e044                exit
 .text.__libc_init_array
                0x000000000002e064       0x48 /opt/gcc-arm-none-eabi-9-2020-q2-update/bin/../lib/gcc/arm-none-eabi/9.3.1/../../../../arm-none-eabi/lib/thumb/v7e-m+fp/hard/libc.a(lib_a-init.o)
                0x000000000002e064                __libc_init_array
 .text.memcmp   0x000000000002e0ac       0x60 /opt/gcc-arm-none-eabi-9-2020-q2-update/bin/../lib/gcc/arm-none-eabi/9.3.1/../../../../arm-none-eabi/lib/thumb/v7e-m+fp/hard/libc.a(lib_a-memcmp.o)
                0x000000000002e0ac                memcmp
 .text          0x000000000002e10c      0x134 /opt/gcc-arm-none-eabi-9-2020-q2-update/bin/../lib/gcc/arm-none-eabi/9.3.1/../../../../arm-none-eabi/lib/thumb/v7e-m+fp/hard/libc.a(lib_a-memcpy.o)
                0x000000000002e10c                memcpy
 .text.memset   0x000000000002e240       0xa0 /opt/gcc-arm-none-eabi-9-2020-q2-update/bin/../lib/gcc/arm-none-eabi/9.3.1/../../../../arm-none-eabi/lib/thumb/v7e-m+fp/hard/libc.a(lib_a-memset.o)
                0x000000000002e240                memset
 .text.printf   0x000000000002e2e0       0x28 /opt/gcc-arm-none-eabi-9-2020-q2-update/bin/../lib/gcc/arm-none-eabi/9.3.1/../../../../arm-none-eabi/lib/thumb/v7e-m+fp/hard/libc.a(lib_a-printf.o)
                0x000000000002e2e0                printf
 .text.setbuf   0x000000000002e308       0x10 /opt/gcc-arm-none-eabi-9-2020-q2-update/bin/../lib/gcc/arm-none-eabi/9.3.1/../../../../arm-none-eabi/lib/thumb/v7e-m+fp/hard/libc.a(lib_a-setbuf.o)
                0x000000000002e308                setbuf
 .text.setvbuf  0x000000000002e318      0x1a0 /opt/gcc-arm-none-eabi-9-2020-q2-update/bin/../lib/gcc/arm-none-eabi/9.3.1/../../../../arm-none-eabi/lib/thumb/v7e-m+fp/hard/libc.a(lib_a-setvbuf.o)
                0x000000000002e318                setvbuf
 .text.strcpy   0x000000000002e4b8       0xbc /opt/gcc-arm-none-eabi-9-2020-q2-update/bin/../lib/gcc/arm-none-eabi/9.3.1/../../../../arm-none-eabi/lib/thumb/v7e-m+fp/hard/libc.a(lib_a-strcpy.o)
                0x000000000002e4b8                strcpy
 *fill*         0x000000000002e574        0xc 
 .text          0x000000000002e580       0xdc /opt/gcc-arm-none-eabi-9-2020-q2-update/bin/../lib/gcc/arm-none-eabi/9.3.1/../../../../arm-none-eabi/lib/thumb/v7e-m+fp/hard/libc.a(lib_a-strlen.o)
                0x000000000002e580                strlen
 *fill*         0x000000000002e65c        0x4 
 .text._vfprintf_r
                0x000000000002e660     0x1be0 /opt/gcc-arm-none-eabi-9-2020-q2-update/bin/../lib/gcc/arm-none-eabi/9.3.1/../../../../arm-none-eabi/lib/thumb/v7e-m+fp/hard/libc.a(lib_a-vfprintf.o)
                0x000000000002e660                _vfprintf_r
 .text.__sbprintf
                0x0000000000030240       0x84 /opt/gcc-arm-none-eabi-9-2020-q2-update/bin/../lib/gcc/arm-none-eabi/9.3.1/../../../../arm-none-eabi/lib/thumb/v7e-m+fp/hard/libc.a(lib_a-vfprintf.o)
 .text.__swsetup_r
                0x00000000000302c4       0xd0 /opt/gcc-arm-none-eabi-9-2020-q2-update/bin/../lib/gcc/arm-none-eabi/9.3.1/../../../../arm-none-eabi/lib/thumb/v7e-m+fp/hard/libc.a(lib_a-wsetup.o)
                0x00000000000302c4                __swsetup_r
 .text.startup.register_fini
                0x0000000000030394       0x14 /opt/gcc-arm-none-eabi-9-2020-q2-update/bin/../lib/gcc/arm-none-eabi/9.3.1/../../../../arm-none-eabi/lib/thumb/v7e-m+fp/hard/libc.a(lib_a-__call_atexit.o)
 .text.__call_exitprocs
                0x00000000000303a8       0xcc /opt/gcc-arm-none-eabi-9-2020-q2-update/bin/../lib/gcc/arm-none-eabi/9.3.1/../../../../arm-none-eabi/lib/thumb/v7e-m+fp/hard/libc.a(lib_a-__call_atexit.o)
                0x00000000000303a8                __call_exitprocs
 .text.atexit   0x0000000000030474        0xc /opt/gcc-arm-none-eabi-9-2020-q2-update/bin/../lib/gcc/arm-none-eabi/9.3.1/../../../../arm-none-eabi/lib/thumb/v7e-m+fp/hard/libc.a(lib_a-atexit.o)
                0x0000000000030474                atexit
 .text.quorem   0x0000000000030480      0x11c /opt/gcc-arm-none-eabi-9-2020-q2-update/bin/../lib/gcc/arm-none-eabi/9.3.1/../../../../arm-none-eabi/lib/thumb/v7e-m+fp/hard/libc.a(lib_a-dtoa.o)
 *fill*         0x000000000003059c        0x4 
 .text._dtoa_r  0x00000000000305a0      0xf44 /opt/gcc-arm-none-eabi-9-2020-q2-update/bin/../lib/gcc/arm-none-eabi/9.3.1/../../../../arm-none-eabi/lib/thumb/v7e-m+fp/hard/libc.a(lib_a-dtoa.o)
                0x00000000000305a0                _dtoa_r
 .text.__sflush_r
                0x00000000000314e4      0x130 /opt/gcc-arm-none-eabi-9-2020-q2-update/bin/../lib/gcc/arm-none-eabi/9.3.1/../../../../arm-none-eabi/lib/thumb/v7e-m+fp/hard/libc.a(lib_a-fflush.o)
                0x00000000000314e4                __sflush_r
 .text._fflush_r
                0x0000000000031614       0x5c /opt/gcc-arm-none-eabi-9-2020-q2-update/bin/../lib/gcc/arm-none-eabi/9.3.1/../../../../arm-none-eabi/lib/thumb/v7e-m+fp/hard/libc.a(lib_a-fflush.o)
                0x0000000000031614                _fflush_r
 .text.std      0x0000000000031670       0x50 /opt/gcc-arm-none-eabi-9-2020-q2-update/bin/../lib/gcc/arm-none-eabi/9.3.1/../../../../arm-none-eabi/lib/thumb/v7e-m+fp/hard/libc.a(lib_a-findfp.o)
 .text._cleanup_r
                0x00000000000316c0        0xc /opt/gcc-arm-none-eabi-9-2020-q2-update/bin/../lib/gcc/arm-none-eabi/9.3.1/../../../../arm-none-eabi/lib/thumb/v7e-m+fp/hard/libc.a(lib_a-findfp.o)
                0x00000000000316c0                _cleanup_r
 .text.__sinit  0x00000000000316cc       0x54 /opt/gcc-arm-none-eabi-9-2020-q2-update/bin/../lib/gcc/arm-none-eabi/9.3.1/../../../../arm-none-eabi/lib/thumb/v7e-m+fp/hard/libc.a(lib_a-findfp.o)
                0x00000000000316cc                __sinit
 .text.__sfp_lock_acquire
                0x0000000000031720        0xc /opt/gcc-arm-none-eabi-9-2020-q2-update/bin/../lib/gcc/arm-none-eabi/9.3.1/../../../../arm-none-eabi/lib/thumb/v7e-m+fp/hard/libc.a(lib_a-findfp.o)
                0x0000000000031720                __sfp_lock_acquire
 .text.__sfp_lock_release
                0x000000000003172c        0xc /opt/gcc-arm-none-eabi-9-2020-q2-update/bin/../lib/gcc/arm-none-eabi/9.3.1/../../../../arm-none-eabi/lib/thumb/v7e-m+fp/hard/libc.a(lib_a-findfp.o)
                0x000000000003172c                __sfp_lock_release
 .text.__libc_fini_array
                0x0000000000031738       0x2c /opt/gcc-arm-none-eabi-9-2020-q2-update/bin/../lib/gcc/arm-none-eabi/9.3.1/../../../../arm-none-eabi/lib/thumb/v7e-m+fp/hard/libc.a(lib_a-fini.o)
                0x0000000000031738                __libc_fini_array
 .text._malloc_trim_r
                0x0000000000031764       0xa0 /opt/gcc-arm-none-eabi-9-2020-q2-update/bin/../lib/gcc/arm-none-eabi/9.3.1/../../../../arm-none-eabi/lib/thumb/v7e-m+fp/hard/libc.a(lib_a-freer.o)
                0x0000000000031764                _malloc_trim_r
 .text._free_r  0x0000000000031804      0x208 /opt/gcc-arm-none-eabi-9-2020-q2-update/bin/../lib/gcc/arm-none-eabi/9.3.1/../../../../arm-none-eabi/lib/thumb/v7e-m+fp/hard/libc.a(lib_a-freer.o)
                0x0000000000031804                _free_r
 .text._fwalk_reent
                0x0000000000031a0c       0x48 /opt/gcc-arm-none-eabi-9-2020-q2-update/bin/../lib/gcc/arm-none-eabi/9.3.1/../../../../arm-none-eabi/lib/thumb/v7e-m+fp/hard/libc.a(lib_a-fwalk.o)
                0x0000000000031a0c                _fwalk_reent
 .text._localeconv_r
                0x0000000000031a54        0x8 /opt/gcc-arm-none-eabi-9-2020-q2-update/bin/../lib/gcc/arm-none-eabi/9.3.1/../../../../arm-none-eabi/lib/thumb/v7e-m+fp/hard/libc.a(lib_a-localeconv.o)
                0x0000000000031a54                _localeconv_r
 .text.__retarget_lock_init_recursive
                0x0000000000031a5c        0x4 /opt/gcc-arm-none-eabi-9-2020-q2-update/bin/../lib/gcc/arm-none-eabi/9.3.1/../../../../arm-none-eabi/lib/thumb/v7e-m+fp/hard/libc.a(lib_a-lock.o)
                0x0000000000031a5c                __retarget_lock_init_recursive
 .text.__retarget_lock_close_recursive
                0x0000000000031a60        0x4 /opt/gcc-arm-none-eabi-9-2020-q2-update/bin/../lib/gcc/arm-none-eabi/9.3.1/../../../../arm-none-eabi/lib/thumb/v7e-m+fp/hard/libc.a(lib_a-lock.o)
                0x0000000000031a60                __retarget_lock_close_recursive
 .text.__retarget_lock_acquire_recursive
                0x0000000000031a64        0x4 /opt/gcc-arm-none-eabi-9-2020-q2-update/bin/../lib/gcc/arm-none-eabi/9.3.1/../../../../arm-none-eabi/lib/thumb/v7e-m+fp/hard/libc.a(lib_a-lock.o)
                0x0000000000031a64                __retarget_lock_acquire_recursive
 .text.__retarget_lock_release_recursive
                0x0000000000031a68        0x4 /opt/gcc-arm-none-eabi-9-2020-q2-update/bin/../lib/gcc/arm-none-eabi/9.3.1/../../../../arm-none-eabi/lib/thumb/v7e-m+fp/hard/libc.a(lib_a-lock.o)
                0x0000000000031a68                __retarget_lock_release_recursive
 .text.__swhatbuf_r
                0x0000000000031a6c       0x5c /opt/gcc-arm-none-eabi-9-2020-q2-update/bin/../lib/gcc/arm-none-eabi/9.3.1/../../../../arm-none-eabi/lib/thumb/v7e-m+fp/hard/libc.a(lib_a-makebuf.o)
                0x0000000000031a6c                __swhatbuf_r
 .text.__smakebuf_r
                0x0000000000031ac8       0x98 /opt/gcc-arm-none-eabi-9-2020-q2-update/bin/../lib/gcc/arm-none-eabi/9.3.1/../../../../arm-none-eabi/lib/thumb/v7e-m+fp/hard/libc.a(lib_a-makebuf.o)
                0x0000000000031ac8                __smakebuf_r
 .text.malloc   0x0000000000031b60       0x10 /opt/gcc-arm-none-eabi-9-2020-q2-update/bin/../lib/gcc/arm-none-eabi/9.3.1/../../../../arm-none-eabi/lib/thumb/v7e-m+fp/hard/libc.a(lib_a-malloc.o)
                0x0000000000031b60                malloc
 .text._malloc_r
                0x0000000000031b70      0x574 /opt/gcc-arm-none-eabi-9-2020-q2-update/bin/../lib/gcc/arm-none-eabi/9.3.1/../../../../arm-none-eabi/lib/thumb/v7e-m+fp/hard/libc.a(lib_a-mallocr.o)
                0x0000000000031b70                _malloc_r
 *fill*         0x00000000000320e4        0xc 
 .text          0x00000000000320f0       0xa0 /opt/gcc-arm-none-eabi-9-2020-q2-update/bin/../lib/gcc/arm-none-eabi/9.3.1/../../../../arm-none-eabi/lib/thumb/v7e-m+fp/hard/libc.a(lib_a-memchr.o)
                0x00000000000320f0                memchr
 .text.__malloc_lock
                0x0000000000032190        0xc /opt/gcc-arm-none-eabi-9-2020-q2-update/bin/../lib/gcc/arm-none-eabi/9.3.1/../../../../arm-none-eabi/lib/thumb/v7e-m+fp/hard/libc.a(lib_a-mlock.o)
                0x0000000000032190                __malloc_lock
 .text.__malloc_unlock
                0x000000000003219c        0xc /opt/gcc-arm-none-eabi-9-2020-q2-update/bin/../lib/gcc/arm-none-eabi/9.3.1/../../../../arm-none-eabi/lib/thumb/v7e-m+fp/hard/libc.a(lib_a-mlock.o)
                0x000000000003219c                __malloc_unlock
 .text._Balloc  0x00000000000321a8       0x4c /opt/gcc-arm-none-eabi-9-2020-q2-update/bin/../lib/gcc/arm-none-eabi/9.3.1/../../../../arm-none-eabi/lib/thumb/v7e-m+fp/hard/libc.a(lib_a-mprec.o)
                0x00000000000321a8                _Balloc
 .text._Bfree   0x00000000000321f4       0x14 /opt/gcc-arm-none-eabi-9-2020-q2-update/bin/../lib/gcc/arm-none-eabi/9.3.1/../../../../arm-none-eabi/lib/thumb/v7e-m+fp/hard/libc.a(lib_a-mprec.o)
                0x00000000000321f4                _Bfree
 .text.__multadd
                0x0000000000032208       0xac /opt/gcc-arm-none-eabi-9-2020-q2-update/bin/../lib/gcc/arm-none-eabi/9.3.1/../../../../arm-none-eabi/lib/thumb/v7e-m+fp/hard/libc.a(lib_a-mprec.o)
                0x0000000000032208                __multadd
 .text.__hi0bits
                0x00000000000322b4       0x40 /opt/gcc-arm-none-eabi-9-2020-q2-update/bin/../lib/gcc/arm-none-eabi/9.3.1/../../../../arm-none-eabi/lib/thumb/v7e-m+fp/hard/libc.a(lib_a-mprec.o)
                0x00000000000322b4                __hi0bits
 .text.__lo0bits
                0x00000000000322f4       0x60 /opt/gcc-arm-none-eabi-9-2020-q2-update/bin/../lib/gcc/arm-none-eabi/9.3.1/../../../../arm-none-eabi/lib/thumb/v7e-m+fp/hard/libc.a(lib_a-mprec.o)
                0x00000000000322f4                __lo0bits
 .text.__i2b    0x0000000000032354       0x2c /opt/gcc-arm-none-eabi-9-2020-q2-update/bin/../lib/gcc/arm-none-eabi/9.3.1/../../../../arm-none-eabi/lib/thumb/v7e-m+fp/hard/libc.a(lib_a-mprec.o)
                0x0000000000032354                __i2b
 .text.__multiply
                0x0000000000032380      0x160 /opt/gcc-arm-none-eabi-9-2020-q2-update/bin/../lib/gcc/arm-none-eabi/9.3.1/../../../../arm-none-eabi/lib/thumb/v7e-m+fp/hard/libc.a(lib_a-mprec.o)
                0x0000000000032380                __multiply
 .text.__pow5mult
                0x00000000000324e0       0x98 /opt/gcc-arm-none-eabi-9-2020-q2-update/bin/../lib/gcc/arm-none-eabi/9.3.1/../../../../arm-none-eabi/lib/thumb/v7e-m+fp/hard/libc.a(lib_a-mprec.o)
                0x00000000000324e0                __pow5mult
 .text.__lshift
                0x0000000000032578       0xe8 /opt/gcc-arm-none-eabi-9-2020-q2-update/bin/../lib/gcc/arm-none-eabi/9.3.1/../../../../arm-none-eabi/lib/thumb/v7e-m+fp/hard/libc.a(lib_a-mprec.o)
                0x0000000000032578                __lshift
 .text.__mcmp   0x0000000000032660       0x3c /opt/gcc-arm-none-eabi-9-2020-q2-update/bin/../lib/gcc/arm-none-eabi/9.3.1/../../../../arm-none-eabi/lib/thumb/v7e-m+fp/hard/libc.a(lib_a-mprec.o)
                0x0000000000032660                __mcmp
 .text.__mdiff  0x000000000003269c      0x148 /opt/gcc-arm-none-eabi-9-2020-q2-update/bin/../lib/gcc/arm-none-eabi/9.3.1/../../../../arm-none-eabi/lib/thumb/v7e-m+fp/hard/libc.a(lib_a-mprec.o)
                0x000000000003269c                __mdiff
 .text.__d2b    0x00000000000327e4       0xd0 /opt/gcc-arm-none-eabi-9-2020-q2-update/bin/../lib/gcc/arm-none-eabi/9.3.1/../../../../arm-none-eabi/lib/thumb/v7e-m+fp/hard/libc.a(lib_a-mprec.o)
                0x00000000000327e4                __d2b
 .text.frexp    0x00000000000328b4       0x6c /opt/gcc-arm-none-eabi-9-2020-q2-update/bin/../lib/gcc/arm-none-eabi/9.3.1/../../../../arm-none-eabi/lib/thumb/v7e-m+fp/hard/libc.a(lib_a-s_frexp.o)
                0x00000000000328b4                frexp
 .text._sbrk_r  0x0000000000032920       0x24 /opt/gcc-arm-none-eabi-9-2020-q2-update/bin/../lib/gcc/arm-none-eabi/9.3.1/../../../../arm-none-eabi/lib/thumb/v7e-m+fp/hard/libc.a(lib_a-sbrkr.o)
                0x0000000000032920                _sbrk_r
 .text.__sread  0x0000000000032944       0x24 /opt/gcc-arm-none-eabi-9-2020-q2-update/bin/../lib/gcc/arm-none-eabi/9.3.1/../../../../arm-none-eabi/lib/thumb/v7e-m+fp/hard/libc.a(lib_a-stdio.o)
                0x0000000000032944                __sread
 .text.__swrite
                0x0000000000032968       0x40 /opt/gcc-arm-none-eabi-9-2020-q2-update/bin/../lib/gcc/arm-none-eabi/9.3.1/../../../../arm-none-eabi/lib/thumb/v7e-m+fp/hard/libc.a(lib_a-stdio.o)
                0x0000000000032968                __swrite
 .text.__sseek  0x00000000000329a8       0x20 /opt/gcc-arm-none-eabi-9-2020-q2-update/bin/../lib/gcc/arm-none-eabi/9.3.1/../../../../arm-none-eabi/lib/thumb/v7e-m+fp/hard/libc.a(lib_a-stdio.o)
                0x00000000000329a8                __sseek
 .text.__sclose
                0x00000000000329c8        0x8 /opt/gcc-arm-none-eabi-9-2020-q2-update/bin/../lib/gcc/arm-none-eabi/9.3.1/../../../../arm-none-eabi/lib/thumb/v7e-m+fp/hard/libc.a(lib_a-stdio.o)
                0x00000000000329c8                __sclose
 .text.strncpy  0x00000000000329d0       0x68 /opt/gcc-arm-none-eabi-9-2020-q2-update/bin/../lib/gcc/arm-none-eabi/9.3.1/../../../../arm-none-eabi/lib/thumb/v7e-m+fp/hard/libc.a(lib_a-strncpy.o)
                0x00000000000329d0                strncpy
 .text.__sprint_r.part.0
                0x0000000000032a38       0x78 /opt/gcc-arm-none-eabi-9-2020-q2-update/bin/../lib/gcc/arm-none-eabi/9.3.1/../../../../arm-none-eabi/lib/thumb/v7e-m+fp/hard/libc.a(lib_a-vfiprintf.o)
 .text.__sprint_r
                0x0000000000032ab0       0x18 /opt/gcc-arm-none-eabi-9-2020-q2-update/bin/../lib/gcc/arm-none-eabi/9.3.1/../../../../arm-none-eabi/lib/thumb/v7e-m+fp/hard/libc.a(lib_a-vfiprintf.o)
                0x0000000000032ab0                __sprint_r
 .text._vfiprintf_r
                0x0000000000032ac8      0xd4c /opt/gcc-arm-none-eabi-9-2020-q2-update/bin/../lib/gcc/arm-none-eabi/9.3.1/../../../../arm-none-eabi/lib/thumb/v7e-m+fp/hard/libc.a(lib_a-vfiprintf.o)
                0x0000000000032ac8                _vfiprintf_r
 .text.__sbprintf
                0x0000000000033814       0x84 /opt/gcc-arm-none-eabi-9-2020-q2-update/bin/../lib/gcc/arm-none-eabi/9.3.1/../../../../arm-none-eabi/lib/thumb/v7e-m+fp/hard/libc.a(lib_a-vfiprintf.o)
 .text.__register_exitproc
                0x0000000000033898       0x8c /opt/gcc-arm-none-eabi-9-2020-q2-update/bin/../lib/gcc/arm-none-eabi/9.3.1/../../../../arm-none-eabi/lib/thumb/v7e-m+fp/hard/libc.a(lib_a-__atexit.o)
                0x0000000000033898                __register_exitproc
 .text.__assert_func
                0x0000000000033924       0x3c /opt/gcc-arm-none-eabi-9-2020-q2-update/bin/../lib/gcc/arm-none-eabi/9.3.1/../../../../arm-none-eabi/lib/thumb/v7e-m+fp/hard/libc.a(lib_a-assert.o)
                0x0000000000033924                __assert_func
 .text._calloc_r
                0x0000000000033960       0x60 /opt/gcc-arm-none-eabi-9-2020-q2-update/bin/../lib/gcc/arm-none-eabi/9.3.1/../../../../arm-none-eabi/lib/thumb/v7e-m+fp/hard/libc.a(lib_a-callocr.o)
                0x0000000000033960                _calloc_r
 .text._close_r
                0x00000000000339c0       0x24 /opt/gcc-arm-none-eabi-9-2020-q2-update/bin/../lib/gcc/arm-none-eabi/9.3.1/../../../../arm-none-eabi/lib/thumb/v7e-m+fp/hard/libc.a(lib_a-closer.o)
                0x00000000000339c0                _close_r
 .text._fclose_r
                0x00000000000339e4       0xcc /opt/gcc-arm-none-eabi-9-2020-q2-update/bin/../lib/gcc/arm-none-eabi/9.3.1/../../../../arm-none-eabi/lib/thumb/v7e-m+fp/hard/libc.a(lib_a-fclose.o)
                0x00000000000339e4                _fclose_r
 .text.fiprintf
                0x0000000000033ab0       0x28 /opt/gcc-arm-none-eabi-9-2020-q2-update/bin/../lib/gcc/arm-none-eabi/9.3.1/../../../../arm-none-eabi/lib/thumb/v7e-m+fp/hard/libc.a(lib_a-fiprintf.o)
                0x0000000000033ab0                fiprintf
 .text.__fputwc
                0x0000000000033ad8       0xa8 /opt/gcc-arm-none-eabi-9-2020-q2-update/bin/../lib/gcc/arm-none-eabi/9.3.1/../../../../arm-none-eabi/lib/thumb/v7e-m+fp/hard/libc.a(lib_a-fputwc.o)
                0x0000000000033ad8                __fputwc
 .text._fputwc_r
                0x0000000000033b80       0x68 /opt/gcc-arm-none-eabi-9-2020-q2-update/bin/../lib/gcc/arm-none-eabi/9.3.1/../../../../arm-none-eabi/lib/thumb/v7e-m+fp/hard/libc.a(lib_a-fputwc.o)
                0x0000000000033b80                _fputwc_r
 .text._fstat_r
                0x0000000000033be8       0x2c /opt/gcc-arm-none-eabi-9-2020-q2-update/bin/../lib/gcc/arm-none-eabi/9.3.1/../../../../arm-none-eabi/lib/thumb/v7e-m+fp/hard/libc.a(lib_a-fstatr.o)
                0x0000000000033be8                _fstat_r
 .text.__sfvwrite_r
                0x0000000000033c14      0x2e0 /opt/gcc-arm-none-eabi-9-2020-q2-update/bin/../lib/gcc/arm-none-eabi/9.3.1/../../../../arm-none-eabi/lib/thumb/v7e-m+fp/hard/libc.a(lib_a-fvwrite.o)
                0x0000000000033c14                __sfvwrite_r
 .text._isatty_r
                0x0000000000033ef4       0x24 /opt/gcc-arm-none-eabi-9-2020-q2-update/bin/../lib/gcc/arm-none-eabi/9.3.1/../../../../arm-none-eabi/lib/thumb/v7e-m+fp/hard/libc.a(lib_a-isattyr.o)
                0x0000000000033ef4                _isatty_r
 .text.__locale_mb_cur_max
                0x0000000000033f18        0xc /opt/gcc-arm-none-eabi-9-2020-q2-update/bin/../lib/gcc/arm-none-eabi/9.3.1/../../../../arm-none-eabi/lib/thumb/v7e-m+fp/hard/libc.a(lib_a-locale.o)
                0x0000000000033f18                __locale_mb_cur_max
 .text._lseek_r
                0x0000000000033f24       0x2c /opt/gcc-arm-none-eabi-9-2020-q2-update/bin/../lib/gcc/arm-none-eabi/9.3.1/../../../../arm-none-eabi/lib/thumb/v7e-m+fp/hard/libc.a(lib_a-lseekr.o)
                0x0000000000033f24                _lseek_r
 .text.__ascii_mbtowc
                0x0000000000033f50       0x2c /opt/gcc-arm-none-eabi-9-2020-q2-update/bin/../lib/gcc/arm-none-eabi/9.3.1/../../../../arm-none-eabi/lib/thumb/v7e-m+fp/hard/libc.a(lib_a-mbtowc_r.o)
                0x0000000000033f50                __ascii_mbtowc
 .text.memmove  0x0000000000033f7c       0xd8 /opt/gcc-arm-none-eabi-9-2020-q2-update/bin/../lib/gcc/arm-none-eabi/9.3.1/../../../../arm-none-eabi/lib/thumb/v7e-m+fp/hard/libc.a(lib_a-memmove.o)
                0x0000000000033f7c                memmove
 .text._read_r  0x0000000000034054       0x2c /opt/gcc-arm-none-eabi-9-2020-q2-update/bin/../lib/gcc/arm-none-eabi/9.3.1/../../../../arm-none-eabi/lib/thumb/v7e-m+fp/hard/libc.a(lib_a-readr.o)
                0x0000000000034054                _read_r
 .text._realloc_r
                0x0000000000034080      0x3e0 /opt/gcc-arm-none-eabi-9-2020-q2-update/bin/../lib/gcc/arm-none-eabi/9.3.1/../../../../arm-none-eabi/lib/thumb/v7e-m+fp/hard/libc.a(lib_a-reallocr.o)
                0x0000000000034080                _realloc_r
 .text.__swbuf_r
                0x0000000000034460       0xb0 /opt/gcc-arm-none-eabi-9-2020-q2-update/bin/../lib/gcc/arm-none-eabi/9.3.1/../../../../arm-none-eabi/lib/thumb/v7e-m+fp/hard/libc.a(lib_a-wbuf.o)
                0x0000000000034460                __swbuf_r
 .text._wcrtomb_r
                0x0000000000034510       0x3c /opt/gcc-arm-none-eabi-9-2020-q2-update/bin/../lib/gcc/arm-none-eabi/9.3.1/../../../../arm-none-eabi/lib/thumb/v7e-m+fp/hard/libc.a(lib_a-wcrtomb.o)
                0x0000000000034510                _wcrtomb_r
 .text.__ascii_wctomb
                0x000000000003454c       0x1c /opt/gcc-arm-none-eabi-9-2020-q2-update/bin/../lib/gcc/arm-none-eabi/9.3.1/../../../../arm-none-eabi/lib/thumb/v7e-m+fp/hard/libc.a(lib_a-wctomb_r.o)
                0x000000000003454c                __ascii_wctomb
 .text.abort    0x0000000000034568       0x10 /opt/gcc-arm-none-eabi-9-2020-q2-update/bin/../lib/gcc/arm-none-eabi/9.3.1/../../../../arm-none-eabi/lib/thumb/v7e-m+fp/hard/libc.a(lib_a-abort.o)
                0x0000000000034568                abort
 .text._raise_r
                0x0000000000034578       0x58 /opt/gcc-arm-none-eabi-9-2020-q2-update/bin/../lib/gcc/arm-none-eabi/9.3.1/../../../../arm-none-eabi/lib/thumb/v7e-m+fp/hard/libc.a(lib_a-signal.o)
                0x0000000000034578                _raise_r
 .text.raise    0x00000000000345d0       0x10 /opt/gcc-arm-none-eabi-9-2020-q2-update/bin/../lib/gcc/arm-none-eabi/9.3.1/../../../../arm-none-eabi/lib/thumb/v7e-m+fp/hard/libc.a(lib_a-signal.o)
                0x00000000000345d0                raise
 .text._kill_r  0x00000000000345e0       0x2c /opt/gcc-arm-none-eabi-9-2020-q2-update/bin/../lib/gcc/arm-none-eabi/9.3.1/../../../../arm-none-eabi/lib/thumb/v7e-m+fp/hard/libc.a(lib_a-signalr.o)
                0x00000000000345e0                _kill_r
 .text._getpid_r
                0x000000000003460c        0x4 /opt/gcc-arm-none-eabi-9-2020-q2-update/bin/../lib/gcc/arm-none-eabi/9.3.1/../../../../arm-none-eabi/lib/thumb/v7e-m+fp/hard/libc.a(lib_a-signalr.o)
                0x000000000003460c                _getpid_r
 .text._close   0x0000000000034610       0x10 /opt/gcc-arm-none-eabi-9-2020-q2-update/bin/../lib/gcc/arm-none-eabi/9.3.1/../../../../arm-none-eabi/lib/thumb/v7e-m+fp/hard/libnosys.a(close.o)
                0x0000000000034610                _close
 .text._fstat   0x0000000000034620       0x10 /opt/gcc-arm-none-eabi-9-2020-q2-update/bin/../lib/gcc/arm-none-eabi/9.3.1/../../../../arm-none-eabi/lib/thumb/v7e-m+fp/hard/libnosys.a(fstat.o)
                0x0000000000034620                _fstat
 .text._getpid  0x0000000000034630       0x10 /opt/gcc-arm-none-eabi-9-2020-q2-update/bin/../lib/gcc/arm-none-eabi/9.3.1/../../../../arm-none-eabi/lib/thumb/v7e-m+fp/hard/libnosys.a(getpid.o)
                0x0000000000034630                _getpid
 .text._isatty  0x0000000000034640       0x10 /opt/gcc-arm-none-eabi-9-2020-q2-update/bin/../lib/gcc/arm-none-eabi/9.3.1/../../../../arm-none-eabi/lib/thumb/v7e-m+fp/hard/libnosys.a(isatty.o)
                0x0000000000034640                _isatty
 .text._kill    0x0000000000034650       0x10 /opt/gcc-arm-none-eabi-9-2020-q2-update/bin/../lib/gcc/arm-none-eabi/9.3.1/../../../../arm-none-eabi/lib/thumb/v7e-m+fp/hard/libnosys.a(kill.o)
                0x0000000000034650                _kill
 .text._lseek   0x0000000000034660       0x10 /opt/gcc-arm-none-eabi-9-2020-q2-update/bin/../lib/gcc/arm-none-eabi/9.3.1/../../../../arm-none-eabi/lib/thumb/v7e-m+fp/hard/libnosys.a(lseek.o)
                0x0000000000034660                _lseek
 .text._read    0x0000000000034670       0x10 /opt/gcc-arm-none-eabi-9-2020-q2-update/bin/../lib/gcc/arm-none-eabi/9.3.1/../../../../arm-none-eabi/lib/thumb/v7e-m+fp/hard/libnosys.a(read.o)
                0x0000000000034670                _read
 .text._sbrk    0x0000000000034680       0x1c /opt/gcc-arm-none-eabi-9-2020-q2-update/bin/../lib/gcc/arm-none-eabi/9.3.1/../../../../arm-none-eabi/lib/thumb/v7e-m+fp/hard/libnosys.a(sbrk.o)
                0x0000000000034680                _sbrk
 .text._exit    0x000000000003469c        0x4 /opt/gcc-arm-none-eabi-9-2020-q2-update/bin/../lib/gcc/arm-none-eabi/9.3.1/../../../../arm-none-eabi/lib/thumb/v7e-m+fp/hard/libnosys.a(_exit.o)
                0x000000000003469c                _exit
 .text          0x00000000000346a0      0x378 /opt/gcc-arm-none-eabi-9-2020-q2-update/bin/../lib/gcc/arm-none-eabi/9.3.1/thumb/v7e-m+fp/hard/libgcc.a(_arm_addsubdf3.o)
                0x00000000000346a0                __aeabi_drsub
                0x00000000000346a8                __aeabi_dsub
                0x00000000000346a8                __subdf3
                0x00000000000346ac                __adddf3
                0x00000000000346ac                __aeabi_dadd
                0x0000000000034924                __aeabi_ui2d
                0x0000000000034924                __floatunsidf
                0x0000000000034944                __floatsidf
                0x0000000000034944                __aeabi_i2d
                0x0000000000034968                __extendsfdf2
                0x0000000000034968                __aeabi_f2d
                0x00000000000349ac                __aeabi_ul2d
                0x00000000000349ac                __floatundidf
                0x00000000000349bc                __floatdidf
                0x00000000000349bc                __aeabi_l2d
 .text          0x0000000000034a18      0x424 /opt/gcc-arm-none-eabi-9-2020-q2-update/bin/../lib/gcc/arm-none-eabi/9.3.1/thumb/v7e-m+fp/hard/libgcc.a(_arm_muldivdf3.o)
                0x0000000000034a18                __aeabi_dmul
                0x0000000000034a18                __muldf3
                0x0000000000034c6c                __aeabi_ddiv
                0x0000000000034c6c                __divdf3
 .text          0x0000000000034e3c      0x110 /opt/gcc-arm-none-eabi-9-2020-q2-update/bin/../lib/gcc/arm-none-eabi/9.3.1/thumb/v7e-m+fp/hard/libgcc.a(_arm_cmpdf2.o)
                0x0000000000034e3c                __gtdf2
                0x0000000000034e3c                __gedf2
                0x0000000000034e44                __ltdf2
                0x0000000000034e44                __ledf2
                0x0000000000034e4c                __cmpdf2
                0x0000000000034e4c                __eqdf2
                0x0000000000034e4c                __nedf2
                0x0000000000034ec8                __aeabi_cdrcmple
                0x0000000000034ed8                __aeabi_cdcmple
                0x0000000000034ed8                __aeabi_cdcmpeq
                0x0000000000034ee8                __aeabi_dcmpeq
                0x0000000000034efc                __aeabi_dcmplt
                0x0000000000034f10                __aeabi_dcmple
                0x0000000000034f24                __aeabi_dcmpge
                0x0000000000034f38                __aeabi_dcmpgt
 .text          0x0000000000034f4c       0x2c /opt/gcc-arm-none-eabi-9-2020-q2-update/bin/../lib/gcc/arm-none-eabi/9.3.1/thumb/v7e-m+fp/hard/libgcc.a(_arm_unorddf2.o)
                0x0000000000034f4c                __aeabi_dcmpun
                0x0000000000034f4c                __unorddf2
 .text          0x0000000000034f78       0x50 /opt/gcc-arm-none-eabi-9-2020-q2-update/bin/../lib/gcc/arm-none-eabi/9.3.1/thumb/v7e-m+fp/hard/libgcc.a(_arm_fixdfsi.o)
                0x0000000000034f78                __fixdfsi
                0x0000000000034f78                __aeabi_d2iz
 .text          0x0000000000034fc8       0x30 /opt/gcc-arm-none-eabi-9-2020-q2-update/bin/../lib/gcc/arm-none-eabi/9.3.1/thumb/v7e-m+fp/hard/libgcc.a(_aeabi_uldivmod.o)
                0x0000000000034fc8                __aeabi_uldivmod
 .text          0x0000000000034ff8      0x2c4 /opt/gcc-arm-none-eabi-9-2020-q2-update/bin/../lib/gcc/arm-none-eabi/9.3.1/thumb/v7e-m+fp/hard/libgcc.a(_udivmoddi4.o)
                0x0000000000034ff8                __udivmoddi4
 .text          0x00000000000352bc        0x4 /opt/gcc-arm-none-eabi-9-2020-q2-update/bin/../lib/gcc/arm-none-eabi/9.3.1/thumb/v7e-m+fp/hard/libgcc.a(_dvmd_tls.o)
                0x00000000000352bc                __aeabi_ldiv0
                0x00000000000352bc                __aeabi_idiv0
 *(.init)
 .init          0x00000000000352c0        0x4 /opt/gcc-arm-none-eabi-9-2020-q2-update/bin/../lib/gcc/arm-none-eabi/9.3.1/thumb/v7e-m+fp/hard/crti.o
                0x00000000000352c0                _init
 .init          0x00000000000352c4        0x8 /opt/gcc-arm-none-eabi-9-2020-q2-update/bin/../lib/gcc/arm-none-eabi/9.3.1/thumb/v7e-m+fp/hard/crtn.o
 *(.fini)
 .fini          0x00000000000352cc        0x4 /opt/gcc-arm-none-eabi-9-2020-q2-update/bin/../lib/gcc/arm-none-eabi/9.3.1/thumb/v7e-m+fp/hard/crti.o
                0x00000000000352cc                _fini
 .fini          0x00000000000352d0        0x8 /opt/gcc-arm-none-eabi-9-2020-q2-update/bin/../lib/gcc/arm-none-eabi/9.3.1/thumb/v7e-m+fp/hard/crtn.o
 *crtbegin.o(.ctors)
 *crtbegin?.o(.ctors)
 *(EXCLUDE_FILE(*crtend.o *crtend?.o) .ctors)
 *(SORT_BY_NAME(.ctors.*))
 *(.ctors)
 *crtbegin.o(.dtors)
 *crtbegin?.o(.dtors)
 *(EXCLUDE_FILE(*crtend.o *crtend?.o) .dtors)
 *(SORT_BY_NAME(.dtors.*))
 *(.dtors)
 *(.rodata*)
 .rodata.ble_evt_write.str1.1
                0x00000000000352d8       0x45 _build/main.o
 .rodata.main.str1.1
                0x000000000003531d       0x12 _build/main.o
 .rodata.str1.1
                0x000000000003532f        0xd _build/main.o
 .rodata.str1.1
                0x000000000003533c        0x9 _build/ble_lesc.o
 .rodata.app_error_fault_handler.str1.1
                0x0000000000035345       0xb7 _build/better_error_handling.o
 *fill*         0x00000000000353fc        0x4 
 .rodata.delay_machine_code.8741
                0x0000000000035400        0x6 _build/better_error_handling.o
 .rodata.on_ble_evt.str1.1
                0x0000000000035406       0x7d _build/galaxy_ble.o
 .rodata.assert_nrf_callback.str1.1
                0x0000000000035483       0x25 _build/galaxy_ble.o
 .rodata.galaxy_ble_init.str1.1
                0x00000000000354a8       0x4b _build/galaxy_ble.o
 *fill*         0x00000000000354f3        0x1 
 .rodata.public_key_from_raw_impl
                0x00000000000354f4       0x10 _build/nrf_crypto_ecc.o
 .rodata.str1.1
                0x0000000000035504       0x15 _build/peer_manager_handler.o
 .rodata.str1.1
                0x0000000000035519       0x11 _build/security_dispatcher.o
 .rodata.str1.1
                0x000000000003552a       0x11 _build/peer_database.o
 .rodata.sc_send_pending_handle.str1.1
                0x000000000003553b       0x58 _build/gatt_cache_manager.o
 .rodata.db_update_pending_handle.str1.1
                0x0000000000035593       0x4c _build/gatt_cache_manager.o
 .rodata.str1.1
                0x00000000000355df       0x11 _build/gatt_cache_manager.o
 .rodata        0x00000000000355f0        0x4 _build/gatt_cache_manager.o
 .rodata.car_value_false.11496
                0x00000000000355f4        0x4 _build/gatt_cache_manager.o
 .rodata.car_value_true.11495
                0x00000000000355f8        0x4 _build/gatt_cache_manager.o
 .rodata.str1.1
                0x00000000000355fc       0x11 _build/peer_data_storage.o
 .rodata.str1.1
                0x000000000003560d       0x10 _build/security_manager.o
 .rodata.str1.1
                0x000000000003561d        0xd _build/peer_manager.o
 .rodata.str1.1
                0x000000000003562a       0x10 _build/id_manager.o
 .rodata.str1.1
                0x000000000003563a       0x12 _build/gatts_cache_manager.o
 .rodata        0x000000000003564c       0x10 _build/gatts_cache_manager.o
 .rodata.service_changed_pending.11199
                0x000000000003565c        0x4 _build/gatts_cache_manager.o
 .rodata.service_changed_pending.11256
                0x0000000000035660        0x4 _build/gatts_cache_manager.o
 .rodata.str1.1
                0x0000000000035664        0xc _build/ble_db_discovery.o
 .rodata.queue_process.str1.1
                0x0000000000035670       0x46 _build/fds.o
 *fill*         0x00000000000356b6        0x2 
 .rodata.dirty_header.9574
                0x00000000000356b8        0x4 _build/fds.o
 .rodata.page_tag_data.9447
                0x00000000000356bc        0x8 _build/fds.o
 .rodata.page_tag_swap.9443
                0x00000000000356c4        0x8 _build/fds.o
 .rodata._DoInit.str1.1
                0x00000000000356cc       0x14 _build/SEGGER_RTT.o
 .rodata.delay_machine_code.9385
                0x00000000000356e0        0x6 _build/app_timer.o
 .rodata.app_util_critical_region_enter.str1.1
                0x00000000000356e6       0x55 _build/app_util_platform.o
 .rodata.HardFault_c_handler.str1.1
                0x000000000003573b      0x12e _build/hardfault_implementation.o
 .rodata.str1.1
                0x0000000000035869      0x4c0 _build/hardfault_implementation.o
 *fill*         0x0000000000035d29        0x3 
 .rodata.cfsr_msgs.9580
                0x0000000000035d2c       0x68 _build/hardfault_implementation.o
 .rodata.nrf_balloc_init.str1.1
                0x0000000000035d94       0x50 _build/nrf_balloc.o
 .rodata.nrf_crypto_rng_init.str1.1
                0x0000000000035de4       0x19 _build/nrf_crypto_rng.o
 .rodata.nrf_drv_clock_uninit.str1.1
                0x0000000000035dfd       0x4f _build/nrf_drv_clock.o
 .rodata.str1.1
                0x0000000000035e4c        0x6 _build/nrf_drv_clock.o
 .rodata.nrf_fstorage_init.str1.1
                0x0000000000035e52       0x2e _build/nrf_fstorage.o