Archive member included to satisfy reference by file (symbol)

./libpairing.a(bls12_381.o)   _build/main.o (embedded_pairing_bls12_381_g1_random)
./libpairing.a(curve.o)       ./libpairing.a(bls12_381.o) (embedded_pairing::bls12_381::Encoding<embedded_pairing::bls12_381::G1Affine, false>::encode(embedded_pairing::bls12_381::G1Affine const&))
./libpairing.a(curve_fast_multiply.o)
                              ./libpairing.a(bls12_381.o) (embedded_pairing::bls12_381::G2::multiply_frobenius(embedded_pairing::bls12_381::G2 const&, embedded_pairing::core::BigInt<256> const&))
./libpairing.a(decomposition.o)
                              ./libpairing.a(curve_fast_multiply.o) (embedded_pairing::bls12_381::PowersOfX::decompose(embedded_pairing::core::BigInt<256> const&))
./libpairing.a(fq.o)          ./libpairing.a(curve.o) (embedded_pairing::bls12_381::Fq::random(void (*)(void*, unsigned int)))
./libpairing.a(fq12.o)        ./libpairing.a(bls12_381.o) (embedded_pairing::bls12_381::Fq12::inverse(embedded_pairing::bls12_381::Fq12 const&))
./libpairing.a(fq12_cyclotomic.o)
                              ./libpairing.a(bls12_381.o) (embedded_pairing::bls12_381::Fq12::square_cyclotomic(embedded_pairing::bls12_381::Fq12 const&))
./libpairing.a(fq2.o)         ./libpairing.a(curve.o) (embedded_pairing::bls12_381::Fq2::random(void (*)(void*, unsigned int)))
./libpairing.a(fq6.o)         ./libpairing.a(fq12.o) (embedded_pairing::bls12_381::Fq6::is_zero() const)
./libpairing.a(fr.o)          ./libpairing.a(bls12_381.o) (embedded_pairing::bls12_381::Fr::random(void (*)(void*, unsigned int)))
./libpairing.a(pairing.o)     ./libpairing.a(bls12_381.o) (embedded_pairing::bls12_381::final_exponentiation(embedded_pairing::bls12_381::Fq12&, embedded_pairing::bls12_381::Fq12 const&))
/opt/gcc-arm-none-eabi-9-2019-q4-major/bin/../lib/gcc/arm-none-eabi/9.2.1/../../../../arm-none-eabi/lib/thumb/v7e-m+fp/hard/libc.a(lib_a-ctype_.o)
                              _build/nrf_log_str_formatter.o (_ctype_)
/opt/gcc-arm-none-eabi-9-2019-q4-major/bin/../lib/gcc/arm-none-eabi/9.2.1/../../../../arm-none-eabi/lib/thumb/v7e-m+fp/hard/libc.a(lib_a-exit.o)
                              /opt/gcc-arm-none-eabi-9-2019-q4-major/bin/../lib/gcc/arm-none-eabi/9.2.1/../../../../arm-none-eabi/lib/thumb/v7e-m+fp/hard/crt0.o (exit)
/opt/gcc-arm-none-eabi-9-2019-q4-major/bin/../lib/gcc/arm-none-eabi/9.2.1/../../../../arm-none-eabi/lib/thumb/v7e-m+fp/hard/libc.a(lib_a-impure.o)
                              /opt/gcc-arm-none-eabi-9-2019-q4-major/bin/../lib/gcc/arm-none-eabi/9.2.1/../../../../arm-none-eabi/lib/thumb/v7e-m+fp/hard/libc.a(lib_a-exit.o) (_global_impure_ptr)
/opt/gcc-arm-none-eabi-9-2019-q4-major/bin/../lib/gcc/arm-none-eabi/9.2.1/../../../../arm-none-eabi/lib/thumb/v7e-m+fp/hard/libc.a(lib_a-init.o)
                              /opt/gcc-arm-none-eabi-9-2019-q4-major/bin/../lib/gcc/arm-none-eabi/9.2.1/../../../../arm-none-eabi/lib/thumb/v7e-m+fp/hard/crt0.o (__libc_init_array)
/opt/gcc-arm-none-eabi-9-2019-q4-major/bin/../lib/gcc/arm-none-eabi/9.2.1/../../../../arm-none-eabi/lib/thumb/v7e-m+fp/hard/libc.a(lib_a-memcmp.o)
                              _build/ble_advdata.o (memcmp)
/opt/gcc-arm-none-eabi-9-2019-q4-major/bin/../lib/gcc/arm-none-eabi/9.2.1/../../../../arm-none-eabi/lib/thumb/v7e-m+fp/hard/libc.a(lib_a-memcpy.o)
                              _build/main.o (memcpy)
/opt/gcc-arm-none-eabi-9-2019-q4-major/bin/../lib/gcc/arm-none-eabi/9.2.1/../../../../arm-none-eabi/lib/thumb/v7e-m+fp/hard/libc.a(lib_a-memmove.o)
                              ./libpairing.a(bls12_381.o) (memmove)
/opt/gcc-arm-none-eabi-9-2019-q4-major/bin/../lib/gcc/arm-none-eabi/9.2.1/../../../../arm-none-eabi/lib/thumb/v7e-m+fp/hard/libc.a(lib_a-memset.o)
                              /opt/gcc-arm-none-eabi-9-2019-q4-major/bin/../lib/gcc/arm-none-eabi/9.2.1/../../../../arm-none-eabi/lib/thumb/v7e-m+fp/hard/crt0.o (memset)
/opt/gcc-arm-none-eabi-9-2019-q4-major/bin/../lib/gcc/arm-none-eabi/9.2.1/../../../../arm-none-eabi/lib/thumb/v7e-m+fp/hard/libc.a(lib_a-printf.o)
                              _build/main.o (printf)
/opt/gcc-arm-none-eabi-9-2019-q4-major/bin/../lib/gcc/arm-none-eabi/9.2.1/../../../../arm-none-eabi/lib/thumb/v7e-m+fp/hard/libc.a(lib_a-setbuf.o)
                              _build/before_startup.o (setbuf)
/opt/gcc-arm-none-eabi-9-2019-q4-major/bin/../lib/gcc/arm-none-eabi/9.2.1/../../../../arm-none-eabi/lib/thumb/v7e-m+fp/hard/libc.a(lib_a-setvbuf.o)
                              /opt/gcc-arm-none-eabi-9-2019-q4-major/bin/../lib/gcc/arm-none-eabi/9.2.1/../../../../arm-none-eabi/lib/thumb/v7e-m+fp/hard/libc.a(lib_a-setbuf.o) (setvbuf)
/opt/gcc-arm-none-eabi-9-2019-q4-major/bin/../lib/gcc/arm-none-eabi/9.2.1/../../../../arm-none-eabi/lib/thumb/v7e-m+fp/hard/libc.a(lib_a-strcpy.o)
                              _build/SEGGER_RTT.o (strcpy)
[...]
Memory Configuration

Name             Origin             Length             Attributes
FLASH            0x0000000000026000 0x0000000000059000 xr
RAM              0x00000000200098a8 0x0000000000006758 xrw
bootloader_settings_page 0x000000000007f000 0x0000000000001000 r
uicr_bootloader_start_address 0x0000000010001014 0x0000000000000004 r
*default*        0x0000000000000000 0xffffffffffffffff

Linker script and memory map


.text           0x0000000000026000     0xcc48
 *(.isr_vector)
 .isr_vector    0x0000000000026000      0x200 _build/gcc_startup_nrf52.os
                0x0000000000026000                __isr_vector
 *(.text*)
 .text          0x0000000000026200       0x40 /opt/gcc-arm-none-eabi-9-2019-q4-major/bin/../lib/gcc/arm-none-eabi/9.2.1/thumb/v7e-m+fp/hard/crtbegin.o
 .text          0x0000000000026240       0x74 /opt/gcc-arm-none-eabi-9-2019-q4-major/bin/../lib/gcc/arm-none-eabi/9.2.1/../../../../arm-none-eabi/lib/thumb/v7e-m+fp/hard/crt0.o
                0x0000000000026240                _mainCRTStartup
                0x0000000000026240                _start
 .text.xorshift
                0x00000000000262b4       0x14 _build/main.o
                0x00000000000262b4                xorshift
 .text.get_xorshift_bytes
                0x00000000000262c8       0x50 _build/main.o
                0x00000000000262c8                get_xorshift_bytes
 .text.startup.main
                0x0000000000026318       0x94 _build/main.o
                0x0000000000026318                main
 .text.nrf_delay_ms.part.0
                0x00000000000263ac       0x1c _build/better_error_handling.o
 .text.app_error_fault_handler
                0x00000000000263c8      0x14c _build/better_error_handling.o
                0x00000000000263c8                app_error_fault_handler
 .text.HardFault_process
                0x0000000000026514       0xba _build/better_error_handling.o
                0x0000000000026514                HardFault_process
 .text.app_error_handler
                0x00000000000265ce       0x1a _build/app_error_handler_gcc.o
                0x00000000000265ce                app_error_handler
 .text.user_op_alloc
                0x00000000000265e8       0x2c _build/app_timer.o
 .text.timer_stop_op_schedule
                0x0000000000026614       0x50 _build/app_timer.o
 .text.nrfx_coredep_delay_us.part.0.constprop.0
                0x0000000000026664       0x10 _build/app_timer.o
 .text.RTC1_IRQHandler
                0x0000000000026674       0x9c _build/app_timer.o
                0x0000000000026674                RTC1_IRQHandler
 .text.SWI0_EGU0_IRQHandler
                0x0000000000026710      0x2b8 _build/app_timer.o
                0x0000000000026710                SWI0_EGU0_IRQHandler
 .text.app_timer_start
                0x00000000000269c8       0x90 _build/app_timer.o
                0x00000000000269c8                app_timer_start
 .text.app_timer_stop
                0x0000000000026a58       0x20 _build/app_timer.o
                0x0000000000026a58                app_timer_stop
 .text.privilege_level_get
                0x0000000000026a78       0x1a _build/app_util_platform.o
                0x0000000000026a78                privilege_level_get
 *fill*         0x0000000000026a92        0x2 
 .text.app_util_critical_region_enter
                0x0000000000026a94       0x60 _build/app_util_platform.o
                0x0000000000026a94                app_util_critical_region_enter
 .text.app_util_critical_region_exit
                0x0000000000026af4       0x40 _build/app_util_platform.o
                0x0000000000026af4                app_util_critical_region_exit
 .text.startup.called_first
                0x0000000000026b34       0x10 _build/before_startup.o
                0x0000000000026b34                called_first
 .text.HardFault_Handler
                0x0000000000026b44       0x34 _build/hardfault_handler_gcc.o
                0x0000000000026b44                HardFault_Handler
 .text.HardFault_c_handler
                0x0000000000026b78      0x104 _build/hardfault_implementation.o
                0x0000000000026b78                HardFault_c_handler
 .text.nrf_atomic_u32_fetch_store
                0x0000000000026c7c       0x16 _build/nrf_atomic.o
                0x0000000000026c7c                nrf_atomic_u32_fetch_store
 .text.nrf_atomic_u32_or
                0x0000000000026c92       0x18 _build/nrf_atomic.o
                0x0000000000026c92                nrf_atomic_u32_or
 .text.nrf_atomic_u32_fetch_and
                0x0000000000026caa       0x18 _build/nrf_atomic.o
                0x0000000000026caa                nrf_atomic_u32_fetch_and
 .text.nrf_atomic_u32_add
                0x0000000000026cc2       0x18 _build/nrf_atomic.o
                0x0000000000026cc2                nrf_atomic_u32_add
 .text.nrf_atomic_u32_sub
                0x0000000000026cda       0x18 _build/nrf_atomic.o
                0x0000000000026cda                nrf_atomic_u32_sub
 .text.nrf_atomic_flag_set
                0x0000000000026cf2        0x6 _build/nrf_atomic.o
                0x0000000000026cf2                nrf_atomic_flag_set
 .text.nrf_atomic_flag_clear_fetch
                0x0000000000026cf8        0x6 _build/nrf_atomic.o
                0x0000000000026cf8                nrf_atomic_flag_clear_fetch
 *fill*         0x0000000000026cfe        0x2 
 .text.nrf_balloc_init
                0x0000000000026d00       0x7c _build/nrf_balloc.o
                0x0000000000026d00                nrf_balloc_init
 .text.nrf_balloc_alloc
                0x0000000000026d7c       0x5c _build/nrf_balloc.o
                0x0000000000026d7c                nrf_balloc_alloc
 .text.nrf_balloc_free
                0x0000000000026dd8       0x50 _build/nrf_balloc.o
                0x0000000000026dd8                nrf_balloc_free
 .text.sd_ble_gap_data_length_update
                0x0000000000026e28        0x4 _build/nrf_ble_gatt.o
 .text.sd_ble_gattc_exchange_mtu_request
                0x0000000000026e2c        0x4 _build/nrf_ble_gatt.o
 .text.sd_ble_gatts_exchange_mtu_reply
                0x0000000000026e30        0x4 _build/nrf_ble_gatt.o
 .text.data_length_update
                0x0000000000026e34       0x80 _build/nrf_ble_gatt.o
 .text.nrf_ble_gatt_on_ble_evt
                0x0000000000026eb4      0x198 _build/nrf_ble_gatt.o
                0x0000000000026eb4                nrf_ble_gatt_on_ble_evt
 .text.sd_ble_gatts_rw_authorize_reply
                0x000000000002704c        0x4 _build/nrf_ble_qwr.o
 .text.sd_ble_user_mem_reply
                0x0000000000027050        0x4 _build/nrf_ble_qwr.o
 .text.user_mem_reply.part.0
                0x0000000000027054       0x24 _build/nrf_ble_qwr.o
 .text.nrf_ble_qwr_conn_handle_assign
                0x0000000000027078       0x16 _build/nrf_ble_qwr.o
                0x0000000000027078                nrf_ble_qwr_conn_handle_assign
 .text.nrf_ble_qwr_on_ble_evt
                0x000000000002708e       0xa0 _build/nrf_ble_qwr.o
                0x000000000002708e                nrf_ble_qwr_on_ble_evt
 *fill*         0x000000000002712e        0x2 
 .text.nrf_fprintf_buffer_flush
                0x0000000000027130       0x24 _build/nrf_fprintf.o
                0x0000000000027130                nrf_fprintf_buffer_flush
 .text.nrf_fprintf
                0x0000000000027154       0x54 _build/nrf_fprintf.o
                0x0000000000027154                nrf_fprintf
 .text.buffer_add
                0x00000000000271a8       0x1e _build/nrf_fprintf_format.o
 *fill*         0x00000000000271c6        0x2 
 .text.unsigned_print
                0x00000000000271c8       0xb4 _build/nrf_fprintf_format.o
 .text.nrf_fprintf_fmt
                0x000000000002727c      0x2d8 _build/nrf_fprintf_format.o
                0x000000000002727c                nrf_fprintf_fmt
 .text.nrf_log_backend_rtt_flush
                0x0000000000027554        0x2 _build/nrf_log_backend_rtt.o
 *fill*         0x0000000000027556        0x2 
 .text.nrf_log_backend_rtt_put
                0x0000000000027558       0x1c _build/nrf_log_backend_rtt.o
 .text.serial_tx
                0x0000000000027574       0x50 _build/nrf_log_backend_rtt.o
 .text.nrf_log_backend_rtt_panic_set
                0x00000000000275c4        0x2 _build/nrf_log_backend_rtt.o
 .text.nrf_log_backend_rtt_init
                0x00000000000275c6        0x4 _build/nrf_log_backend_rtt.o
                0x00000000000275c6                nrf_log_backend_rtt_init
 .text.nrf_log_backend_serial_put
                0x00000000000275ca       0xc2 _build/nrf_log_backend_serial.o
                0x00000000000275ca                nrf_log_backend_serial_put
 .text.nrf_log_default_backends_init
                0x000000000002768c       0x30 _build/nrf_log_default_backends.o
                0x000000000002768c                nrf_log_default_backends_init
 .text.invalid_packets_omit
                0x00000000000276bc       0x3a _build/nrf_log_frontend.o
 *fill*         0x00000000000276f6        0x2 
 .text.buf_prealloc
                0x00000000000276f8      0x14c _build/nrf_log_frontend.o
 .text.nrf_log_init
                0x0000000000027844       0x3c _build/nrf_log_frontend.o
                0x0000000000027844                nrf_log_init
 .text.nrf_log_module_name_get
                0x0000000000027880       0x38 _build/nrf_log_frontend.o
                0x0000000000027880                nrf_log_module_name_get
 .text.nrf_log_color_id_get
                0x00000000000278b8       0x2c _build/nrf_log_frontend.o
                0x00000000000278b8                nrf_log_color_id_get
 .text.buffer_is_empty
                0x00000000000278e4       0x14 _build/nrf_log_frontend.o
                0x00000000000278e4                buffer_is_empty
 .text.nrf_log_frontend_dequeue
                0x00000000000278f8      0x220 _build/nrf_log_frontend.o
                0x00000000000278f8                nrf_log_frontend_dequeue
 .text.std_n    0x0000000000027b18       0xb8 _build/nrf_log_frontend.o
 .text.nrf_log_frontend_std_0
                0x0000000000027bd0        0x8 _build/nrf_log_frontend.o
                0x0000000000027bd0                nrf_log_frontend_std_0
 .text.nrf_log_frontend_std_1
                0x0000000000027bd8       0x12 _build/nrf_log_frontend.o
                0x0000000000027bd8                nrf_log_frontend_std_1
 .text.nrf_log_frontend_std_2
                0x0000000000027bea       0x14 _build/nrf_log_frontend.o
                0x0000000000027bea                nrf_log_frontend_std_2
 .text.nrf_log_frontend_std_3
                0x0000000000027bfe       0x18 _build/nrf_log_frontend.o
                0x0000000000027bfe                nrf_log_frontend_std_3
 .text.nrf_log_frontend_std_4
                0x0000000000027c16       0x1c _build/nrf_log_frontend.o
                0x0000000000027c16                nrf_log_frontend_std_4
 *fill*         0x0000000000027c32        0x2 
 .text.nrf_log_backend_add
                0x0000000000027c34       0x54 _build/nrf_log_frontend.o
                0x0000000000027c34                nrf_log_backend_add
 .text.nrf_log_panic
                0x0000000000027c88       0x2c _build/nrf_log_frontend.o
                0x0000000000027c88                nrf_log_panic
 .text.postfix_process
                0x0000000000027cb4       0x44 _build/nrf_log_str_formatter.o
 .text.prefix_process
                0x0000000000027cf8       0x7c _build/nrf_log_str_formatter.o
 .text.nrf_log_std_entry_process
                0x0000000000027d74       0xc8 _build/nrf_log_str_formatter.o
                0x0000000000027d74                nrf_log_std_entry_process
 .text.nrf_log_hexdump_entry_process
                0x0000000000027e3c       0xbc _build/nrf_log_str_formatter.o
                0x0000000000027e3c                nrf_log_hexdump_entry_process
 .text.memobj_op
                0x0000000000027ef8       0xa8 _build/nrf_memobj.o
 .text.nrf_memobj_pool_init
                0x0000000000027fa0        0x4 _build/nrf_memobj.o
                0x0000000000027fa0                nrf_memobj_pool_init
 .text.nrf_memobj_free
                0x0000000000027fa4       0x2c _build/nrf_memobj.o
                0x0000000000027fa4                nrf_memobj_free
 .text.nrf_memobj_alloc
                0x0000000000027fd0       0x5e _build/nrf_memobj.o
                0x0000000000027fd0                nrf_memobj_alloc
 .text.nrf_memobj_get
                0x000000000002802e        0x8 _build/nrf_memobj.o
                0x000000000002802e                nrf_memobj_get
 .text.nrf_memobj_put
                0x0000000000028036       0x1e _build/nrf_memobj.o
                0x0000000000028036                nrf_memobj_put
 .text.nrf_memobj_write
                0x0000000000028054       0x28 _build/nrf_memobj.o
                0x0000000000028054                nrf_memobj_write
 .text.nrf_memobj_read
                0x000000000002807c       0x28 _build/nrf_memobj.o
                0x000000000002807c                nrf_memobj_read
 .text.nrf_ringbuf_init
                0x00000000000280a4       0x1c _build/nrf_ringbuf.o
                0x00000000000280a4                nrf_ringbuf_init
 .text.nrf_section_iter_init
                0x00000000000280c0       0x30 _build/nrf_section_iter.o
                0x00000000000280c0                nrf_section_iter_init
 .text.nrf_section_iter_next
                0x00000000000280f0       0x38 _build/nrf_section_iter.o
                0x00000000000280f0                nrf_section_iter_next
 .text.nrf_sdh_evts_poll
                0x0000000000028128       0x28 _build/nrf_sdh.o
                0x0000000000028128                nrf_sdh_evts_poll
 .text.SWI2_EGU2_IRQHandler
                0x0000000000028150        0x4 _build/nrf_sdh.o
                0x0000000000028150                SWI2_EGU2_IRQHandler
 .text.sd_ble_evt_get
                0x0000000000028154        0x4 _build/nrf_sdh_ble.o
 .text.nrf_sdh_ble_evts_poll.part.0
                0x0000000000028158       0x58 _build/nrf_sdh_ble.o
 .text.nrf_sdh_ble_evts_poll
                0x00000000000281b0       0x10 _build/nrf_sdh_ble.o
 .text.nrf_strerror_find
                0x00000000000281c0       0x3c _build/nrf_strerror.o
                0x00000000000281c0                nrf_strerror_find
 .text.nrf_strerror_get
                0x00000000000281fc       0x14 _build/nrf_strerror.o
                0x00000000000281fc                nrf_strerror_get
 .text.nrf_gpiote_event_clear
                0x0000000000028210       0x18 _build/nrfx_gpiote.o
 .text.channel_free
                0x0000000000028228       0x1c _build/nrfx_gpiote.o
 .text.nrf_gpio_pin_port_decode.isra.0.part.0
                0x0000000000028244       0x10 _build/nrfx_gpiote.o
 .text.nrf_gpio_cfg_sense_set
                0x0000000000028254       0x2e _build/nrfx_gpiote.o
 *fill*         0x0000000000028282        0x2 
 .text.nrfx_gpiote_init
                0x0000000000028284       0x70 _build/nrfx_gpiote.o
                0x0000000000028284                nrfx_gpiote_init
 .text.nrfx_gpiote_is_init
                0x00000000000282f4       0x14 _build/nrfx_gpiote.o
                0x00000000000282f4                nrfx_gpiote_is_init
 .text.nrfx_gpiote_out_init
                0x0000000000028308      0x11c _build/nrfx_gpiote.o
                0x0000000000028308                nrfx_gpiote_out_init
 .text.nrfx_gpiote_out_set
                0x0000000000028424       0x5c _build/nrfx_gpiote.o
                0x0000000000028424                nrfx_gpiote_out_set
 .text.nrfx_gpiote_out_clear
                0x0000000000028480       0x5c _build/nrfx_gpiote.o
                0x0000000000028480                nrfx_gpiote_out_clear
 .text.GPIOTE_IRQHandler
                0x00000000000284dc      0x198 _build/nrfx_gpiote.o
                0x00000000000284dc                GPIOTE_IRQHandler
 .text.UARTE0_UART0_IRQHandler
                0x0000000000028674       0x20 _build/nrfx_prs.o
                0x0000000000028674                UARTE0_UART0_IRQHandler
 .text.nrf_saadc_event_clear
                0x0000000000028694       0x18 _build/nrfx_saadc.o
 .text.SAADC_IRQHandler
                0x00000000000286ac      0x160 _build/nrfx_saadc.o
                0x00000000000286ac                SAADC_IRQHandler
 .text.TIMER0_IRQHandler
                0x000000000002880c       0x54 _build/nrfx_timer.o
                0x000000000002880c                TIMER0_IRQHandler
 .text.nrf_twim_event_clear
                0x0000000000028860       0x10 _build/nrfx_twim.o
 .text.SPIM0_SPIS0_TWIM0_TWIS0_SPI0_TWI0_IRQHandler
                0x0000000000028870      0x154 _build/nrfx_twim.o
                0x0000000000028870                SPIM0_SPIS0_TWIM0_TWIS0_SPI0_TWI0_IRQHandler
 .text.POWER_CLOCK_IRQHandler
                0x00000000000289c4       0x64 _build/nrfx_clock.o
                0x00000000000289c4                POWER_CLOCK_IRQHandler
 .text._GetAvailWriteSpace
                0x0000000000028a28       0x1c _build/SEGGER_RTT.o
 .text._WriteNoCheck
                0x0000000000028a44       0x38 _build/SEGGER_RTT.o
 .text._WriteBlocking
                0x0000000000028a7c       0x52 _build/SEGGER_RTT.o
 *fill*         0x0000000000028ace        0x2 
 .text._DoInit  0x0000000000028ad0       0x60 _build/SEGGER_RTT.o
 .text.SEGGER_RTT_WriteNoLock
                0x0000000000028b30       0x68 _build/SEGGER_RTT.o
                0x0000000000028b30                SEGGER_RTT_WriteNoLock
 .text.SEGGER_RTT_Write
                0x0000000000028b98       0x40 _build/SEGGER_RTT.o
                0x0000000000028b98                SEGGER_RTT_Write
 .text.SEGGER_RTT_Init
                0x0000000000028bd8        0x4 _build/SEGGER_RTT.o
                0x0000000000028bd8                SEGGER_RTT_Init
 .text._write_r
                0x0000000000028bdc       0x12 _build/SEGGER_RTT_Syscalls_GCC.o
                0x0000000000028bdc                _write_r
 .text.sd_ble_gap_adv_set_configure
                0x0000000000028bee        0x4 _build/ble_advertising.o
 .text.sd_ble_gap_adv_start
                0x0000000000028bf2        0x4 _build/ble_advertising.o
 .text.flags_set
                0x0000000000028bf6       0x2c _build/ble_advertising.o
 .text.ble_advertising_start
                0x0000000000028c22      0x21a _build/ble_advertising.o
                0x0000000000028c22                ble_advertising_start
 .text.ble_advertising_on_ble_evt
                0x0000000000028e3c       0x6a _build/ble_advertising.o
                0x0000000000028e3c                ble_advertising_on_ble_evt
 .text.ble_advertising_on_sys_evt
                0x0000000000028ea6        0x2 _build/ble_advertising.o
                0x0000000000028ea6                ble_advertising_on_sys_evt
 .text.ble_advdata_search
                0x0000000000028ea8       0x38 _build/ble_advdata.o
                0x0000000000028ea8                ble_advdata_search
 .text.ble_advdata_parse
                0x0000000000028ee0       0x20 _build/ble_advdata.o
                0x0000000000028ee0                ble_advdata_parse
 .text.instance_get
                0x0000000000028f00       0x14 _build/ble_conn_params.o
 .text.send_error_evt
                0x0000000000028f14       0x10 _build/ble_conn_params.o
 .text.conn_params_negotiation
                0x0000000000028f24       0x48 _build/ble_conn_params.o
 .text.is_conn_params_ok.constprop.0
                0x0000000000028f6c       0x34 _build/ble_conn_params.o
 .text.ble_evt_handler
                0x0000000000028fa0       0xe0 _build/ble_conn_params.o
 .text.ble_srv_is_notification_enabled
                0x0000000000029080        0x8 _build/ble_srv_common.o
                0x0000000000029080                ble_srv_is_notification_enabled
 .text.sd_ble_gap_disconnect
                0x0000000000029088        0x4 _build/simple_ble.o
 .text.sd_ble_gap_sec_params_reply
                0x000000000002908c        0x4 _build/simple_ble.o
 .text.sd_ble_gap_sec_info_reply
                0x0000000000029090        0x4 _build/simple_ble.o
 .text.sd_ble_gap_scan_start
                0x0000000000029094        0x4 _build/simple_ble.o
 .text.sd_ble_gap_phy_update
                0x0000000000029098        0x4 _build/simple_ble.o
 .text.sd_ble_gatts_sys_attr_set
                0x000000000002909c        0x4 _build/simple_ble.o
 .text.sd_power_system_off
                0x00000000000290a0        0x4 _build/simple_ble.o
 .text.on_ble_evt
                0x00000000000290a4      0x234 _build/simple_ble.o
 .text.assert_nrf_callback
                0x00000000000292d8       0x24 _build/simple_ble.o
                0x00000000000292d8                assert_nrf_callback
 .text.__NVIC_SystemReset
                0x00000000000292fc       0x24 _build/system_nrf52.o
 .text.errata_12
                0x0000000000029320       0x40 _build/system_nrf52.o
 .text.errata_16
                0x0000000000029360       0x34 _build/system_nrf52.o
 .text.SystemInit
                0x0000000000029394      0x288 _build/system_nrf52.o
                0x0000000000029394                SystemInit
 .text          0x000000000002961c       0x3c _build/gcc_startup_nrf52.os
                0x000000000002961c                Reset_Handler
                0x0000000000029644                NMI_Handler
                0x0000000000029648                MemoryManagement_Handler
                0x000000000002964a                BusFault_Handler
                0x000000000002964c                UsageFault_Handler
                0x000000000002964e                SVC_Handler
                0x0000000000029650                DebugMon_Handler
                0x0000000000029652                PendSV_Handler
                0x0000000000029654                SysTick_Handler
                0x0000000000029656                TIMER4_IRQHandler
                0x0000000000029656                I2S_IRQHandler
                0x0000000000029656                SWI4_EGU4_IRQHandler
                0x0000000000029656                TIMER1_IRQHandler
                0x0000000000029656                PWM2_IRQHandler
                0x0000000000029656                ECB_IRQHandler
                0x0000000000029656                SPIM1_SPIS1_TWIM1_TWIS1_SPI1_TWI1_IRQHandler
                0x0000000000029656                Default_Handler
                0x0000000000029656                CCM_AAR_IRQHandler
                0x0000000000029656                WDT_IRQHandler
                0x0000000000029656                SWI5_EGU5_IRQHandler
                0x0000000000029656                RNG_IRQHandler
                0x0000000000029656                RTC2_IRQHandler
                0x0000000000029656                PWM0_IRQHandler
                0x0000000000029656                SWI3_EGU3_IRQHandler
                0x0000000000029656                SWI1_EGU1_IRQHandler
                0x0000000000029656                SPIM2_SPIS2_SPI2_IRQHandler
                0x0000000000029656                NFCT_IRQHandler
                0x0000000000029656                MWU_IRQHandler
                0x0000000000029656                TIMER2_IRQHandler
                0x0000000000029656                COMP_LPCOMP_IRQHandler
                0x0000000000029656                RTC0_IRQHandler
                0x0000000000029656                PWM1_IRQHandler
                0x0000000000029656                RADIO_IRQHandler
                0x0000000000029656                PDM_IRQHandler
                0x0000000000029656                TEMP_IRQHandler
                0x0000000000029656                QDEC_IRQHandler
                0x0000000000029656                TIMER3_IRQHandler
                0x0000000000029656                FPU_IRQHandler
 .text.embedded_pairing_bls12_381_g1_random
                0x0000000000029658        0x4 ./libpairing.a(bls12_381.o)
                0x0000000000029658                embedded_pairing_bls12_381_g1_random
 .text._ZN16embedded_pairing4core6BigIntILi384EE7compareERKS2_S4_
                0x000000000002965c       0x24 ./libpairing.a(bls12_381.o)
                0x000000000002965c                embedded_pairing::core::BigInt<384>::compare(embedded_pairing::core::BigInt<384> const&, embedded_pairing::core::BigInt<384> const&)
 .text._ZN16embedded_pairing4core6BigIntILi384EE3addERKS2_S4_
                0x0000000000029680       0x54 ./libpairing.a(bls12_381.o)
                0x0000000000029680                embedded_pairing::core::BigInt<384>::add(embedded_pairing::core::BigInt<384> const&, embedded_pairing::core::BigInt<384> const&)
 .text._ZN16embedded_pairing4core6BigIntILi384EE8subtractERKS2_S4_
                0x00000000000296d4       0x52 ./libpairing.a(bls12_381.o)
                0x00000000000296d4                embedded_pairing::core::BigInt<384>::subtract(embedded_pairing::core::BigInt<384> const&, embedded_pairing::core::BigInt<384> const&)
 *fill*         0x0000000000029726        0x2 
 .text._ZN16embedded_pairing4core2FpILi384EL_ZNS_9bls12_38114fq_modulus_varEEL_ZNS2_8fq_R_varEEL_ZNS2_9fq_R2_varEEL_ZNS2_10fq_inv_varEEE8subtractERKS3_S5_
                0x0000000000029728       0x1c ./libpairing.a(bls12_381.o)
                0x0000000000029728                embedded_pairing::core::Fp<384, embedded_pairing::bls12_381::fq_modulus_var, embedded_pairing::bls12_381::fq_R_var, embedded_pairing::bls12_381::fq_R2_var, embedded_pairing::bls12_381::fq_inv_var>::subtract(embedded_pairing::core::Fp<384, embedded_pairing::bls12_381::fq_modulus_var, embedded_pairing::bls12_381::fq_R_var, embedded_pairing::bls12_381::fq_R2_var, embedded_pairing::bls12_381::fq_inv_var> const&, embedded_pairing::core::Fp<384, embedded_pairing::bls12_381::fq_modulus_var, embedded_pairing::bls12_381::fq_R_var, embedded_pairing::bls12_381::fq_R2_var, embedded_pairing::bls12_381::fq_inv_var> const&)
 .text._ZN16embedded_pairing9bls12_38110ProjectiveINS0_2FqEE4copyERKS3_
                0x0000000000029744        0xc ./libpairing.a(bls12_381.o)
                0x0000000000029744                embedded_pairing::bls12_381::Projective<embedded_pairing::bls12_381::Fq>::copy(embedded_pairing::bls12_381::Projective<embedded_pairing::bls12_381::Fq> const&)
 .text._ZN16embedded_pairing4core2FpILi384EL_ZNS_9bls12_38114fq_modulus_varEEL_ZNS2_8fq_R_varEEL_ZNS2_9fq_R2_varEEL_ZNS2_10fq_inv_varEEE9multiply2ERKS3_
                0x0000000000029750       0x40 ./libpairing.a(bls12_381.o)
                0x0000000000029750                embedded_pairing::core::Fp<384, embedded_pairing::bls12_381::fq_modulus_var, embedded_pairing::bls12_381::fq_R_var, embedded_pairing::bls12_381::fq_R2_var, embedded_pairing::bls12_381::fq_inv_var>::multiply2(embedded_pairing::core::Fp<384, embedded_pairing::bls12_381::fq_modulus_var, embedded_pairing::bls12_381::fq_R_var, embedded_pairing::bls12_381::fq_R2_var, embedded_pairing::bls12_381::fq_inv_var> const&)
 .text._ZNK16embedded_pairing4core6BigIntILi384EE7is_zeroEv
                0x0000000000029790       0x16 ./libpairing.a(bls12_381.o)
                0x0000000000029790                embedded_pairing::core::BigInt<384>::is_zero() const
 .text._ZN16embedded_pairing4core6BigIntILi384EE4copyILi384EEEvRKNS1_IXT_EEE
                0x00000000000297a6        0x6 ./libpairing.a(bls12_381.o)
                0x00000000000297a6                void embedded_pairing::core::BigInt<384>::copy<384>(embedded_pairing::core::BigInt<384> const&)
 .text._ZN16embedded_pairing4core6BigIntILi384EE5equalERKS2_S4_
                0x00000000000297ac       0x10 ./libpairing.a(bls12_381.o)
                0x00000000000297ac                embedded_pairing::core::BigInt<384>::equal(embedded_pairing::core::BigInt<384> const&, embedded_pairing::core::BigInt<384> const&)
 .text._ZN16embedded_pairing4core6FpBaseILi384EE3addERKS2_S4_RKNS0_6BigIntILi384EEE
                0x00000000000297bc       0x26 ./libpairing.a(bls12_381.o)
                0x00000000000297bc                embedded_pairing::core::FpBase<384>::add(embedded_pairing::core::FpBase<384> const&, embedded_pairing::core::FpBase<384> const&, embedded_pairing::core::BigInt<384> const&)
 .text._ZN16embedded_pairing4core6FpBaseILi384EE6negateERKS2_RKNS0_6BigIntILi384EEE
                0x00000000000297e2       0x28 ./libpairing.a(bls12_381.o)
                0x00000000000297e2                embedded_pairing::core::FpBase<384>::negate(embedded_pairing::core::FpBase<384> const&, embedded_pairing::core::BigInt<384> const&)
 .text._ZN16embedded_pairing4core6FpBaseILi384EE17montgomery_reduceERNS0_6BigIntILi768EEERKNS3_ILi384EEEm
                0x000000000002980a       0xaa ./libpairing.a(bls12_381.o)
                0x000000000002980a                embedded_pairing::core::FpBase<384>::montgomery_reduce(embedded_pairing::core::BigInt<768>&, embedded_pairing::core::BigInt<384> const&, unsigned long)
 .text._ZN16embedded_pairing4core2FpILi384EL_ZNS_9bls12_38114fq_modulus_varEEL_ZNS2_8fq_R_varEEL_ZNS2_9fq_R2_varEEL_ZNS2_10fq_inv_varEEE6squareERKS3_
                0x00000000000298b4       0xe8 ./libpairing.a(bls12_381.o)
                0x00000000000298b4                embedded_pairing::core::Fp<384, embedded_pairing::bls12_381::fq_modulus_var, embedded_pairing::bls12_381::fq_R_var, embedded_pairing::bls12_381::fq_R2_var, embedded_pairing::bls12_381::fq_inv_var>::square(embedded_pairing::core::Fp<384, embedded_pairing::bls12_381::fq_modulus_var, embedded_pairing::bls12_381::fq_R_var, embedded_pairing::bls12_381::fq_R2_var, embedded_pairing::bls12_381::fq_inv_var> const&)
 .text._ZN16embedded_pairing4core2FpILi384EL_ZNS_9bls12_38114fq_modulus_varEEL_ZNS2_8fq_R_varEEL_ZNS2_9fq_R2_varEEL_ZNS2_10fq_inv_varEEE8multiplyERKS3_S5_
                0x000000000002999c       0x88 ./libpairing.a(bls12_381.o)
                0x000000000002999c                embedded_pairing::core::Fp<384, embedded_pairing::bls12_381::fq_modulus_var, embedded_pairing::bls12_381::fq_R_var, embedded_pairing::bls12_381::fq_R2_var, embedded_pairing::bls12_381::fq_inv_var>::multiply(embedded_pairing::core::Fp<384, embedded_pairing::bls12_381::fq_modulus_var, embedded_pairing::bls12_381::fq_R_var, embedded_pairing::bls12_381::fq_R2_var, embedded_pairing::bls12_381::fq_inv_var> const&, embedded_pairing::core::Fp<384, embedded_pairing::bls12_381::fq_modulus_var, embedded_pairing::bls12_381::fq_R_var, embedded_pairing::bls12_381::fq_R2_var, embedded_pairing::bls12_381::fq_inv_var> const&)
 .text._ZN16embedded_pairing9bls12_38110ProjectiveINS0_2FqEE9multiply2ERKS3_
                0x0000000000029a24       0xf0 ./libpairing.a(bls12_381.o)
                0x0000000000029a24                embedded_pairing::bls12_381::Projective<embedded_pairing::bls12_381::Fq>::multiply2(embedded_pairing::bls12_381::Projective<embedded_pairing::bls12_381::Fq> const&)
 .text._ZN16embedded_pairing9bls12_38110ProjectiveINS0_2FqEE3addERKS3_S5_
                0x0000000000029b14      0x17c ./libpairing.a(bls12_381.o)
                0x0000000000029b14                embedded_pairing::bls12_381::Projective<embedded_pairing::bls12_381::Fq>::add(embedded_pairing::bls12_381::Projective<embedded_pairing::bls12_381::Fq> const&, embedded_pairing::bls12_381::Projective<embedded_pairing::bls12_381::Fq> const&)
 .text._ZN16embedded_pairing9bls12_38110ProjectiveINS0_2FqEE5equalERKS3_S5_
                0x0000000000029c90       0x96 ./libpairing.a(bls12_381.o)
                0x0000000000029c90                embedded_pairing::bls12_381::Projective<embedded_pairing::bls12_381::Fq>::equal(embedded_pairing::bls12_381::Projective<embedded_pairing::bls12_381::Fq> const&, embedded_pairing::bls12_381::Projective<embedded_pairing::bls12_381::Fq> const&)
 .text.embedded_pairing_bls12_381_g1_equal
                0x0000000000029d26        0x8 ./libpairing.a(bls12_381.o)
                0x0000000000029d26                embedded_pairing_bls12_381_g1_equal
 *fill*         0x0000000000029d2e        0x2 
 .text.startup._GLOBAL__sub_I_embedded_pairing_bls12_381_group_order
                0x0000000000029d30       0x30 ./libpairing.a(bls12_381.o)
 .text._ZNK16embedded_pairing4core2FpILi384EL_ZNS_9bls12_38114fq_modulus_varEEL_ZNS2_8fq_R_varEEL_ZNS2_9fq_R2_varEEL_ZNS2_10fq_inv_varEEE8legendreEv
                0x0000000000029d60       0xa4 ./libpairing.a(curve.o)
                0x0000000000029d60                embedded_pairing::core::Fp<384, embedded_pairing::bls12_381::fq_modulus_var, embedded_pairing::bls12_381::fq_R_var, embedded_pairing::bls12_381::fq_R2_var, embedded_pairing::bls12_381::fq_inv_var>::legendre() const
 .text._ZN16embedded_pairing9bls12_3816AffineINS0_2FqENS0_2FrEL_ZNS0_14g1_b_coeff_varEEE16get_point_from_xERKS2_bb
                0x0000000000029e04       0x8c ./libpairing.a(curve.o)
                0x0000000000029e04                embedded_pairing::bls12_381::Affine<embedded_pairing::bls12_381::Fq, embedded_pairing::bls12_381::Fr, embedded_pairing::bls12_381::g1_b_coeff_var>::get_point_from_x(embedded_pairing::bls12_381::Fq const&, bool, bool)
 .text._ZN16embedded_pairing9bls12_38110WnafScalarILi128ELj4EE11from_bigintERKNS_4core6BigIntILi128EEE
                0x0000000000029e90      0x108 ./libpairing.a(curve.o)
                0x0000000000029e90                embedded_pairing::bls12_381::WnafScalar<128, 4u>::from_bigint(embedded_pairing::core::BigInt<128> const&)
 .text._ZN16embedded_pairing9bls12_38123sample_random_generatorINS0_2G1ENS0_8G1AffineENS0_2FqEEEvRT_PFvPvjE
                0x0000000000029f98      0x13c ./libpairing.a(curve.o)
                0x0000000000029f98                void embedded_pairing::bls12_381::sample_random_generator<embedded_pairing::bls12_381::G1, embedded_pairing::bls12_381::G1Affine, embedded_pairing::bls12_381::Fq>(embedded_pairing::bls12_381::G1&, void (*)(void*, unsigned int))
 .text._ZN16embedded_pairing9bls12_3812G116random_generatorEPFvPvjE
                0x000000000002a0d4        0x8 ./libpairing.a(curve.o)
                0x000000000002a0d4                embedded_pairing::bls12_381::G1::random_generator(void (*)(void*, unsigned int))
 .text.startup._GLOBAL__sub_I__ZN16embedded_pairing9bls12_38114g1_b_coeff_varE
                0x000000000002a0dc       0x30 ./libpairing.a(curve.o)
 .text._ZN16embedded_pairing9bls12_3812Fq6randomEPFvPvjE
                0x000000000002a10c       0x2c ./libpairing.a(fq.o)
                0x000000000002a10c                embedded_pairing::bls12_381::Fq::random(void (*)(void*, unsigned int))
 .text._ZN16embedded_pairing9bls12_3812Fq11square_rootERKS1_
                0x000000000002a138       0x6c ./libpairing.a(fq.o)
                0x000000000002a138                embedded_pairing::bls12_381::Fq::square_root(embedded_pairing::bls12_381::Fq const&)
 .text.startup._GLOBAL__sub_I__ZNK16embedded_pairing9bls12_3813Fq27is_zeroEv
                0x000000000002a1a4       0x30 ./libpairing.a(fq2.o)
 .text.exit     0x000000000002a1d4       0x20 /opt/gcc-arm-none-eabi-9-2019-q4-major/bin/../lib/gcc/arm-none-eabi/9.2.1/../../../../arm-none-eabi/lib/thumb/v7e-m+fp/hard/libc.a(lib_a-exit.o)
                0x000000000002a1d4                exit
 .text.__libc_init_array
                0x000000000002a1f4       0x48 /opt/gcc-arm-none-eabi-9-2019-q4-major/bin/../lib/gcc/arm-none-eabi/9.2.1/../../../../arm-none-eabi/lib/thumb/v7e-m+fp/hard/libc.a(lib_a-init.o)
                0x000000000002a1f4                __libc_init_array
 .text.memcmp   0x000000000002a23c       0x60 /opt/gcc-arm-none-eabi-9-2019-q4-major/bin/../lib/gcc/arm-none-eabi/9.2.1/../../../../arm-none-eabi/lib/thumb/v7e-m+fp/hard/libc.a(lib_a-memcmp.o)
                0x000000000002a23c                memcmp
 .text          0x000000000002a29c      0x134 /opt/gcc-arm-none-eabi-9-2019-q4-major/bin/../lib/gcc/arm-none-eabi/9.2.1/../../../../arm-none-eabi/lib/thumb/v7e-m+fp/hard/libc.a(lib_a-memcpy.o)
                0x000000000002a29c                memcpy
 .text.memmove  0x000000000002a3d0       0xd8 /opt/gcc-arm-none-eabi-9-2019-q4-major/bin/../lib/gcc/arm-none-eabi/9.2.1/../../../../arm-none-eabi/lib/thumb/v7e-m+fp/hard/libc.a(lib_a-memmove.o)
                0x000000000002a3d0                memmove
 .text.memset   0x000000000002a4a8       0xa0 /opt/gcc-arm-none-eabi-9-2019-q4-major/bin/../lib/gcc/arm-none-eabi/9.2.1/../../../../arm-none-eabi/lib/thumb/v7e-m+fp/hard/libc.a(lib_a-memset.o)
                0x000000000002a4a8                memset
 .text.printf   0x000000000002a548       0x28 /opt/gcc-arm-none-eabi-9-2019-q4-major/bin/../lib/gcc/arm-none-eabi/9.2.1/../../../../arm-none-eabi/lib/thumb/v7e-m+fp/hard/libc.a(lib_a-printf.o)
                0x000000000002a548                printf
 .text.setbuf   0x000000000002a570       0x10 /opt/gcc-arm-none-eabi-9-2019-q4-major/bin/../lib/gcc/arm-none-eabi/9.2.1/../../../../arm-none-eabi/lib/thumb/v7e-m+fp/hard/libc.a(lib_a-setbuf.o)
                0x000000000002a570                setbuf
 .text.setvbuf  0x000000000002a580      0x1a0 /opt/gcc-arm-none-eabi-9-2019-q4-major/bin/../lib/gcc/arm-none-eabi/9.2.1/../../../../arm-none-eabi/lib/thumb/v7e-m+fp/hard/libc.a(lib_a-setvbuf.o)
                0x000000000002a580                setvbuf
 .text.strcpy   0x000000000002a720       0xbc /opt/gcc-arm-none-eabi-9-2019-q4-major/bin/../lib/gcc/arm-none-eabi/9.2.1/../../../../arm-none-eabi/lib/thumb/v7e-m+fp/hard/libc.a(lib_a-strcpy.o)
                0x000000000002a720                strcpy
 *fill*         0x000000000002a7dc       0x24 
 .text          0x000000000002a800       0xdc /opt/gcc-arm-none-eabi-9-2019-q4-major/bin/../lib/gcc/arm-none-eabi/9.2.1/../../../../arm-none-eabi/lib/thumb/v7e-m+fp/hard/libc.a(lib_a-strlen.o)
                0x000000000002a800                strlen
 *fill*         0x000000000002a8dc        0x4 
 .text._vfprintf_r
                0x000000000002a8e0     0x1be0 /opt/gcc-arm-none-eabi-9-2019-q4-major/bin/../lib/gcc/arm-none-eabi/9.2.1/../../../../arm-none-eabi/lib/thumb/v7e-m+fp/hard/libc.a(lib_a-vfprintf.o)
                0x000000000002a8e0                _vfprintf_r
 .text.__sbprintf
                0x000000000002c4c0       0x84 /opt/gcc-arm-none-eabi-9-2019-q4-major/bin/../lib/gcc/arm-none-eabi/9.2.1/../../../../arm-none-eabi/lib/thumb/v7e-m+fp/hard/libc.a(lib_a-vfprintf.o)
 .text.__swsetup_r
                0x000000000002c544       0xd0 /opt/gcc-arm-none-eabi-9-2019-q4-major/bin/../lib/gcc/arm-none-eabi/9.2.1/../../../../arm-none-eabi/lib/thumb/v7e-m+fp/hard/libc.a(lib_a-wsetup.o)
                0x000000000002c544                __swsetup_r
 .text.startup.register_fini
                0x000000000002c614       0x14 /opt/gcc-arm-none-eabi-9-2019-q4-major/bin/../lib/gcc/arm-none-eabi/9.2.1/../../../../arm-none-eabi/lib/thumb/v7e-m+fp/hard/libc.a(lib_a-__call_atexit.o)
 .text.__call_exitprocs
                0x000000000002c628       0xcc /opt/gcc-arm-none-eabi-9-2019-q4-major/bin/../lib/gcc/arm-none-eabi/9.2.1/../../../../arm-none-eabi/lib/thumb/v7e-m+fp/hard/libc.a(lib_a-__call_atexit.o)
                0x000000000002c628                __call_exitprocs
 .text.atexit   0x000000000002c6f4        0xc /opt/gcc-arm-none-eabi-9-2019-q4-major/bin/../lib/gcc/arm-none-eabi/9.2.1/../../../../arm-none-eabi/lib/thumb/v7e-m+fp/hard/libc.a(lib_a-atexit.o)
                0x000000000002c6f4                atexit
 .text.quorem   0x000000000002c700      0x11c /opt/gcc-arm-none-eabi-9-2019-q4-major/bin/../lib/gcc/arm-none-eabi/9.2.1/../../../../arm-none-eabi/lib/thumb/v7e-m+fp/hard/libc.a(lib_a-dtoa.o)
 *fill*         0x000000000002c81c        0x4 
 .text._dtoa_r  0x000000000002c820      0xeec /opt/gcc-arm-none-eabi-9-2019-q4-major/bin/../lib/gcc/arm-none-eabi/9.2.1/../../../../arm-none-eabi/lib/thumb/v7e-m+fp/hard/libc.a(lib_a-dtoa.o)
                0x000000000002c820                _dtoa_r
 .text.__sflush_r
                0x000000000002d70c      0x130 /opt/gcc-arm-none-eabi-9-2019-q4-major/bin/../lib/gcc/arm-none-eabi/9.2.1/../../../../arm-none-eabi/lib/thumb/v7e-m+fp/hard/libc.a(lib_a-fflush.o)
                0x000000000002d70c                __sflush_r
 .text._fflush_r
                0x000000000002d83c       0x5c /opt/gcc-arm-none-eabi-9-2019-q4-major/bin/../lib/gcc/arm-none-eabi/9.2.1/../../../../arm-none-eabi/lib/thumb/v7e-m+fp/hard/libc.a(lib_a-fflush.o)
                0x000000000002d83c                _fflush_r
 .text.std      0x000000000002d898       0x50 /opt/gcc-arm-none-eabi-9-2019-q4-major/bin/../lib/gcc/arm-none-eabi/9.2.1/../../../../arm-none-eabi/lib/thumb/v7e-m+fp/hard/libc.a(lib_a-findfp.o)
 .text._cleanup_r
                0x000000000002d8e8        0xc /opt/gcc-arm-none-eabi-9-2019-q4-major/bin/../lib/gcc/arm-none-eabi/9.2.1/../../../../arm-none-eabi/lib/thumb/v7e-m+fp/hard/libc.a(lib_a-findfp.o)
                0x000000000002d8e8                _cleanup_r
 .text.__sinit  0x000000000002d8f4       0x54 /opt/gcc-arm-none-eabi-9-2019-q4-major/bin/../lib/gcc/arm-none-eabi/9.2.1/../../../../arm-none-eabi/lib/thumb/v7e-m+fp/hard/libc.a(lib_a-findfp.o)
                0x000000000002d8f4                __sinit
 .text.__sfp_lock_acquire
                0x000000000002d948        0xc /opt/gcc-arm-none-eabi-9-2019-q4-major/bin/../lib/gcc/arm-none-eabi/9.2.1/../../../../arm-none-eabi/lib/thumb/v7e-m+fp/hard/libc.a(lib_a-findfp.o)
                0x000000000002d948                __sfp_lock_acquire
 .text.__sfp_lock_release
                0x000000000002d954        0xc /opt/gcc-arm-none-eabi-9-2019-q4-major/bin/../lib/gcc/arm-none-eabi/9.2.1/../../../../arm-none-eabi/lib/thumb/v7e-m+fp/hard/libc.a(lib_a-findfp.o)
                0x000000000002d954                __sfp_lock_release
 .text.__libc_fini_array
                0x000000000002d960       0x2c /opt/gcc-arm-none-eabi-9-2019-q4-major/bin/../lib/gcc/arm-none-eabi/9.2.1/../../../../arm-none-eabi/lib/thumb/v7e-m+fp/hard/libc.a(lib_a-fini.o)
                0x000000000002d960                __libc_fini_array
 .text._malloc_trim_r
                0x000000000002d98c       0xa0 /opt/gcc-arm-none-eabi-9-2019-q4-major/bin/../lib/gcc/arm-none-eabi/9.2.1/../../../../arm-none-eabi/lib/thumb/v7e-m+fp/hard/libc.a(lib_a-freer.o)
                0x000000000002d98c                _malloc_trim_r
 .text._free_r  0x000000000002da2c      0x208 /opt/gcc-arm-none-eabi-9-2019-q4-major/bin/../lib/gcc/arm-none-eabi/9.2.1/../../../../arm-none-eabi/lib/thumb/v7e-m+fp/hard/libc.a(lib_a-freer.o)
                0x000000000002da2c                _free_r
 .text._fwalk_reent
                0x000000000002dc34       0x48 /opt/gcc-arm-none-eabi-9-2019-q4-major/bin/../lib/gcc/arm-none-eabi/9.2.1/../../../../arm-none-eabi/lib/thumb/v7e-m+fp/hard/libc.a(lib_a-fwalk.o)
                0x000000000002dc34                _fwalk_reent
 .text._localeconv_r
                0x000000000002dc7c        0x8 /opt/gcc-arm-none-eabi-9-2019-q4-major/bin/../lib/gcc/arm-none-eabi/9.2.1/../../../../arm-none-eabi/lib/thumb/v7e-m+fp/hard/libc.a(lib_a-localeconv.o)
                0x000000000002dc7c                _localeconv_r
 .text.__retarget_lock_init_recursive
                0x000000000002dc84        0x4 /opt/gcc-arm-none-eabi-9-2019-q4-major/bin/../lib/gcc/arm-none-eabi/9.2.1/../../../../arm-none-eabi/lib/thumb/v7e-m+fp/hard/libc.a(lib_a-lock.o)
                0x000000000002dc84                __retarget_lock_init_recursive
 .text.__retarget_lock_close_recursive
                0x000000000002dc88        0x4 /opt/gcc-arm-none-eabi-9-2019-q4-major/bin/../lib/gcc/arm-none-eabi/9.2.1/../../../../arm-none-eabi/lib/thumb/v7e-m+fp/hard/libc.a(lib_a-lock.o)
                0x000000000002dc88                __retarget_lock_close_recursive
 .text.__retarget_lock_acquire_recursive
                0x000000000002dc8c        0x4 /opt/gcc-arm-none-eabi-9-2019-q4-major/bin/../lib/gcc/arm-none-eabi/9.2.1/../../../../arm-none-eabi/lib/thumb/v7e-m+fp/hard/libc.a(lib_a-lock.o)
                0x000000000002dc8c                __retarget_lock_acquire_recursive
 .text.__retarget_lock_release_recursive
                0x000000000002dc90        0x4 /opt/gcc-arm-none-eabi-9-2019-q4-major/bin/../lib/gcc/arm-none-eabi/9.2.1/../../../../arm-none-eabi/lib/thumb/v7e-m+fp/hard/libc.a(lib_a-lock.o)
                0x000000000002dc90                __retarget_lock_release_recursive
 .text.__swhatbuf_r
                0x000000000002dc94       0x5c /opt/gcc-arm-none-eabi-9-2019-q4-major/bin/../lib/gcc/arm-none-eabi/9.2.1/../../../../arm-none-eabi/lib/thumb/v7e-m+fp/hard/libc.a(lib_a-makebuf.o)
                0x000000000002dc94                __swhatbuf_r
 .text.__smakebuf_r
                0x000000000002dcf0       0x98 /opt/gcc-arm-none-eabi-9-2019-q4-major/bin/../lib/gcc/arm-none-eabi/9.2.1/../../../../arm-none-eabi/lib/thumb/v7e-m+fp/hard/libc.a(lib_a-makebuf.o)
                0x000000000002dcf0                __smakebuf_r
 .text.malloc   0x000000000002dd88       0x10 /opt/gcc-arm-none-eabi-9-2019-q4-major/bin/../lib/gcc/arm-none-eabi/9.2.1/../../../../arm-none-eabi/lib/thumb/v7e-m+fp/hard/libc.a(lib_a-malloc.o)
                0x000000000002dd88                malloc
 .text._malloc_r
                0x000000000002dd98      0x574 /opt/gcc-arm-none-eabi-9-2019-q4-major/bin/../lib/gcc/arm-none-eabi/9.2.1/../../../../arm-none-eabi/lib/thumb/v7e-m+fp/hard/libc.a(lib_a-mallocr.o)
                0x000000000002dd98                _malloc_r
 *fill*         0x000000000002e30c        0x4 
 .text          0x000000000002e310       0xa0 /opt/gcc-arm-none-eabi-9-2019-q4-major/bin/../lib/gcc/arm-none-eabi/9.2.1/../../../../arm-none-eabi/lib/thumb/v7e-m+fp/hard/libc.a(lib_a-memchr.o)
                0x000000000002e310                memchr
 .text.__malloc_lock
                0x000000000002e3b0        0xc /opt/gcc-arm-none-eabi-9-2019-q4-major/bin/../lib/gcc/arm-none-eabi/9.2.1/../../../../arm-none-eabi/lib/thumb/v7e-m+fp/hard/libc.a(lib_a-mlock.o)
                0x000000000002e3b0                __malloc_lock
 .text.__malloc_unlock
                0x000000000002e3bc        0xc /opt/gcc-arm-none-eabi-9-2019-q4-major/bin/../lib/gcc/arm-none-eabi/9.2.1/../../../../arm-none-eabi/lib/thumb/v7e-m+fp/hard/libc.a(lib_a-mlock.o)
                0x000000000002e3bc                __malloc_unlock
 .text._Balloc  0x000000000002e3c8       0x4c /opt/gcc-arm-none-eabi-9-2019-q4-major/bin/../lib/gcc/arm-none-eabi/9.2.1/../../../../arm-none-eabi/lib/thumb/v7e-m+fp/hard/libc.a(lib_a-mprec.o)
                0x000000000002e3c8                _Balloc
 .text._Bfree   0x000000000002e414       0x14 /opt/gcc-arm-none-eabi-9-2019-q4-major/bin/../lib/gcc/arm-none-eabi/9.2.1/../../../../arm-none-eabi/lib/thumb/v7e-m+fp/hard/libc.a(lib_a-mprec.o)
                0x000000000002e414                _Bfree
 .text.__multadd
                0x000000000002e428       0x8c /opt/gcc-arm-none-eabi-9-2019-q4-major/bin/../lib/gcc/arm-none-eabi/9.2.1/../../../../arm-none-eabi/lib/thumb/v7e-m+fp/hard/libc.a(lib_a-mprec.o)
                0x000000000002e428                __multadd
 .text.__hi0bits
                0x000000000002e4b4       0x40 /opt/gcc-arm-none-eabi-9-2019-q4-major/bin/../lib/gcc/arm-none-eabi/9.2.1/../../../../arm-none-eabi/lib/thumb/v7e-m+fp/hard/libc.a(lib_a-mprec.o)
                0x000000000002e4b4                __hi0bits
 .text.__lo0bits
                0x000000000002e4f4       0x60 /opt/gcc-arm-none-eabi-9-2019-q4-major/bin/../lib/gcc/arm-none-eabi/9.2.1/../../../../arm-none-eabi/lib/thumb/v7e-m+fp/hard/libc.a(lib_a-mprec.o)
                0x000000000002e4f4                __lo0bits
 .text.__i2b    0x000000000002e554       0x14 /opt/gcc-arm-none-eabi-9-2019-q4-major/bin/../lib/gcc/arm-none-eabi/9.2.1/../../../../arm-none-eabi/lib/thumb/v7e-m+fp/hard/libc.a(lib_a-mprec.o)
                0x000000000002e554                __i2b
 .text.__multiply
                0x000000000002e568      0x144 /opt/gcc-arm-none-eabi-9-2019-q4-major/bin/../lib/gcc/arm-none-eabi/9.2.1/../../../../arm-none-eabi/lib/thumb/v7e-m+fp/hard/libc.a(lib_a-mprec.o)
                0x000000000002e568                __multiply
 .text.__pow5mult
                0x000000000002e6ac       0xa0 /opt/gcc-arm-none-eabi-9-2019-q4-major/bin/../lib/gcc/arm-none-eabi/9.2.1/../../../../arm-none-eabi/lib/thumb/v7e-m+fp/hard/libc.a(lib_a-mprec.o)
                0x000000000002e6ac                __pow5mult
 .text.__lshift
                0x000000000002e74c       0xd4 /opt/gcc-arm-none-eabi-9-2019-q4-major/bin/../lib/gcc/arm-none-eabi/9.2.1/../../../../arm-none-eabi/lib/thumb/v7e-m+fp/hard/libc.a(lib_a-mprec.o)
                0x000000000002e74c                __lshift
 .text.__mcmp   0x000000000002e820       0x3c /opt/gcc-arm-none-eabi-9-2019-q4-major/bin/../lib/gcc/arm-none-eabi/9.2.1/../../../../arm-none-eabi/lib/thumb/v7e-m+fp/hard/libc.a(lib_a-mprec.o)
                0x000000000002e820                __mcmp
 .text.__mdiff  0x000000000002e85c      0x138 /opt/gcc-arm-none-eabi-9-2019-q4-major/bin/../lib/gcc/arm-none-eabi/9.2.1/../../../../arm-none-eabi/lib/thumb/v7e-m+fp/hard/libc.a(lib_a-mprec.o)
                0x000000000002e85c                __mdiff
 .text.__d2b    0x000000000002e994       0xbc /opt/gcc-arm-none-eabi-9-2019-q4-major/bin/../lib/gcc/arm-none-eabi/9.2.1/../../../../arm-none-eabi/lib/thumb/v7e-m+fp/hard/libc.a(lib_a-mprec.o)
                0x000000000002e994                __d2b
 .text.frexp    0x000000000002ea50       0x6c /opt/gcc-arm-none-eabi-9-2019-q4-major/bin/../lib/gcc/arm-none-eabi/9.2.1/../../../../arm-none-eabi/lib/thumb/v7e-m+fp/hard/libc.a(lib_a-s_frexp.o)
                0x000000000002ea50                frexp
 .text._sbrk_r  0x000000000002eabc       0x24 /opt/gcc-arm-none-eabi-9-2019-q4-major/bin/../lib/gcc/arm-none-eabi/9.2.1/../../../../arm-none-eabi/lib/thumb/v7e-m+fp/hard/libc.a(lib_a-sbrkr.o)
                0x000000000002eabc                _sbrk_r
 .text.__sread  0x000000000002eae0       0x24 /opt/gcc-arm-none-eabi-9-2019-q4-major/bin/../lib/gcc/arm-none-eabi/9.2.1/../../../../arm-none-eabi/lib/thumb/v7e-m+fp/hard/libc.a(lib_a-stdio.o)
                0x000000000002eae0                __sread
 .text.__swrite
                0x000000000002eb04       0x40 /opt/gcc-arm-none-eabi-9-2019-q4-major/bin/../lib/gcc/arm-none-eabi/9.2.1/../../../../arm-none-eabi/lib/thumb/v7e-m+fp/hard/libc.a(lib_a-stdio.o)
                0x000000000002eb04                __swrite
 .text.__sseek  0x000000000002eb44       0x20 /opt/gcc-arm-none-eabi-9-2019-q4-major/bin/../lib/gcc/arm-none-eabi/9.2.1/../../../../arm-none-eabi/lib/thumb/v7e-m+fp/hard/libc.a(lib_a-stdio.o)
                0x000000000002eb44                __sseek
 .text.__sclose
                0x000000000002eb64        0x8 /opt/gcc-arm-none-eabi-9-2019-q4-major/bin/../lib/gcc/arm-none-eabi/9.2.1/../../../../arm-none-eabi/lib/thumb/v7e-m+fp/hard/libc.a(lib_a-stdio.o)
                0x000000000002eb64                __sclose
 .text.strncpy  0x000000000002eb6c       0x68 /opt/gcc-arm-none-eabi-9-2019-q4-major/bin/../lib/gcc/arm-none-eabi/9.2.1/../../../../arm-none-eabi/lib/thumb/v7e-m+fp/hard/libc.a(lib_a-strncpy.o)
                0x000000000002eb6c                strncpy
 .text.__sprint_r.part.0
                0x000000000002ebd4       0x78 /opt/gcc-arm-none-eabi-9-2019-q4-major/bin/../lib/gcc/arm-none-eabi/9.2.1/../../../../arm-none-eabi/lib/thumb/v7e-m+fp/hard/libc.a(lib_a-vfiprintf.o)
 .text.__sprint_r
                0x000000000002ec4c       0x18 /opt/gcc-arm-none-eabi-9-2019-q4-major/bin/../lib/gcc/arm-none-eabi/9.2.1/../../../../arm-none-eabi/lib/thumb/v7e-m+fp/hard/libc.a(lib_a-vfiprintf.o)
                0x000000000002ec4c                __sprint_r
 .text.__register_exitproc
                0x000000000002ec64       0x8c /opt/gcc-arm-none-eabi-9-2019-q4-major/bin/../lib/gcc/arm-none-eabi/9.2.1/../../../../arm-none-eabi/lib/thumb/v7e-m+fp/hard/libc.a(lib_a-__atexit.o)
                0x000000000002ec64                __register_exitproc
 .text._calloc_r
                0x000000000002ecf0       0x60 /opt/gcc-arm-none-eabi-9-2019-q4-major/bin/../lib/gcc/arm-none-eabi/9.2.1/../../../../arm-none-eabi/lib/thumb/v7e-m+fp/hard/libc.a(lib_a-callocr.o)
                0x000000000002ecf0                _calloc_r
 .text._close_r
                0x000000000002ed50       0x24 /opt/gcc-arm-none-eabi-9-2019-q4-major/bin/../lib/gcc/arm-none-eabi/9.2.1/../../../../arm-none-eabi/lib/thumb/v7e-m+fp/hard/libc.a(lib_a-closer.o)
                0x000000000002ed50                _close_r
 .text._fclose_r
                0x000000000002ed74       0xcc /opt/gcc-arm-none-eabi-9-2019-q4-major/bin/../lib/gcc/arm-none-eabi/9.2.1/../../../../arm-none-eabi/lib/thumb/v7e-m+fp/hard/libc.a(lib_a-fclose.o)
                0x000000000002ed74                _fclose_r
 .text.__fputwc
                0x000000000002ee40       0xa8 /opt/gcc-arm-none-eabi-9-2019-q4-major/bin/../lib/gcc/arm-none-eabi/9.2.1/../../../../arm-none-eabi/lib/thumb/v7e-m+fp/hard/libc.a(lib_a-fputwc.o)
                0x000000000002ee40                __fputwc
 .text._fputwc_r
                0x000000000002eee8       0x68 /opt/gcc-arm-none-eabi-9-2019-q4-major/bin/../lib/gcc/arm-none-eabi/9.2.1/../../../../arm-none-eabi/lib/thumb/v7e-m+fp/hard/libc.a(lib_a-fputwc.o)
                0x000000000002eee8                _fputwc_r
 .text._fstat_r
                0x000000000002ef50       0x2c /opt/gcc-arm-none-eabi-9-2019-q4-major/bin/../lib/gcc/arm-none-eabi/9.2.1/../../../../arm-none-eabi/lib/thumb/v7e-m+fp/hard/libc.a(lib_a-fstatr.o)
                0x000000000002ef50                _fstat_r
 .text.__sfvwrite_r
                0x000000000002ef7c      0x2e0 /opt/gcc-arm-none-eabi-9-2019-q4-major/bin/../lib/gcc/arm-none-eabi/9.2.1/../../../../arm-none-eabi/lib/thumb/v7e-m+fp/hard/libc.a(lib_a-fvwrite.o)
                0x000000000002ef7c                __sfvwrite_r
 .text._isatty_r
                0x000000000002f25c       0x24 /opt/gcc-arm-none-eabi-9-2019-q4-major/bin/../lib/gcc/arm-none-eabi/9.2.1/../../../../arm-none-eabi/lib/thumb/v7e-m+fp/hard/libc.a(lib_a-isattyr.o)
                0x000000000002f25c                _isatty_r
 .text.__locale_mb_cur_max
                0x000000000002f280        0xc /opt/gcc-arm-none-eabi-9-2019-q4-major/bin/../lib/gcc/arm-none-eabi/9.2.1/../../../../arm-none-eabi/lib/thumb/v7e-m+fp/hard/libc.a(lib_a-locale.o)
                0x000000000002f280                __locale_mb_cur_max
 .text._lseek_r
                0x000000000002f28c       0x2c /opt/gcc-arm-none-eabi-9-2019-q4-major/bin/../lib/gcc/arm-none-eabi/9.2.1/../../../../arm-none-eabi/lib/thumb/v7e-m+fp/hard/libc.a(lib_a-lseekr.o)
                0x000000000002f28c                _lseek_r
 .text.__ascii_mbtowc
                0x000000000002f2b8       0x2c /opt/gcc-arm-none-eabi-9-2019-q4-major/bin/../lib/gcc/arm-none-eabi/9.2.1/../../../../arm-none-eabi/lib/thumb/v7e-m+fp/hard/libc.a(lib_a-mbtowc_r.o)
                0x000000000002f2b8                __ascii_mbtowc
 .text._read_r  0x000000000002f2e4       0x2c /opt/gcc-arm-none-eabi-9-2019-q4-major/bin/../lib/gcc/arm-none-eabi/9.2.1/../../../../arm-none-eabi/lib/thumb/v7e-m+fp/hard/libc.a(lib_a-readr.o)
                0x000000000002f2e4                _read_r
 .text._realloc_r
                0x000000000002f310      0x3e0 /opt/gcc-arm-none-eabi-9-2019-q4-major/bin/../lib/gcc/arm-none-eabi/9.2.1/../../../../arm-none-eabi/lib/thumb/v7e-m+fp/hard/libc.a(lib_a-reallocr.o)
                0x000000000002f310                _realloc_r
 .text.__swbuf_r
                0x000000000002f6f0       0xb0 /opt/gcc-arm-none-eabi-9-2019-q4-major/bin/../lib/gcc/arm-none-eabi/9.2.1/../../../../arm-none-eabi/lib/thumb/v7e-m+fp/hard/libc.a(lib_a-wbuf.o)
                0x000000000002f6f0                __swbuf_r
 .text._wcrtomb_r
                0x000000000002f7a0       0x3c /opt/gcc-arm-none-eabi-9-2019-q4-major/bin/../lib/gcc/arm-none-eabi/9.2.1/../../../../arm-none-eabi/lib/thumb/v7e-m+fp/hard/libc.a(lib_a-wcrtomb.o)
                0x000000000002f7a0                _wcrtomb_r
 .text.__ascii_wctomb
                0x000000000002f7dc       0x1c /opt/gcc-arm-none-eabi-9-2019-q4-major/bin/../lib/gcc/arm-none-eabi/9.2.1/../../../../arm-none-eabi/lib/thumb/v7e-m+fp/hard/libc.a(lib_a-wctomb_r.o)
                0x000000000002f7dc                __ascii_wctomb
 .text._close   0x000000000002f7f8       0x10 /opt/gcc-arm-none-eabi-9-2019-q4-major/bin/../lib/gcc/arm-none-eabi/9.2.1/../../../../arm-none-eabi/lib/thumb/v7e-m+fp/hard/libnosys.a(close.o)
                0x000000000002f7f8                _close
 .text._fstat   0x000000000002f808       0x10 /opt/gcc-arm-none-eabi-9-2019-q4-major/bin/../lib/gcc/arm-none-eabi/9.2.1/../../../../arm-none-eabi/lib/thumb/v7e-m+fp/hard/libnosys.a(fstat.o)
                0x000000000002f808                _fstat
 .text._isatty  0x000000000002f818       0x10 /opt/gcc-arm-none-eabi-9-2019-q4-major/bin/../lib/gcc/arm-none-eabi/9.2.1/../../../../arm-none-eabi/lib/thumb/v7e-m+fp/hard/libnosys.a(isatty.o)
                0x000000000002f818                _isatty
 .text._lseek   0x000000000002f828       0x10 /opt/gcc-arm-none-eabi-9-2019-q4-major/bin/../lib/gcc/arm-none-eabi/9.2.1/../../../../arm-none-eabi/lib/thumb/v7e-m+fp/hard/libnosys.a(lseek.o)
                0x000000000002f828                _lseek
 .text._read    0x000000000002f838       0x10 /opt/gcc-arm-none-eabi-9-2019-q4-major/bin/../lib/gcc/arm-none-eabi/9.2.1/../../../../arm-none-eabi/lib/thumb/v7e-m+fp/hard/libnosys.a(read.o)
                0x000000000002f838                _read
 .text._sbrk    0x000000000002f848       0x1c /opt/gcc-arm-none-eabi-9-2019-q4-major/bin/../lib/gcc/arm-none-eabi/9.2.1/../../../../arm-none-eabi/lib/thumb/v7e-m+fp/hard/libnosys.a(sbrk.o)
                0x000000000002f848                _sbrk
 .text._exit    0x000000000002f864        0x4 /opt/gcc-arm-none-eabi-9-2019-q4-major/bin/../lib/gcc/arm-none-eabi/9.2.1/../../../../arm-none-eabi/lib/thumb/v7e-m+fp/hard/libnosys.a(_exit.o)
                0x000000000002f864                _exit
 .text          0x000000000002f868      0x378 /opt/gcc-arm-none-eabi-9-2019-q4-major/bin/../lib/gcc/arm-none-eabi/9.2.1/thumb/v7e-m+fp/hard/libgcc.a(_arm_addsubdf3.o)
                0x000000000002f868                __aeabi_drsub
                0x000000000002f870                __subdf3
                0x000000000002f870                __aeabi_dsub
                0x000000000002f874                __aeabi_dadd
                0x000000000002f874                __adddf3
                0x000000000002faec                __aeabi_ui2d
                0x000000000002faec                __floatunsidf
                0x000000000002fb0c                __floatsidf
                0x000000000002fb0c                __aeabi_i2d
                0x000000000002fb30                __extendsfdf2
                0x000000000002fb30                __aeabi_f2d
                0x000000000002fb74                __aeabi_ul2d
                0x000000000002fb74                __floatundidf
                0x000000000002fb84                __aeabi_l2d
                0x000000000002fb84                __floatdidf
 .text          0x000000000002fbe0      0x424 /opt/gcc-arm-none-eabi-9-2019-q4-major/bin/../lib/gcc/arm-none-eabi/9.2.1/thumb/v7e-m+fp/hard/libgcc.a(_arm_muldivdf3.o)
                0x000000000002fbe0                __aeabi_dmul
                0x000000000002fbe0                __muldf3
                0x000000000002fe34                __aeabi_ddiv
                0x000000000002fe34                __divdf3
 .text          0x0000000000030004      0x110 /opt/gcc-arm-none-eabi-9-2019-q4-major/bin/../lib/gcc/arm-none-eabi/9.2.1/thumb/v7e-m+fp/hard/libgcc.a(_arm_cmpdf2.o)
                0x0000000000030004                __gedf2
                0x0000000000030004                __gtdf2
                0x000000000003000c                __ledf2
                0x000000000003000c                __ltdf2
                0x0000000000030014                __cmpdf2
                0x0000000000030014                __eqdf2
                0x0000000000030014                __nedf2
                0x0000000000030090                __aeabi_cdrcmple
                0x00000000000300a0                __aeabi_cdcmple
                0x00000000000300a0                __aeabi_cdcmpeq
                0x00000000000300b0                __aeabi_dcmpeq
                0x00000000000300c4                __aeabi_dcmplt
                0x00000000000300d8                __aeabi_dcmple
                0x00000000000300ec                __aeabi_dcmpge
                0x0000000000030100                __aeabi_dcmpgt
 .text          0x0000000000030114       0x2c /opt/gcc-arm-none-eabi-9-2019-q4-major/bin/../lib/gcc/arm-none-eabi/9.2.1/thumb/v7e-m+fp/hard/libgcc.a(_arm_unorddf2.o)
                0x0000000000030114                __aeabi_dcmpun
                0x0000000000030114                __unorddf2
 .text          0x0000000000030140       0x50 /opt/gcc-arm-none-eabi-9-2019-q4-major/bin/../lib/gcc/arm-none-eabi/9.2.1/thumb/v7e-m+fp/hard/libgcc.a(_arm_fixdfsi.o)
                0x0000000000030140                __fixdfsi
                0x0000000000030140                __aeabi_d2iz
 .text          0x0000000000030190       0x30 /opt/gcc-arm-none-eabi-9-2019-q4-major/bin/../lib/gcc/arm-none-eabi/9.2.1/thumb/v7e-m+fp/hard/libgcc.a(_aeabi_uldivmod.o)
                0x0000000000030190                __aeabi_uldivmod
 .text          0x00000000000301c0      0x2c4 /opt/gcc-arm-none-eabi-9-2019-q4-major/bin/../lib/gcc/arm-none-eabi/9.2.1/thumb/v7e-m+fp/hard/libgcc.a(_udivmoddi4.o)
                0x00000000000301c0                __udivmoddi4
 .text          0x0000000000030484      0x9b8 /opt/gcc-arm-none-eabi-9-2019-q4-major/bin/../lib/gcc/arm-none-eabi/9.2.1/thumb/v7e-m+fp/hard/libgcc.a(unwind-arm.o)
                0x000000000003072c                _Unwind_GetCFA
                0x0000000000030730                __gnu_Unwind_RaiseException
                0x0000000000030790                __gnu_Unwind_ForcedUnwind
                0x00000000000307a4                __gnu_Unwind_Resume
                0x00000000000307e8                __gnu_Unwind_Resume_or_Rethrow
                0x00000000000307f8                _Unwind_Complete
                0x00000000000307fc                _Unwind_DeleteException
                0x0000000000030808                _Unwind_VRS_Get
                0x0000000000030850                _Unwind_VRS_Set
                0x0000000000030898                __gnu_Unwind_Backtrace
                0x0000000000030bb8                __aeabi_unwind_cpp_pr0
                0x0000000000030bbc                __aeabi_unwind_cpp_pr1
                0x0000000000030bc0                __aeabi_unwind_cpp_pr2
                0x0000000000030bc4                _Unwind_VRS_Pop
 .text          0x0000000000030e3c      0x1ac /opt/gcc-arm-none-eabi-9-2019-q4-major/bin/../lib/gcc/arm-none-eabi/9.2.1/thumb/v7e-m+fp/hard/libgcc.a(libunwind.o)
                0x0000000000030e3c                __restore_core_regs
                0x0000000000030e3c                restore_core_regs
                0x0000000000030e54                __gnu_Unwind_Restore_VFP
                0x0000000000030e5c                __gnu_Unwind_Save_VFP
                0x0000000000030e64                __gnu_Unwind_Restore_VFP_D
                0x0000000000030e6c                __gnu_Unwind_Save_VFP_D
                0x0000000000030e74                __gnu_Unwind_Restore_VFP_D_16_to_31
                0x0000000000030e7c                __gnu_Unwind_Save_VFP_D_16_to_31
                0x0000000000030e84                __gnu_Unwind_Restore_WMMXD
                0x0000000000030ec8                __gnu_Unwind_Save_WMMXD
                0x0000000000030f0c                __gnu_Unwind_Restore_WMMXC
                0x0000000000030f20                __gnu_Unwind_Save_WMMXC
                0x0000000000030f34                _Unwind_RaiseException
                0x0000000000030f34                ___Unwind_RaiseException
                0x0000000000030f58                ___Unwind_Resume
                0x0000000000030f58                _Unwind_Resume
                0x0000000000030f7c                ___Unwind_Resume_or_Rethrow
                0x0000000000030f7c                _Unwind_Resume_or_Rethrow
                0x0000000000030fa0                _Unwind_ForcedUnwind
                0x0000000000030fa0                ___Unwind_ForcedUnwind
                0x0000000000030fc4                _Unwind_Backtrace
                0x0000000000030fc4                ___Unwind_Backtrace
 .text          0x0000000000030fe8      0x340 /opt/gcc-arm-none-eabi-9-2019-q4-major/bin/../lib/gcc/arm-none-eabi/9.2.1/thumb/v7e-m+fp/hard/libgcc.a(pr-support.o)
                0x0000000000031040                __gnu_unwind_execute
                0x00000000000312dc                __gnu_unwind_frame
                0x0000000000031308                _Unwind_GetRegionStart
                0x0000000000031314                _Unwind_GetLanguageSpecificData
 .text          0x0000000000031328        0x4 /opt/gcc-arm-none-eabi-9-2019-q4-major/bin/../lib/gcc/arm-none-eabi/9.2.1/thumb/v7e-m+fp/hard/libgcc.a(_dvmd_tls.o)
                0x0000000000031328                __aeabi_ldiv0
                0x0000000000031328                __aeabi_idiv0
 .text.abort    0x000000000003132c       0x10 /opt/gcc-arm-none-eabi-9-2019-q4-major/bin/../lib/gcc/arm-none-eabi/9.2.1/../../../../arm-none-eabi/lib/thumb/v7e-m+fp/hard/libc.a(lib_a-abort.o)
                0x000000000003132c                abort
 .text._raise_r
                0x000000000003133c       0x58 /opt/gcc-arm-none-eabi-9-2019-q4-major/bin/../lib/gcc/arm-none-eabi/9.2.1/../../../../arm-none-eabi/lib/thumb/v7e-m+fp/hard/libc.a(lib_a-signal.o)
                0x000000000003133c                _raise_r
 .text.raise    0x0000000000031394       0x10 /opt/gcc-arm-none-eabi-9-2019-q4-major/bin/../lib/gcc/arm-none-eabi/9.2.1/../../../../arm-none-eabi/lib/thumb/v7e-m+fp/hard/libc.a(lib_a-signal.o)
                0x0000000000031394                raise
 .text._kill_r  0x00000000000313a4       0x2c /opt/gcc-arm-none-eabi-9-2019-q4-major/bin/../lib/gcc/arm-none-eabi/9.2.1/../../../../arm-none-eabi/lib/thumb/v7e-m+fp/hard/libc.a(lib_a-signalr.o)
                0x00000000000313a4                _kill_r
 .text._getpid_r
                0x00000000000313d0        0x4 /opt/gcc-arm-none-eabi-9-2019-q4-major/bin/../lib/gcc/arm-none-eabi/9.2.1/../../../../arm-none-eabi/lib/thumb/v7e-m+fp/hard/libc.a(lib_a-signalr.o)
                0x00000000000313d0                _getpid_r
 .text._getpid  0x00000000000313d4       0x10 /opt/gcc-arm-none-eabi-9-2019-q4-major/bin/../lib/gcc/arm-none-eabi/9.2.1/../../../../arm-none-eabi/lib/thumb/v7e-m+fp/hard/libnosys.a(getpid.o)
                0x00000000000313d4                _getpid
 .text._kill    0x00000000000313e4       0x10 /opt/gcc-arm-none-eabi-9-2019-q4-major/bin/../lib/gcc/arm-none-eabi/9.2.1/../../../../arm-none-eabi/lib/thumb/v7e-m+fp/hard/libnosys.a(kill.o)
                0x00000000000313e4                _kill
 *(.init)
 .init          0x00000000000313f4        0x4 /opt/gcc-arm-none-eabi-9-2019-q4-major/bin/../lib/gcc/arm-none-eabi/9.2.1/thumb/v7e-m+fp/hard/crti.o
                0x00000000000313f4                _init
 .init          0x00000000000313f8        0x8 /opt/gcc-arm-none-eabi-9-2019-q4-major/bin/../lib/gcc/arm-none-eabi/9.2.1/thumb/v7e-m+fp/hard/crtn.o
 *(.fini)
 .fini          0x0000000000031400        0x4 /opt/gcc-arm-none-eabi-9-2019-q4-major/bin/../lib/gcc/arm-none-eabi/9.2.1/thumb/v7e-m+fp/hard/crti.o
                0x0000000000031400                _fini
 .fini          0x0000000000031404        0x8 /opt/gcc-arm-none-eabi-9-2019-q4-major/bin/../lib/gcc/arm-none-eabi/9.2.1/thumb/v7e-m+fp/hard/crtn.o
 *crtbegin.o(.ctors)
 *crtbegin?.o(.ctors)
 *(EXCLUDE_FILE(*crtend.o *crtend?.o) .ctors)
 *(SORT_BY_NAME(.ctors.*))
 *(.ctors)
 *crtbegin.o(.dtors)
 *crtbegin?.o(.dtors)
 *(EXCLUDE_FILE(*crtend.o *crtend?.o) .dtors)
 *(SORT_BY_NAME(.dtors.*))
 *(.dtors)
 *(.rodata*)
 .rodata.get_xorshift_bytes.str1.1
                0x000000000003140c        0xf _build/main.o
 .rodata.main.str1.1
                0x000000000003141b       0x3d _build/main.o
 *fill*         0x0000000000031458        0x8 
 .rodata.delay_machine_code.8827
                0x0000000000031460        0x6 _build/main.o
 .rodata.app_error_fault_handler.str1.1
                0x0000000000031466       0xb9 _build/better_error_handling.o
 *fill*         0x000000000003151f        0x1 
 .rodata.delay_machine_code.8839
                0x0000000000031520        0x6 _build/better_error_handling.o
 *fill*         0x0000000000031526        0xa 
 .rodata.delay_machine_code.9483
                0x0000000000031530        0x6 _build/app_timer.o
 .rodata.app_util_critical_region_enter.str1.1
                0x0000000000031536       0x4c _build/app_util_platform.o
 .rodata.HardFault_c_handler.str1.1
                0x0000000000031582      0x12e _build/hardfault_implementation.o
 .rodata.str1.1
                0x00000000000316b0      0x4c0 _build/hardfault_implementation.o
 .rodata.cfsr_msgs.9678
                0x0000000000031b70       0x68 _build/hardfault_implementation.o
 .rodata.nrf_balloc_init.str1.1
                0x0000000000031bd8       0x47 _build/nrf_balloc.o
 .rodata.data_length_update.str1.1
                0x0000000000031c1f       0xdf _build/nrf_ble_gatt.o
 .rodata.nrf_ble_gatt_on_ble_evt.str1.1
                0x0000000000031cfe       0x60 _build/nrf_ble_gatt.o
 .rodata.str1.1
                0x0000000000031d5e        0xd _build/nrf_ble_gatt.o
 .rodata.nrf_fprintf_buffer_flush.str1.1
                0x0000000000031d6b       0x3d _build/nrf_fprintf.o
 .rodata.nrf_fprintf_fmt.str1.1
                0x0000000000031da8       0x44 _build/nrf_fprintf_format.o
 .rodata._aV2C.7772
                0x0000000000031dec       0x10 _build/nrf_fprintf_format.o
 .rodata.str1.1
                0x0000000000031dfc        0xd _build/nrf_fstorage.o
 *fill*         0x0000000000031e09        0x7 
 .rodata.delay_machine_code.9759
                0x0000000000031e10        0x6 _build/nrf_log_backend_rtt.o
 *fill*         0x0000000000031e16        0x2 
 .rodata.nrf_log_backend_rtt_api
                0x0000000000031e18        0xc _build/nrf_log_backend_rtt.o
                0x0000000000031e18                nrf_log_backend_rtt_api
 .rodata.nrf_log_default_backends_init.str1.1
                0x0000000000031e24       0x56 _build/nrf_log_default_backends.o
 .rodata.str1.1
                0x0000000000031e7a       0x10 _build/nrf_log_default_backends.o
 .rodata.buf_prealloc.str1.1
                0x0000000000031e8a       0x4e _build/nrf_log_frontend.o
 .rodata.nrf_log_frontend_dequeue.str1.1
                0x0000000000031ed8       0x11 _build/nrf_log_frontend.o
 .rodata.str1.1
                0x0000000000031ee9        0x4 _build/nrf_log_frontend.o
 *fill*         0x0000000000031eed        0x3 
 .rodata.m_log_push_ringbuf
                0x0000000000031ef0        0xc _build/nrf_log_frontend.o
 .rodata.postfix_process.str1.1
                0x0000000000031efc        0x8 _build/nrf_log_str_formatter.o
                                          0xb (size before relaxing)
 .rodata.prefix_process.str1.1
                0x0000000000031f04       0x2a _build/nrf_log_str_formatter.o
 .rodata.nrf_log_hexdump_entry_process.str1.1
                0x0000000000031f2e        0xf _build/nrf_log_str_formatter.o
                                         0x11 (size before relaxing)
 .rodata.str1.1
                0x0000000000031f3d       0x4b _build/nrf_log_str_formatter.o
                                         0x51 (size before relaxing)
 .rodata.m_colors
                0x0000000000031f88       0x24 _build/nrf_log_str_formatter.o
 .rodata.severity_names
                0x0000000000031fac       0x14 _build/nrf_log_str_formatter.o
 .rodata.str1.1
                0x0000000000031fc0        0x9 _build/nrf_pwr_mgmt.o
 .rodata.memobj_op.str1.1
                0x0000000000031fc9       0x47 _build/nrf_memobj.o
 .rodata.nrf_section_iter_init.str1.1
                0x0000000000032010       0x60 _build/nrf_section_iter.o
 .rodata.str1.1
                0x0000000000032070        0x8 _build/nrf_sdh.o
 .rodata.sdh_stack_observers
                0x0000000000032078        0xc _build/nrf_sdh.o
 .rodata.nrf_sdh_ble_evts_poll.part.0.str1.1
                0x0000000000032084       0x49 _build/nrf_sdh_ble.o
 .rodata.str1.1
                0x00000000000320cd        0xc _build/nrf_sdh_ble.o
 *fill*         0x00000000000320d9        0x3 
 .rodata.sdh_ble_observers
                0x00000000000320dc        0xc _build/nrf_sdh_ble.o
 .rodata.str1.1
                0x00000000000320e8      0x3ba _build/nrf_strerror.o
 .rodata.m_unknown_str
                0x00000000000324a2       0x13 _build/nrf_strerror.o
 *fill*         0x00000000000324b5        0x3 
 .rodata.nrf_strerror_array
                0x00000000000324b8      0x128 _build/nrf_strerror.o
 .rodata.nrf_gpio_pin_port_decode.isra.0.part.0.str1.1
                0x00000000000325e0       0x3a _build/nrfx_gpiote.o
 .rodata.nrfx_gpiote_out_init.str1.1
                0x000000000003261a       0x45 _build/nrfx_gpiote.o
 .rodata.str1.1
                0x000000000003265f        0x7 _build/nrfx_gpiote.o
 .rodata.UARTE0_UART0_IRQHandler.str1.1
                0x0000000000032666       0x46 _build/nrfx_prs.o
 .rodata.str1.1
                0x00000000000326ac        0x4 _build/nrfx_prs.o
 .rodata.str1.1
                0x00000000000326b0        0x6 _build/nrfx_saadc.o
 .rodata.str1.1
                0x00000000000326b6        0x6 _build/nrfx_timer.o
 .rodata.SPIM0_SPIS0_TWIM0_TWIS0_SPI0_TWI0_IRQHandler.str1.1
                0x00000000000326bc       0x43 _build/nrfx_twim.o
 .rodata.str1.1
                0x00000000000326ff        0x5 _build/nrfx_twim.o
 .rodata.str1.1
                0x0000000000032704        0x5 _build/nrfx_uart.o
 .rodata.str1.1
                0x0000000000032709        0x6 _build/nrfx_uarte.o
 .rodata.str1.1
                0x000000000003270f        0x6 _build/nrfx_clock.o
 .rodata._DoInit.str1.1
                0x0000000000032715       0x14 _build/SEGGER_RTT.o
 .rodata.on_ble_evt.str1.1
                0x0000000000032729       0x48 _build/simple_ble.o
 .rodata.assert_nrf_callback.str1.1
                0x0000000000032771       0x25 _build/simple_ble.o
 *fill*         0x0000000000032796        0x2 
 .rodata._ZN16embedded_pairing9bls12_38110ProjectiveINS0_2FqEE4zeroE
                0x0000000000032798       0x90 ./libpairing.a(bls12_381.o)
                0x0000000000032798                embedded_pairing::bls12_381::Projective<embedded_pairing::bls12_381::Fq>::zero
 .rodata._ZN16embedded_pairing9bls12_3812Fq3oneE
                0x0000000000032828       0x30 ./libpairing.a(bls12_381.o)
                0x0000000000032828                embedded_pairing::bls12_381::Fq::one
 .rodata._ZN16embedded_pairing4core6BigIntILi384EE3oneE
                0x0000000000032858       0x30 ./libpairing.a(bls12_381.o)
                0x0000000000032858                embedded_pairing::core::BigInt<384>::one
 .rodata._ZN16embedded_pairing9bls12_3818G1Affine8cofactorE
                0x0000000000032888       0x10 ./libpairing.a(curve.o)
                0x0000000000032888                embedded_pairing::bls12_381::G1Affine::cofactor
 .rodata._ZN16embedded_pairing9bls12_38114g1_b_coeff_varE
                0x0000000000032898       0x30 ./libpairing.a(curve.o)
                0x0000000000032898                embedded_pairing::bls12_381::g1_b_coeff_var
 .rodata._ZN16embedded_pairing9bls12_38110fq_inv_varE
                0x00000000000328c8       0x30 ./libpairing.a(fq.o)
                0x00000000000328c8                embedded_pairing::bls12_381::fq_inv_var
 .rodata._ZN16embedded_pairing9bls12_38114fq_modulus_varE
                0x00000000000328f8       0x30 ./libpairing.a(fq.o)
                0x00000000000328f8                embedded_pairing::bls12_381::fq_modulus_var
 .rodata._ZN16embedded_pairing9bls12_3818fq_R_varE
                0x0000000000032928       0x30 ./libpairing.a(fq.o)
                0x0000000000032928                embedded_pairing::bls12_381::fq_R_var
 .rodata._ZN16embedded_pairing9bls12_381L10fq_modulusE
                0x0000000000032958       0x30 ./libpairing.a(fq.o)
 .rodata._ZN16embedded_pairing9bls12_381L29fq_qminusthreeoverfourplusoneE
                0x0000000000032988       0x30 ./libpairing.a(fq.o)
 .rodata._ctype_
                0x00000000000329b8      0x101 /opt/gcc-arm-none-eabi-9-2019-q4-major/bin/../lib/gcc/arm-none-eabi/9.2.1/../../../../arm-none-eabi/lib/thumb/v7e-m+fp/hard/libc.a(lib_a-ctype_.o)
                0x00000000000329b8                _ctype_
 *fill*         0x0000000000032ab9        0x3 
 .rodata._global_impure_ptr
                0x0000000000032abc        0x4 /opt/gcc-arm-none-eabi-9-2019-q4-major/bin/../lib/gcc/arm-none-eabi/9.2.1/../../../../arm-none-eabi/lib/thumb/v7e-m+fp/hard/libc.a(lib_a-impure.o)
                0x0000000000032abc                _global_impure_ptr
 .rodata._vfprintf_r.str1.4
                0x0000000000032ac0       0x42 /opt/gcc-arm-none-eabi-9-2019-q4-major/bin/../lib/gcc/arm-none-eabi/9.2.1/../../../../arm-none-eabi/lib/thumb/v7e-m+fp/hard/libc.a(lib_a-vfprintf.o)
 *fill*         0x0000000000032b02        0x2 
 .rodata.blanks.8723
                0x0000000000032b04       0x10 /opt/gcc-arm-none-eabi-9-2019-q4-major/bin/../lib/gcc/arm-none-eabi/9.2.1/../../../../arm-none-eabi/lib/thumb/v7e-m+fp/hard/libc.a(lib_a-vfprintf.o)
 .rodata.zeroes.8724
                0x0000000000032b14       0x10 /opt/gcc-arm-none-eabi-9-2019-q4-major/bin/../lib/gcc/arm-none-eabi/9.2.1/../../../../arm-none-eabi/lib/thumb/v7e-m+fp/hard/libc.a(lib_a-vfprintf.o)
 .rodata._dtoa_r.str1.4
                0x0000000000032b24        0xd /opt/gcc-arm-none-eabi-9-2019-q4-major/bin/../lib/gcc/arm-none-eabi/9.2.1/../../../../arm-none-eabi/lib/thumb/v7e-m+fp/hard/libc.a(lib_a-dtoa.o)
                                         0x12 (size before relaxing)
 *fill*         0x0000000000032b31        0x7 
 .rodata.__mprec_bigtens
                0x0000000000032b38       0x28 /opt/gcc-arm-none-eabi-9-2019-q4-major/bin/../lib/gcc/arm-none-eabi/9.2.1/../../../../arm-none-eabi/lib/thumb/v7e-m+fp/hard/libc.a(lib_a-mprec.o)
                0x0000000000032b38                __mprec_bigtens
 .rodata.__mprec_tens
                0x0000000000032b60       0xc8 /opt/gcc-arm-none-eabi-9-2019-q4-major/bin/../lib/gcc/arm-none-eabi/9.2.1/../../../../arm-none-eabi/lib/thumb/v7e-m+fp/hard/libc.a(lib_a-mprec.o)
                0x0000000000032b60                __mprec_tens
 .rodata.p05.7478
                0x0000000000032c28        0xc /opt/gcc-arm-none-eabi-9-2019-q4-major/bin/../lib/gcc/arm-none-eabi/9.2.1/../../../../arm-none-eabi/lib/thumb/v7e-m+fp/hard/libc.a(lib_a-mprec.o)
 .rodata._setlocale_r.str1.4
                0x0000000000032c34        0xa /opt/gcc-arm-none-eabi-9-2019-q4-major/bin/../lib/gcc/arm-none-eabi/9.2.1/../../../../arm-none-eabi/lib/thumb/v7e-m+fp/hard/libc.a(lib_a-locale.o)
                                          0xd (size before relaxing)
 *fill*         0x0000000000032c3e        0x2 
 .rodata.str1.4
                0x0000000000032c40        0x2 /opt/gcc-arm-none-eabi-9-2019-q4-major/bin/../lib/gcc/arm-none-eabi/9.2.1/../../../../arm-none-eabi/lib/thumb/v7e-m+fp/hard/libc.a(lib_a-locale.o)
 *(.eh_frame*)
 *fill*         0x0000000000032c42        0x2 
 .eh_frame      0x0000000000032c44        0x0 /opt/gcc-arm-none-eabi-9-2019-q4-major/bin/../lib/gcc/arm-none-eabi/9.2.1/thumb/v7e-m+fp/hard/crtbegin.o
 .eh_frame      0x0000000000032c44        0x4 /opt/gcc-arm-none-eabi-9-2019-q4-major/bin/../lib/gcc/arm-none-eabi/9.2.1/thumb/v7e-m+fp/hard/crtend.o

.glue_7         0x0000000000032c48        0x0
 .glue_7        0x0000000000032c48        0x0 linker stubs

.glue_7t        0x0000000000032c48        0x0
 .glue_7t       0x0000000000032c48        0x0 linker stubs

.vfp11_veneer   0x0000000000032c48        0x0
 .vfp11_veneer  0x0000000000032c48        0x0 linker stubs

.v4_bx          0x0000000000032c48        0x0
 .v4_bx         0x0000000000032c48        0x0 linker stubs

.iplt           0x0000000000032c48        0x0
 .iplt          0x0000000000032c48        0x0 /opt/gcc-arm-none-eabi-9-2019-q4-major/bin/../lib/gcc/arm-none-eabi/9.2.1/thumb/v7e-m+fp/hard/crtbegin.o

.mem_section_dummy_rom

.sdh_soc_observers
                0x0000000000032c48        0x8
                [!provide]                        PROVIDE (__start_sdh_soc_observers = .)
 *(SORT_BY_NAME(.sdh_soc_observers*))
 .sdh_soc_observers1
                0x0000000000032c48        0x8 _build/simple_ble.o
                [!provide]                        PROVIDE (__stop_sdh_soc_observers = .)

.crypto_data    0x0000000000032c50        0x0
                [!provide]                        PROVIDE (__start_crypto_data = .)
 *(SORT_BY_NAME(.crypto_data*))
                [!provide]                        PROVIDE (__stop_crypto_data = .)

.log_const_data
                0x0000000000032c50       0x78
                0x0000000000032c50                PROVIDE (__start_log_const_data = .)
 *(SORT_BY_NAME(.log_const_data*))
 .log_const_data_CLOCK
                0x0000000000032c50        0x8 _build/nrfx_clock.o
                0x0000000000032c50                m_nrf_log_CLOCK_logs_data_const
 .log_const_data_GPIOTE
                0x0000000000032c58        0x8 _build/nrfx_gpiote.o
                0x0000000000032c58                m_nrf_log_GPIOTE_logs_data_const
 .log_const_data_PRS
                0x0000000000032c60        0x8 _build/nrfx_prs.o
                0x0000000000032c60                m_nrf_log_PRS_logs_data_const
 .log_const_data_SAADC
                0x0000000000032c68        0x8 _build/nrfx_saadc.o
                0x0000000000032c68                m_nrf_log_SAADC_logs_data_const
 .log_const_data_TIMER
                0x0000000000032c70        0x8 _build/nrfx_timer.o
                0x0000000000032c70                m_nrf_log_TIMER_logs_data_const
 .log_const_data_TWIM
                0x0000000000032c78        0x8 _build/nrfx_twim.o
                0x0000000000032c78                m_nrf_log_TWIM_logs_data_const
 .log_const_data_UART
                0x0000000000032c80        0x8 _build/nrfx_uart.o
                0x0000000000032c80                m_nrf_log_UART_logs_data_const
 .log_const_data_UARTE
                0x0000000000032c88        0x8 _build/nrfx_uarte.o
                0x0000000000032c88                m_nrf_log_UARTE_logs_data_const
 .log_const_data_app
                0x0000000000032c90        0x8 _build/nrf_log_frontend.o
                0x0000000000032c90                m_nrf_log_app_logs_data_const
 .log_const_data_hardfault
                0x0000000000032c98        0x8 _build/hardfault_implementation.o
                0x0000000000032c98                m_nrf_log_hardfault_logs_data_const
 .log_const_data_nrf_ble_gatt
                0x0000000000032ca0        0x8 _build/nrf_ble_gatt.o
                0x0000000000032ca0                m_nrf_log_nrf_ble_gatt_logs_data_const
 .log_const_data_nrf_fstorage
                0x0000000000032ca8        0x8 _build/nrf_fstorage.o
                0x0000000000032ca8                m_nrf_log_nrf_fstorage_logs_data_const
 .log_const_data_nrf_sdh
                0x0000000000032cb0        0x8 _build/nrf_sdh.o
                0x0000000000032cb0                m_nrf_log_nrf_sdh_logs_data_const
 .log_const_data_nrf_sdh_ble
                0x0000000000032cb8        0x8 _build/nrf_sdh_ble.o
                0x0000000000032cb8                m_nrf_log_nrf_sdh_ble_logs_data_const
 .log_const_data_pwr_mgmt
                0x0000000000032cc0        0x8 _build/nrf_pwr_mgmt.o
                0x0000000000032cc0                m_nrf_log_pwr_mgmt_logs_data_const
                0x0000000000032cc8                PROVIDE (__stop_log_const_data = .)

.nrf_balloc     0x0000000000032cc8       0x14
                [!provide]                        PROVIDE (__start_nrf_balloc = .)
 *(.nrf_balloc)
 .nrf_balloc    0x0000000000032cc8       0x14 _build/nrf_log_frontend.o
                0x0000000000032cc8                log_mempool
                [!provide]                        PROVIDE (__stop_nrf_balloc = .)

.nrf_queue      0x0000000000032cdc        0x0
                [!provide]                        PROVIDE (__start_nrf_queue = .)
 *(.nrf_queue)
                [!provide]                        PROVIDE (__stop_nrf_queue = .)

.sdh_state_observers
                0x0000000000032cdc        0x0
                0x0000000000032cdc                PROVIDE (__start_sdh_state_observers = .)
 *(SORT_BY_NAME(.sdh_state_observers*))
                0x0000000000032cdc                PROVIDE (__stop_sdh_state_observers = .)

.sdh_stack_observers
                0x0000000000032cdc        0x8
                0x0000000000032cdc                PROVIDE (__start_sdh_stack_observers = .)
 *(SORT_BY_NAME(.sdh_stack_observers*))
 .sdh_stack_observers0
                0x0000000000032cdc        0x8 _build/nrf_sdh_ble.o
                0x0000000000032ce4                PROVIDE (__stop_sdh_stack_observers = .)

.sdh_req_observers
                0x0000000000032ce4        0x0
                0x0000000000032ce4                PROVIDE (__start_sdh_req_observers = .)
 *(SORT_BY_NAME(.sdh_req_observers*))
                0x0000000000032ce4                PROVIDE (__stop_sdh_req_observers = .)

.cli_command    0x0000000000032ce4        0x0
                [!provide]                        PROVIDE (__start_cli_command = .)
 *(.cli_command)
                [!provide]                        PROVIDE (__stop_cli_command = .)

.pwr_mgmt_data  0x0000000000032ce4        0x0
                0x0000000000032ce4                PROVIDE (__start_pwr_mgmt_data = .)
 *(SORT_BY_NAME(.pwr_mgmt_data*))
                0x0000000000032ce4                PROVIDE (__stop_pwr_mgmt_data = .)

.sdh_ble_observers
                0x0000000000032ce4       0x28
                0x0000000000032ce4                PROVIDE (__start_sdh_ble_observers = .)
 *(SORT_BY_NAME(.sdh_ble_observers*))
 .sdh_ble_observers1
                0x0000000000032ce4        0x8 _build/ble_conn_params.o
 .sdh_ble_observers1
                0x0000000000032cec       0x10 _build/simple_ble.o
 .sdh_ble_observers2
                0x0000000000032cfc        0x8 _build/simple_ble.o
 .sdh_ble_observers3
                0x0000000000032d04        0x8 _build/simple_ble.o
                0x0000000000032d0c                PROVIDE (__stop_sdh_ble_observers = .)

.dfu_trans      0x0000000000032d0c        0x0
                [!provide]                        PROVIDE (__start_dfu_trans = .)
 *(SORT_BY_NAME(.dfu_trans*))
                [!provide]                        PROVIDE (__stop_dfu_trans = .)

.ARM.extab      0x0000000000032d0c       0x30
 *(.ARM.extab* .gnu.linkonce.armextab.*)
 .ARM.extab.text._ZN16embedded_pairing4core6BigIntILi384EE7compareERKS2_S4_
                0x0000000000032d0c        0x0 ./libpairing.a(bls12_381.o)
 .ARM.extab.text._ZN16embedded_pairing4core6BigIntILi384EE3addERKS2_S4_
                0x0000000000032d0c        0x0 ./libpairing.a(bls12_381.o)
 .ARM.extab.text._ZN16embedded_pairing4core6BigIntILi384EE8subtractERKS2_S4_
                0x0000000000032d0c        0x0 ./libpairing.a(bls12_381.o)
 .ARM.extab.text._ZN16embedded_pairing4core2FpILi384EL_ZNS_9bls12_38114fq_modulus_varEEL_ZNS2_8fq_R_varEEL_ZNS2_9fq_R2_varEEL_ZNS2_10fq_inv_varEEE8subtractERKS3_S5_
                0x0000000000032d0c        0x0 ./libpairing.a(bls12_381.o)
 .ARM.extab.text._ZN16embedded_pairing9bls12_38110ProjectiveINS0_2FqEE4copyERKS3_
                0x0000000000032d0c        0x0 ./libpairing.a(bls12_381.o)
 .ARM.extab.text._ZN16embedded_pairing4core2FpILi384EL_ZNS_9bls12_38114fq_modulus_varEEL_ZNS2_8fq_R_varEEL_ZNS2_9fq_R2_varEEL_ZNS2_10fq_inv_varEEE9multiply2ERKS3_
                0x0000000000032d0c        0x0 ./libpairing.a(bls12_381.o)
 .ARM.extab.text._ZNK16embedded_pairing4core6BigIntILi384EE7is_zeroEv
                0x0000000000032d0c        0x0 ./libpairing.a(bls12_381.o)
 .ARM.extab.text._ZN16embedded_pairing4core6BigIntILi384EE4copyILi384EEEvRKNS1_IXT_EEE
                0x0000000000032d0c        0x0 ./libpairing.a(bls12_381.o)
 .ARM.extab.text._ZN16embedded_pairing4core6BigIntILi384EE5equalERKS2_S4_
                0x0000000000032d0c        0x0 ./libpairing.a(bls12_381.o)
 .ARM.extab.text._ZN16embedded_pairing4core6FpBaseILi384EE3addERKS2_S4_RKNS0_6BigIntILi384EEE
                0x0000000000032d0c        0x0 ./libpairing.a(bls12_381.o)
 .ARM.extab.text._ZN16embedded_pairing4core6FpBaseILi384EE6negateERKS2_RKNS0_6BigIntILi384EEE
                0x0000000000032d0c        0x0 ./libpairing.a(bls12_381.o)
 .ARM.extab.text._ZN16embedded_pairing4core6FpBaseILi384EE17montgomery_reduceERNS0_6BigIntILi768EEERKNS3_ILi384EEEm
                0x0000000000032d0c        0x0 ./libpairing.a(bls12_381.o)
 .ARM.extab.text._ZN16embedded_pairing4core2FpILi384EL_ZNS_9bls12_38114fq_modulus_varEEL_ZNS2_8fq_R_varEEL_ZNS2_9fq_R2_varEEL_ZNS2_10fq_inv_varEEE6squareERKS3_
                0x0000000000032d0c        0x0 ./libpairing.a(bls12_381.o)
 .ARM.extab.text._ZN16embedded_pairing4core2FpILi384EL_ZNS_9bls12_38114fq_modulus_varEEL_ZNS2_8fq_R_varEEL_ZNS2_9fq_R2_varEEL_ZNS2_10fq_inv_varEEE8multiplyERKS3_S5_
                0x0000000000032d0c        0x0 ./libpairing.a(bls12_381.o)
 .ARM.extab.text._ZN16embedded_pairing9bls12_38110ProjectiveINS0_2FqEE9multiply2ERKS3_
                0x0000000000032d0c        0x0 ./libpairing.a(bls12_381.o)
 .ARM.extab.text._ZN16embedded_pairing9bls12_38110ProjectiveINS0_2FqEE3addERKS3_S5_
                0x0000000000032d0c        0x0 ./libpairing.a(bls12_381.o)
 .ARM.extab.text._ZN16embedded_pairing9bls12_38110ProjectiveINS0_2FqEE5equalERKS3_S5_
                0x0000000000032d0c        0x0 ./libpairing.a(bls12_381.o)
 .ARM.extab.text._ZNK16embedded_pairing4core2FpILi384EL_ZNS_9bls12_38114fq_modulus_varEEL_ZNS2_8fq_R_varEEL_ZNS2_9fq_R2_varEEL_ZNS2_10fq_inv_varEEE8legendreEv
                0x0000000000032d0c        0x0 ./libpairing.a(curve.o)
 .ARM.extab.text._ZN16embedded_pairing9bls12_3816AffineINS0_2FqENS0_2FrEL_ZNS0_14g1_b_coeff_varEEE16get_point_from_xERKS2_bb
                0x0000000000032d0c        0x0 ./libpairing.a(curve.o)
 .ARM.extab.text._ZN16embedded_pairing9bls12_38110WnafScalarILi128ELj4EE11from_bigintERKNS_4core6BigIntILi128EEE
                0x0000000000032d0c        0x0 ./libpairing.a(curve.o)
 .ARM.extab.text._ZN16embedded_pairing9bls12_38123sample_random_generatorINS0_2G1ENS0_8G1AffineENS0_2FqEEEvRT_PFvPvjE
                0x0000000000032d0c        0xc ./libpairing.a(curve.o)
 .ARM.extab.text._ZN16embedded_pairing9bls12_3812G116random_generatorEPFvPvjE
                0x0000000000032d18        0xc ./libpairing.a(curve.o)
 .ARM.extab     0x0000000000032d24       0x18 /opt/gcc-arm-none-eabi-9-2019-q4-major/bin/../lib/gcc/arm-none-eabi/9.2.1/thumb/v7e-m+fp/hard/libgcc.a(pr-support.o)
                0x0000000000032d3c                __exidx_start = .

.log_backends   0x0000000000032d3c       0x10
 .log_backends  0x0000000000032d3c       0x10 _build/nrf_log_default_backends.o

.ARM.exidx      0x0000000000032d4c       0xf0
 *(.ARM.exidx* .gnu.linkonce.armexidx.*)
 .ARM.exidx     0x0000000000032d4c        0x8 /opt/gcc-arm-none-eabi-9-2019-q4-major/bin/../lib/gcc/arm-none-eabi/9.2.1/../../../../arm-none-eabi/lib/thumb/v7e-m+fp/hard/crt0.o
 .ARM.exidx.text.embedded_pairing_bls12_381_g1_random
                0x0000000000032d54        0x0 ./libpairing.a(bls12_381.o)
                                          0x8 (size before relaxing)
 .ARM.exidx.text._ZN16embedded_pairing4core6BigIntILi384EE7compareERKS2_S4_
                0x0000000000032d54        0x0 ./libpairing.a(bls12_381.o)
                                          0x8 (size before relaxing)
 .ARM.exidx.text._ZN16embedded_pairing4core6BigIntILi384EE3addERKS2_S4_
                0x0000000000032d54        0x0 ./libpairing.a(bls12_381.o)
                                          0x8 (size before relaxing)
 .ARM.exidx.text._ZN16embedded_pairing4core6BigIntILi384EE8subtractERKS2_S4_
                0x0000000000032d54        0x0 ./libpairing.a(bls12_381.o)
                                          0x8 (size before relaxing)
 .ARM.exidx.text._ZN16embedded_pairing4core2FpILi384EL_ZNS_9bls12_38114fq_modulus_varEEL_ZNS2_8fq_R_varEEL_ZNS2_9fq_R2_varEEL_ZNS2_10fq_inv_varEEE8subtractERKS3_S5_
                0x0000000000032d54        0x0 ./libpairing.a(bls12_381.o)
                                          0x8 (size before relaxing)
 .ARM.exidx.text._ZN16embedded_pairing9bls12_38110ProjectiveINS0_2FqEE4copyERKS3_
                0x0000000000032d54        0x0 ./libpairing.a(bls12_381.o)
                                          0x8 (size before relaxing)
 .ARM.exidx.text._ZN16embedded_pairing4core2FpILi384EL_ZNS_9bls12_38114fq_modulus_varEEL_ZNS2_8fq_R_varEEL_ZNS2_9fq_R2_varEEL_ZNS2_10fq_inv_varEEE9multiply2ERKS3_
                0x0000000000032d54        0x0 ./libpairing.a(bls12_381.o)
                                          0x8 (size before relaxing)
 .ARM.exidx.text._ZNK16embedded_pairing4core6BigIntILi384EE7is_zeroEv
                0x0000000000032d54        0x0 ./libpairing.a(bls12_381.o)
                                          0x8 (size before relaxing)
 .ARM.exidx.text._ZN16embedded_pairing4core6BigIntILi384EE4copyILi384EEEvRKNS1_IXT_EEE
                0x0000000000032d54        0x0 ./libpairing.a(bls12_381.o)
                                          0x8 (size before relaxing)
 .ARM.exidx.text._ZN16embedded_pairing4core6BigIntILi384EE5equalERKS2_S4_
                0x0000000000032d54        0x0 ./libpairing.a(bls12_381.o)
                                          0x8 (size before relaxing)
 .ARM.exidx.text._ZN16embedded_pairing4core6FpBaseILi384EE3addERKS2_S4_RKNS0_6BigIntILi384EEE
                0x0000000000032d54        0x0 ./libpairing.a(bls12_381.o)
                                          0x8 (size before relaxing)
 .ARM.exidx.text._ZN16embedded_pairing4core6FpBaseILi384EE6negateERKS2_RKNS0_6BigIntILi384EEE
                0x0000000000032d54        0x0 ./libpairing.a(bls12_381.o)
                                          0x8 (size before relaxing)
 .ARM.exidx.text._ZN16embedded_pairing4core6FpBaseILi384EE17montgomery_reduceERNS0_6BigIntILi768EEERKNS3_ILi384EEEm
                0x0000000000032d54        0x0 ./libpairing.a(bls12_381.o)
                                          0x8 (size before relaxing)
 .ARM.exidx.text._ZN16embedded_pairing4core2FpILi384EL_ZNS_9bls12_38114fq_modulus_varEEL_ZNS2_8fq_R_varEEL_ZNS2_9fq_R2_varEEL_ZNS2_10fq_inv_varEEE6squareERKS3_
                0x0000000000032d54        0x0 ./libpairing.a(bls12_381.o)
                                          0x8 (size before relaxing)